<html>
<body>
<pre>
<h1>µVision Build Log</h1>
<h2>Tool Versions:</h2>
IDE-Version: µVision V5.29.0.0
Copyright (C) 2019 ARM Ltd and ARM Germany GmbH. All rights reserved.
License Information: Franciszek Kowal, Politechnika Gdañska, LIC=----
 
Tool Versions:
Toolchain:       MDK-Lite  Version: 5.29.0.0
Toolchain Path:  C:\Keil_v5\ARM\ARMCC\Bin
C Compiler:      Armcc.exe V5.06 update 6 (build 750)
Assembler:       Armasm.exe V5.06 update 6 (build 750)
Linker/Locator:  ArmLink.exe V5.06 update 6 (build 750)
Library Manager: ArmAr.exe V5.06 update 6 (build 750)
Hex Converter:   FromElf.exe V5.06 update 6 (build 750)
CPU DLL:         SARMCM3.DLL V5.29.0.0
Dialog DLL:      DARMCM1.DLL V1.19.2.0
Target DLL:      STLink\ST-LINKIII-KEIL_SWO.dll V3.0.7.0
Dialog DLL:      TARMCM1.DLL V1.14.1.0
 
<h2>Project:</h2>
D:\s165144@student.pg.edu.pl\tablicabasen\STM32CubeExpansion_LRWAN_V1.3.1\Projects\STM32L053R8-Nucleo\Applications\LoRa\PingPong\MDK-ARM\Lora.uvprojx
Project File Date:  06/16/2020

<h2>Output:</h2>
*** Using Compiler 'V5.06 update 6 (build 750)', folder: 'C:\Keil_v5\ARM\ARMCC\Bin'
Build target 'sx1276mb1mas'
compiling debug.c...
compiling sx1276mb1mas.c...
compiling sx1276.c...
compiling hw_gpio.c...
compiling hw_rtc.c...
compiling hw_spi.c...
compiling main.c...
compiling stm32l0xx_hal_msp.c...
compiling stm32l0xx_hw.c...
compiling stm32l0xx_it.c...
compiling vcom.c...
compiling low_power_manager.c...
compiling timeServer.c...
compiling utilities.c...
compiling trace.c...
linking...
Program Size: Code=23980 RO-data=624 RW-data=100 ZI-data=2396  
FromELF: creating hex file...
".\sx1276mb1mas\NUCLEO_CUBE_LORA.axf" - 0 Error(s), 0 Warning(s).

<h2>Software Packages used:</h2>

Package Vendor: Keil
                http://www.keil.com/pack/Keil.STM32L0xx_DFP.2.0.1.pack
                Keil.STM32L0xx_DFP.2.0.1
                STMicroelectronics STM32L0 Series Device Support, Drivers and Examples

<h2>Collection of Component include folders:</h2>
  .\RTE\_sx1276mb1mas
  C:\Users\FK\AppData\Local\Arm\Packs\Keil\STM32L0xx_DFP\2.0.1\Drivers\CMSIS\Device\ST\STM32L0xx\Include

<h2>Collection of Component Files used:</h2>
Build Time Elapsed:  00:00:31
</pre>
</body>
</html>
