Component: ARM Compiler 5.06 update 6 (build 750) Tool: armlink [4d35ed]

==============================================================================

Section Cross References

    sx1276.o(i.GetFskBandwidthRegValue) refers to sx1276.o(.constdata) for .constdata
    sx1276.o(i.RxChainCalibration) refers to sx1276.o(i.SX1276Read) for SX1276Read
    sx1276.o(i.RxChainCalibration) refers to sx1276.o(i.SX1276Write) for SX1276Write
    sx1276.o(i.RxChainCalibration) refers to sx1276.o(i.SX1276SetChannel) for SX1276SetChannel
    sx1276.o(i.SX1276BoardInit) refers to sx1276.o(.data) for .data
    sx1276.o(i.SX1276GetStatus) refers to sx1276.o(.bss) for .bss
    sx1276.o(i.SX1276GetTimeOnAir) refers to dfltui.o(.text) for __aeabi_ui2d
    sx1276.o(i.SX1276GetTimeOnAir) refers to sx1276.o(i.SX1276Read) for SX1276Read
    sx1276.o(i.SX1276GetTimeOnAir) refers to dadd.o(.text) for __aeabi_dadd
    sx1276.o(i.SX1276GetTimeOnAir) refers to dscalb.o(.text) for __ARM_scalbn
    sx1276.o(i.SX1276GetTimeOnAir) refers to ddiv.o(.text) for __aeabi_ddiv
    sx1276.o(i.SX1276GetTimeOnAir) refers to dmul.o(.text) for __aeabi_dmul
    sx1276.o(i.SX1276GetTimeOnAir) refers to round.o(i.round) for round
    sx1276.o(i.SX1276GetTimeOnAir) refers to dflti.o(.text) for __aeabi_i2d
    sx1276.o(i.SX1276GetTimeOnAir) refers to ceil.o(i.ceil) for ceil
    sx1276.o(i.SX1276GetTimeOnAir) refers to cdrcmple.o(.text) for __aeabi_cdrcmple
    sx1276.o(i.SX1276GetTimeOnAir) refers to floor.o(i.floor) for floor
    sx1276.o(i.SX1276GetTimeOnAir) refers to dfixui.o(.text) for __aeabi_d2uiz
    sx1276.o(i.SX1276GetTimeOnAir) refers to sx1276.o(.bss) for .bss
    sx1276.o(i.SX1276GetWakeupTime) refers to sx1276.o(.data) for .data
    sx1276.o(i.SX1276Init) refers to timeserver.o(i.TimerInit) for TimerInit
    sx1276.o(i.SX1276Init) refers to sx1276.o(i.SX1276Reset) for SX1276Reset
    sx1276.o(i.SX1276Init) refers to sx1276.o(i.RxChainCalibration) for RxChainCalibration
    sx1276.o(i.SX1276Init) refers to sx1276.o(i.SX1276SetOpMode) for SX1276SetOpMode
    sx1276.o(i.SX1276Init) refers to sx1276.o(i.SX1276SetModem) for SX1276SetModem
    sx1276.o(i.SX1276Init) refers to sx1276.o(i.SX1276Write) for SX1276Write
    sx1276.o(i.SX1276Init) refers to sx1276.o(.data) for .data
    sx1276.o(i.SX1276Init) refers to sx1276.o(i.SX1276OnTimeoutIrq) for SX1276OnTimeoutIrq
    sx1276.o(i.SX1276Init) refers to sx1276.o(.bss) for .bss
    sx1276.o(i.SX1276Init) refers to sx1276.o(.constdata) for .constdata
    sx1276.o(i.SX1276IsChannelFree) refers to sx1276.o(i.SX1276SetModem) for SX1276SetModem
    sx1276.o(i.SX1276IsChannelFree) refers to sx1276.o(i.SX1276SetChannel) for SX1276SetChannel
    sx1276.o(i.SX1276IsChannelFree) refers to sx1276.o(i.SX1276SetOpMode) for SX1276SetOpMode
    sx1276.o(i.SX1276IsChannelFree) refers to stm32l0xx_hal_msp.o(i.HAL_Delay) for HAL_Delay
    sx1276.o(i.SX1276IsChannelFree) refers to timeserver.o(i.TimerGetCurrentTime) for TimerGetCurrentTime
    sx1276.o(i.SX1276IsChannelFree) refers to sx1276.o(i.SX1276ReadRssi) for SX1276ReadRssi
    sx1276.o(i.SX1276IsChannelFree) refers to timeserver.o(i.TimerGetElapsedTime) for TimerGetElapsedTime
    sx1276.o(i.SX1276IsChannelFree) refers to sx1276.o(i.SX1276SetSleep) for SX1276SetSleep
    sx1276.o(i.SX1276IsChannelFree) refers to sx1276.o(.bss) for .bss
    sx1276.o(i.SX1276OnDio0Irq) refers to timeserver.o(i.TimerStop) for TimerStop
    sx1276.o(i.SX1276OnDio0Irq) refers to sx1276.o(i.SX1276Write) for SX1276Write
    sx1276.o(i.SX1276OnDio0Irq) refers to sx1276.o(i.SX1276Read) for SX1276Read
    sx1276.o(i.SX1276OnDio0Irq) refers to timeserver.o(i.TimerStart) for TimerStart
    sx1276.o(i.SX1276OnDio0Irq) refers to sx1276.o(i.SX1276ReadFifo) for SX1276ReadFifo
    sx1276.o(i.SX1276OnDio0Irq) refers to sx1276.o(.bss) for .bss
    sx1276.o(i.SX1276OnDio0Irq) refers to sx1276.o(.data) for .data
    sx1276.o(i.SX1276OnDio1Irq) refers to sx1276.o(i.SX1276WriteFifo) for SX1276WriteFifo
    sx1276.o(i.SX1276OnDio1Irq) refers to timeserver.o(i.TimerStop) for TimerStop
    sx1276.o(i.SX1276OnDio1Irq) refers to sx1276.o(i.SX1276Write) for SX1276Write
    sx1276.o(i.SX1276OnDio1Irq) refers to sx1276.o(i.SX1276Read) for SX1276Read
    sx1276.o(i.SX1276OnDio1Irq) refers to sx1276.o(i.SX1276ReadFifo) for SX1276ReadFifo
    sx1276.o(i.SX1276OnDio1Irq) refers to sx1276.o(.bss) for .bss
    sx1276.o(i.SX1276OnDio1Irq) refers to sx1276.o(.data) for .data
    sx1276.o(i.SX1276OnDio2Irq) refers to sx1276.o(i.SX1276Write) for SX1276Write
    sx1276.o(i.SX1276OnDio2Irq) refers to sx1276.o(i.SX1276Read) for SX1276Read
    sx1276.o(i.SX1276OnDio2Irq) refers to timeserver.o(i.TimerStop) for TimerStop
    sx1276.o(i.SX1276OnDio2Irq) refers to sx1276.o(.bss) for .bss
    sx1276.o(i.SX1276OnDio2Irq) refers to sx1276.o(.data) for .data
    sx1276.o(i.SX1276OnDio3Irq) refers to sx1276.o(i.SX1276Read) for SX1276Read
    sx1276.o(i.SX1276OnDio3Irq) refers to sx1276.o(i.SX1276Write) for SX1276Write
[...]
    HW_GPIO_GetBitPos                        0x080025d1   Thumb Code    42  hw_gpio.o(i.HW_GPIO_GetBitPos)
    i.HW_GPIO_Init                           0x08002608   Section        0  hw_gpio.o(i.HW_GPIO_Init)
    i.HW_GPIO_IrqHandler                     0x0800265c   Section        0  hw_gpio.o(i.HW_GPIO_IrqHandler)
    i.HW_GPIO_SetIrq                         0x08002678   Section        0  hw_gpio.o(i.HW_GPIO_SetIrq)
    i.HW_GPIO_Write                          0x080026b4   Section        0  hw_gpio.o(i.HW_GPIO_Write)
    i.HW_Init                                0x080026c0   Section        0  stm32l0xx_hw.o(i.HW_Init)
    i.HW_RTC_DelayMs                         0x080026f0   Section        0  hw_rtc.o(i.HW_RTC_DelayMs)
    i.HW_RTC_GetCalendarValue                0x08002718   Section        0  hw_rtc.o(i.HW_RTC_GetCalendarValue)
    HW_RTC_GetCalendarValue                  0x08002719   Thumb Code   152  hw_rtc.o(i.HW_RTC_GetCalendarValue)
    i.HW_RTC_GetMinimumTimeout               0x080027cc   Section        0  hw_rtc.o(i.HW_RTC_GetMinimumTimeout)
    i.HW_RTC_GetTimerContext                 0x080027d0   Section        0  hw_rtc.o(i.HW_RTC_GetTimerContext)
    i.HW_RTC_GetTimerElapsedTime             0x080027dc   Section        0  hw_rtc.o(i.HW_RTC_GetTimerElapsedTime)
    i.HW_RTC_GetTimerValue                   0x080027f8   Section        0  hw_rtc.o(i.HW_RTC_GetTimerValue)
    i.HW_RTC_Init                            0x08002808   Section        0  hw_rtc.o(i.HW_RTC_Init)
    i.HW_RTC_IrqHandler                      0x08002834   Section        0  hw_rtc.o(i.HW_RTC_IrqHandler)
    i.HW_RTC_SetAlarm                        0x08002874   Section        0  hw_rtc.o(i.HW_RTC_SetAlarm)
    i.HW_RTC_SetConfig                       0x080028b0   Section        0  hw_rtc.o(i.HW_RTC_SetConfig)
    HW_RTC_SetConfig                         0x080028b1   Thumb Code    82  hw_rtc.o(i.HW_RTC_SetConfig)
    i.HW_RTC_SetTimerContext                 0x08002910   Section        0  hw_rtc.o(i.HW_RTC_SetTimerContext)
    i.HW_RTC_StartWakeUpAlarm                0x08002928   Section        0  hw_rtc.o(i.HW_RTC_StartWakeUpAlarm)
    HW_RTC_StartWakeUpAlarm                  0x08002929   Thumb Code   264  hw_rtc.o(i.HW_RTC_StartWakeUpAlarm)
    i.HW_RTC_StopAlarm                       0x08002a40   Section        0  hw_rtc.o(i.HW_RTC_StopAlarm)
    i.HW_RTC_Tick2ms                         0x08002a6c   Section        0  hw_rtc.o(i.HW_RTC_Tick2ms)
    i.HW_RTC_ms2Tick                         0x08002a80   Section        0  hw_rtc.o(i.HW_RTC_ms2Tick)
    i.HW_SPI_InOut                           0x08002a90   Section        0  hw_spi.o(i.HW_SPI_InOut)
    i.HW_SPI_Init                            0x08002ab0   Section        0  hw_spi.o(i.HW_SPI_Init)
    i.HW_SPI_IoDeInit                        0x08002b34   Section        0  hw_spi.o(i.HW_SPI_IoDeInit)
    i.HW_SPI_IoInit                          0x08002bb0   Section        0  hw_spi.o(i.HW_SPI_IoInit)
    i.HardFault_Handler                      0x08002c10   Section        0  stm32l0xx_it.o(i.HardFault_Handler)
    i.LPM_EnterLowPower                      0x08002c14   Section        0  low_power_manager.o(i.LPM_EnterLowPower)
    i.LPM_EnterOffMode                       0x08002c48   Section        0  low_power_manager.o(i.LPM_EnterOffMode)
    i.LPM_EnterSleepMode                     0x08002c4a   Section        0  stm32l0xx_hw.o(i.LPM_EnterSleepMode)
    i.LPM_EnterStopMode                      0x08002c58   Section        0  stm32l0xx_hw.o(i.LPM_EnterStopMode)
    i.LPM_ExitOffMode                        0x08002c94   Section        0  low_power_manager.o(i.LPM_ExitOffMode)
    i.LPM_ExitSleepMode                      0x08002c96   Section        0  low_power_manager.o(i.LPM_ExitSleepMode)
    i.LPM_ExitStopMode                       0x08002c98   Section        0  stm32l0xx_hw.o(i.LPM_ExitStopMode)
    i.LPM_GetMode                            0x08002cf0   Section        0  low_power_manager.o(i.LPM_GetMode)
    i.LPM_SetOffMode                         0x08002d18   Section        0  low_power_manager.o(i.LPM_SetOffMode)
    i.LPM_SetStopMode                        0x08002d40   Section        0  low_power_manager.o(i.LPM_SetStopMode)
    i.MSP_GetIRQn                            0x08002d68   Section        0  stm32l0xx_hal_msp.o(i.MSP_GetIRQn)
    i.NMI_Handler                            0x08002d98   Section        0  stm32l0xx_it.o(i.NMI_Handler)
    i.OnRxDone                               0x08002d9c   Section        0  main.o(i.OnRxDone)
    i.OnRxError                              0x08002e0c   Section        0  main.o(i.OnRxError)
    i.OnRxTimeout                            0x08002e38   Section        0  main.o(i.OnRxTimeout)
    i.OnSendEvent                            0x08002e68   Section        0  main.o(i.OnSendEvent)
    OnSendEvent                              0x08002e69   Thumb Code    10  main.o(i.OnSendEvent)
    i.OnTxDone                               0x08002e78   Section        0  main.o(i.OnTxDone)
    i.OnTxTimeout                            0x08002ea4   Section        0  main.o(i.OnTxTimeout)
    i.PendSV_Handler                         0x08002ed4   Section        0  stm32l0xx_it.o(i.PendSV_Handler)
    i.RTC_Bcd2ToByte                         0x08002ed6   Section        0  stm32l0xx_hal_rtc.o(i.RTC_Bcd2ToByte)
    i.RTC_ByteToBcd2                         0x08002ee6   Section        0  stm32l0xx_hal_rtc.o(i.RTC_ByteToBcd2)
    i.RTC_EnterInitMode                      0x08002efe   Section        0  stm32l0xx_hal_rtc.o(i.RTC_EnterInitMode)
    i.RTC_IRQHandler                         0x08002f36   Section        0  stm32l0xx_it.o(i.RTC_IRQHandler)
    i.RadioInit                              0x08002f40   Section        0  main.o(i.RadioInit)
    i.RxChainCalibration                     0x08002fd8   Section        0  sx1276.o(i.RxChainCalibration)
    i.SPI_EndRxTxTransaction                 0x0800306c   Section        0  stm32l0xx_hal_spi.o(i.SPI_EndRxTxTransaction)
    SPI_EndRxTxTransaction                   0x0800306d   Thumb Code    66  stm32l0xx_hal_spi.o(i.SPI_EndRxTxTransaction)
    i.SPI_WaitFlagStateUntilTimeout          0x080030ae   Section        0  stm32l0xx_hal_spi.o(i.SPI_WaitFlagStateUntilTimeout)
    SPI_WaitFlagStateUntilTimeout            0x080030af   Thumb Code   140  stm32l0xx_hal_spi.o(i.SPI_WaitFlagStateUntilTimeout)
    i.SVC_Handler                            0x0800313a   Section        0  stm32l0xx_it.o(i.SVC_Handler)
    i.SX1276BoardInit                        0x0800313c   Section        0  sx1276.o(i.SX1276BoardInit)
    i.SX1276CheckRfFrequency                 0x08003148   Section        0  sx1276mb1mas.o(i.SX1276CheckRfFrequency)
    i.SX1276GetStatus                        0x0800314c   Section        0  sx1276.o(i.SX1276GetStatus)
    i.SX1276GetTimeOnAir                     0x08003158   Section        0  sx1276.o(i.SX1276GetTimeOnAir)
    i.SX1276GetWakeTime                      0x0800333c   Section        0  sx1276mb1mas.o(i.SX1276GetWakeTime)
    i.SX1276GetWakeupTime                    0x08003340   Section        0  sx1276.o(i.SX1276GetWakeupTime)
    i.SX1276Init                             0x08003354   Section        0  sx1276.o(i.SX1276Init)
    i.SX1276IoDeInit                         0x080033e0   Section        0  sx1276mb1mas.o(i.SX1276IoDeInit)
    i.SX1276IoInit                           0x0800342c   Section        0  sx1276mb1mas.o(i.SX1276IoInit)
    i.SX1276IoIrqInit                        0x08003488   Section        0  sx1276mb1mas.o(i.SX1276IoIrqInit)
    i.SX1276IsChannelFree                    0x080034c8   Section        0  sx1276.o(i.SX1276IsChannelFree)
    i.SX1276OnDio0Irq                        0x08003528   Section        0  sx1276.o(i.SX1276OnDio0Irq)
    i.SX1276OnDio1Irq                        0x08003768   Section        0  sx1276.o(i.SX1276OnDio1Irq)
    i.SX1276OnDio2Irq                        0x0800383c   Section        0  sx1276.o(i.SX1276OnDio2Irq)
    i.SX1276OnDio3Irq                        0x080038f0   Section        0  sx1276.o(i.SX1276OnDio3Irq)
    i.SX1276OnDio4Irq                        0x08003944   Section        0  sx1276.o(i.SX1276OnDio4Irq)
    i.SX1276OnTimeoutIrq                     0x08003960   Section        0  sx1276.o(i.SX1276OnTimeoutIrq)
    i.SX1276Random                           0x08003a28   Section        0  sx1276.o(i.SX1276Random)
    i.SX1276Read                             0x08003a66   Section        0  sx1276.o(i.SX1276Read)
    i.SX1276ReadBuffer                       0x08003a78   Section        0  sx1276.o(i.SX1276ReadBuffer)
    i.SX1276ReadFifo                         0x08003ab8   Section        0  sx1276.o(i.SX1276ReadFifo)
    i.SX1276ReadRssi                         0x08003ac8   Section        0  sx1276.o(i.SX1276ReadRssi)
    i.SX1276Reset                            0x08003b0c   Section        0  sx1276.o(i.SX1276Reset)
    i.SX1276Send                             0x08003b58   Section        0  sx1276.o(i.SX1276Send)
    i.SX1276SetAntSw                         0x08003c48   Section        0  sx1276mb1mas.o(i.SX1276SetAntSw)
    i.SX1276SetAntSwLowPower                 0x08003c64   Section        0  sx1276mb1mas.o(i.SX1276SetAntSwLowPower)
    i.SX1276SetChannel                       0x08003ca8   Section        0  sx1276.o(i.SX1276SetChannel)
    i.SX1276SetMaxPayloadLength              0x08003cf8   Section        0  sx1276.o(i.SX1276SetMaxPayloadLength)
    i.SX1276SetModem                         0x08003d28   Section        0  sx1276.o(i.SX1276SetModem)
    i.SX1276SetOpMode                        0x08003d9c   Section        0  sx1276.o(i.SX1276SetOpMode)
    i.SX1276SetPublicNetwork                 0x08003df8   Section        0  sx1276.o(i.SX1276SetPublicNetwork)
    i.SX1276SetRfTxPower                     0x08003e1c   Section        0  sx1276mb1mas.o(i.SX1276SetRfTxPower)
    i.SX1276SetRx                            0x08003e60   Section        0  sx1276.o(i.SX1276SetRx)
    i.SX1276SetRxConfig                      0x08004060   Section        0  sx1276.o(i.SX1276SetRxConfig)
    i.SX1276SetSleep                         0x080042e8   Section        0  sx1276.o(i.SX1276SetSleep)
    i.SX1276SetStby                          0x08004324   Section        0  sx1276.o(i.SX1276SetStby)
    i.SX1276SetTx                            0x08004350   Section        0  sx1276.o(i.SX1276SetTx)
    i.SX1276SetTxConfig                      0x08004400   Section        0  sx1276.o(i.SX1276SetTxConfig)
    i.SX1276SetTxContinuousWave              0x080045fc   Section        0  sx1276.o(i.SX1276SetTxContinuousWave)
    i.SX1276SetXO                            0x08004678   Section        0  sx1276mb1mas.o(i.SX1276SetXO)
    i.SX1276StartCad                         0x0800467c   Section        0  sx1276.o(i.SX1276StartCad)
    i.SX1276Write                            0x080046b4   Section        0  sx1276.o(i.SX1276Write)
    i.SX1276WriteBuffer                      0x080046c0   Section        0  sx1276.o(i.SX1276WriteBuffer)
    i.SX1276WriteFifo                        0x08004700   Section        0  sx1276.o(i.SX1276WriteFifo)
    i.SysTick_Handler                        0x0800470e   Section        0  stm32l0xx_it.o(i.SysTick_Handler)
    i.SystemClock_Config                     0x08004718   Section        0  stm32l0xx_hw.o(i.SystemClock_Config)
    i.SystemInit                             0x080047a4   Section        0  system_stm32l0xx.o(i.SystemInit)
    i.TimerGetCurrentTime                    0x080047f8   Section        0  timeserver.o(i.TimerGetCurrentTime)
    i.TimerGetElapsedTime                    0x08004804   Section        0  timeserver.o(i.TimerGetElapsedTime)
    i.TimerInit                              0x08004822   Section        0  timeserver.o(i.TimerInit)
    i.TimerInsertNewHeadTimer                0x08004834   Section        0  timeserver.o(i.TimerInsertNewHeadTimer)
    TimerInsertNewHeadTimer                  0x08004835   Thumb Code    24  timeserver.o(i.TimerInsertNewHeadTimer)
    i.TimerIrqHandler                        0x08004850   Section        0  timeserver.o(i.TimerIrqHandler)
    i.TimerSetTimeout                        0x080048d0   Section        0  timeserver.o(i.TimerSetTimeout)
    TimerSetTimeout                          0x080048d1   Thumb Code    44  timeserver.o(i.TimerSetTimeout)
    i.TimerSetValue                          0x080048fc   Section        0  timeserver.o(i.TimerSetValue)
    i.TimerStart                             0x08004920   Section        0  timeserver.o(i.TimerStart)
    i.TimerStop                              0x08004994   Section        0  timeserver.o(i.TimerStop)
    i.TraceInit                              0x080049f8   Section        0  trace.o(i.TraceInit)
    i.TraceSend                              0x08004a18   Section        0  trace.o(i.TraceSend)
    i.Trace_TxCpltCallback                   0x08004a8c   Section        0  trace.o(i.Trace_TxCpltCallback)
    Trace_TxCpltCallback                     0x08004a8d   Thumb Code    70  trace.o(i.Trace_TxCpltCallback)
    i.UART_AdvFeatureConfig                  0x08004adc   Section        0  stm32l0xx_hal_uart.o(i.UART_AdvFeatureConfig)
    i.UART_CheckIdleState                    0x08004ba8   Section        0  stm32l0xx_hal_uart.o(i.UART_CheckIdleState)
    i.UART_DMAAbortOnError                   0x08004c08   Section        0  stm32l0xx_hal_uart.o(i.UART_DMAAbortOnError)
    UART_DMAAbortOnError                     0x08004c09   Thumb Code    20  stm32l0xx_hal_uart.o(i.UART_DMAAbortOnError)
    i.UART_DMAError                          0x08004c1c   Section        0  stm32l0xx_hal_uart.o(i.UART_DMAError)
    UART_DMAError                            0x08004c1d   Thumb Code    72  stm32l0xx_hal_uart.o(i.UART_DMAError)
    i.UART_DMATransmitCplt                   0x08004c64   Section        0  stm32l0xx_hal_uart.o(i.UART_DMATransmitCplt)
    UART_DMATransmitCplt                     0x08004c65   Thumb Code    48  stm32l0xx_hal_uart.o(i.UART_DMATransmitCplt)
    i.UART_DMATxHalfCplt                     0x08004c94   Section        0  stm32l0xx_hal_uart.o(i.UART_DMATxHalfCplt)
    UART_DMATxHalfCplt                       0x08004c95   Thumb Code    10  stm32l0xx_hal_uart.o(i.UART_DMATxHalfCplt)
    i.UART_EndRxTransfer                     0x08004c9e   Section        0  stm32l0xx_hal_uart.o(i.UART_EndRxTransfer)
    UART_EndRxTransfer                       0x08004c9f   Thumb Code    32  stm32l0xx_hal_uart.o(i.UART_EndRxTransfer)
    i.UART_EndTxTransfer                     0x08004cbe   Section        0  stm32l0xx_hal_uart.o(i.UART_EndTxTransfer)
    UART_EndTxTransfer                       0x08004cbf   Thumb Code    16  stm32l0xx_hal_uart.o(i.UART_EndTxTransfer)
    i.UART_SetConfig                         0x08004cd0   Section        0  stm32l0xx_hal_uart.o(i.UART_SetConfig)
    i.UART_WaitOnFlagUntilTimeout            0x08004ef8   Section        0  stm32l0xx_hal_uart.o(i.UART_WaitOnFlagUntilTimeout)
    i.USART2_IRQHandler                      0x08004f5a   Section        0  stm32l0xx_it.o(i.USART2_IRQHandler)
    i.__0vsnprintf                           0x08004f64   Section        0  printfa.o(i.__0vsnprintf)
    i.__ARM_clz                              0x08004f90   Section        0  depilogue.o(i.__ARM_clz)
    i.__ARM_common_switch8                   0x08004fbe   Section        0  sx1276.o(i.__ARM_common_switch8)
    i.__NVIC_SetPriority                     0x08004fd8   Section        0  stm32l0xx_hal_cortex.o(i.__NVIC_SetPriority)
    __NVIC_SetPriority                       0x08004fd9   Thumb Code    60  stm32l0xx_hal_cortex.o(i.__NVIC_SetPriority)
    i.__scatterload_copy                     0x0800501c   Section       14  handlers.o(i.__scatterload_copy)
    i.__scatterload_null                     0x0800502a   Section        2  handlers.o(i.__scatterload_null)
    i.__scatterload_zeroinit                 0x0800502c   Section       14  handlers.o(i.__scatterload_zeroinit)
    i._fp_digits                             0x0800503c   Section        0  printfa.o(i._fp_digits)
    _fp_digits                               0x0800503d   Thumb Code   344  printfa.o(i._fp_digits)
    i._printf_core                           0x080051b0   Section        0  printfa.o(i._printf_core)
    _printf_core                             0x080051b1   Thumb Code  1754  printfa.o(i._printf_core)
    i._printf_post_padding                   0x0800589c   Section        0  printfa.o(i._printf_post_padding)
    _printf_post_padding                     0x0800589d   Thumb Code    32  printfa.o(i._printf_post_padding)
    i._printf_pre_padding                    0x080058bc   Section        0  printfa.o(i._printf_pre_padding)
    _printf_pre_padding                      0x080058bd   Thumb Code    44  printfa.o(i._printf_pre_padding)
    i._snputc                                0x080058e8   Section        0  printfa.o(i._snputc)
    _snputc                                  0x080058e9   Thumb Code    22  printfa.o(i._snputc)
    i.add_elementSize_and_inc_writeIdx       0x080058fe   Section        0  queue.o(i.add_elementSize_and_inc_writeIdx)
    add_elementSize_and_inc_writeIdx         0x080058ff   Thumb Code    48  queue.o(i.add_elementSize_and_inc_writeIdx)
    i.ceil                                   0x08005930   Section        0  ceil.o(i.ceil)
    i.circular_queue_add                     0x080059f8   Section        0  queue.o(i.circular_queue_add)
    i.circular_queue_get                     0x08005ac8   Section        0  queue.o(i.circular_queue_get)
    i.circular_queue_init                    0x08005b02   Section        0  queue.o(i.circular_queue_init)
    i.circular_queue_remove                  0x08005b12   Section        0  queue.o(i.circular_queue_remove)
    i.circular_queue_sense                   0x08005b62   Section        0  queue.o(i.circular_queue_sense)
    i.floor                                  0x08005b74   Section        0  floor.o(i.floor)
    i.main                                   0x08005c3c   Section        0  main.o(i.main)
    i.memcpy1                                0x08005c90   Section        0  utilities.o(i.memcpy1)
    i.queue_copy                             0x08005ca6   Section        0  queue.o(i.queue_copy)
    queue_copy                               0x08005ca7   Thumb Code    22  queue.o(i.queue_copy)
    i.round                                  0x08005cbc   Section        0  round.o(i.round)
    i.vcom_DMA_TX_IRQHandler                 0x08005d58   Section        0  vcom.o(i.vcom_DMA_TX_IRQHandler)
    i.vcom_IRQHandler                        0x08005d68   Section        0  vcom.o(i.vcom_IRQHandler)
    i.vcom_Init                              0x08005d78   Section        0  vcom.o(i.vcom_Init)
    i.vcom_IoDeInit                          0x08005db4   Section        0  vcom.o(i.vcom_IoDeInit)
    i.vcom_IoInit                            0x08005dfc   Section        0  vcom.o(i.vcom_IoInit)
    i.vcom_Trace                             0x08005e58   Section        0  vcom.o(i.vcom_Trace)
    .constdata                               0x08005e6c   Section      224  sx1276.o(.constdata)
    .constdata                               0x08005f4c   Section      116  sx1276mb1mas.o(.constdata)
    .constdata                               0x08005fc0   Section       25  system_stm32l0xx.o(.constdata)
    .constdata                               0x08005fd9   Section        8  system_stm32l0xx.o(.constdata)
    .constdata                               0x08005fe1   Section       24  hw_rtc.o(.constdata)
    DaysInMonth                              0x08005fe1   Data          12  hw_rtc.o(.constdata)
    DaysInMonthLeapYear                      0x08005fed   Data          12  hw_rtc.o(.constdata)
    .data                                    0x20000000   Section       32  sx1276.o(.data)
    RadioEvents                              0x20000000   Data           4  sx1276.o(.data)
    LoRaBoardCallbacks                       0x20000004   Data           4  sx1276.o(.data)
    .data                                    0x20000020   Section       28  sx1276mb1mas.o(.data)
    RadioIsActive                            0x20000020   Data           1  sx1276mb1mas.o(.data)
    BoardCallbacks                           0x20000024   Data          24  sx1276mb1mas.o(.data)
    .data                                    0x2000003c   Section        4  system_stm32l0xx.o(.data)
    .data                                    0x20000040   Section        4  stm32l0xx_hal.o(.data)
    .data                                    0x20000044   Section        4  hw_rtc.o(.data)
    HW_RTC_Initalized                        0x20000044   Data           1  hw_rtc.o(.data)
    McuWakeUpTimeInitialized                 0x20000045   Data           1  hw_rtc.o(.data)
    McuWakeUpTimeCal                         0x20000046   Data           2  hw_rtc.o(.data)
    .data                                    0x20000048   Section        6  main.o(.data)
    .data                                    0x2000004e   Section        2  stm32l0xx_hw.o(.data)
    AdcInitialized                           0x2000004e   Data           1  stm32l0xx_hw.o(.data)
    McuInitialized                           0x2000004f   Data           1  stm32l0xx_hw.o(.data)
    .data                                    0x20000050   Section        4  vcom.o(.data)
    TxCpltCallback                           0x20000050   Data           4  vcom.o(.data)
    .data                                    0x20000054   Section        8  low_power_manager.o(.data)
    StopModeDisable                          0x20000054   Data           4  low_power_manager.o(.data)
    OffModeDisable                           0x20000058   Data           4  low_power_manager.o(.data)
    .data                                    0x2000005c   Section        4  timeserver.o(.data)
    TimerListHead                            0x2000005c   Data           4  timeserver.o(.data)
    .data                                    0x20000060   Section        1  trace.o(.data)
    .bss                                     0x20000064   Section      432  sx1276.o(.bss)
    RxTxBuffer                               0x20000064   Data         256  sx1276.o(.bss)
    .bss                                     0x20000214   Section       64  hw_gpio.o(.bss)
    GpioIrq                                  0x20000214   Data          64  hw_gpio.o(.bss)
    .bss                                     0x20000254   Section      104  hw_rtc.o(.bss)
    RtcHandle                                0x20000254   Data          36  hw_rtc.o(.bss)
    RTC_AlarmStructure                       0x20000278   Data          40  hw_rtc.o(.bss)
    RtcTimerContext                          0x200002a0   Data          28  hw_rtc.o(.bss)
    .bss                                     0x200002bc   Section       88  hw_spi.o(.bss)
    hspi                                     0x200002bc   Data          88  hw_spi.o(.bss)
    .bss                                     0x20000314   Section      116  main.o(.bss)
    timerSend                                0x20000354   Data          24  main.o(.bss)
    RadioEvents                              0x2000036c   Data          28  main.o(.bss)
    .bss                                     0x20000388   Section       92  stm32l0xx_hw.o(.bss)
    hadc                                     0x20000388   Data          92  stm32l0xx_hw.o(.bss)
    .bss                                     0x200003e4   Section      200  vcom.o(.bss)
    hdma_tx                                  0x200003e4   Data          72  vcom.o(.bss)
    UartHandle                               0x2000042c   Data         128  vcom.o(.bss)
    .bss                                     0x200004ac   Section      272  trace.o(.bss)
    MsgTraceQueue                            0x200004ac   Data          16  trace.o(.bss)
    MsgTraceQueueBuff                        0x200004bc   Data         256  trace.o(.bss)
    STACK                                    0x200005c0   Section     1024  startup_stm32l053xx.o(STACK)

    Global Symbols

    Symbol Name                              Value     Ov Type        Size  Object(Section)

    BuildAttributes$$THM_ISAv3M$S$PE$A:L22$X:L11$S22$IEEE1$IW$USESV6$~STKCKD$USESV7$~SHL$OTIME$ROPI$IEEEJ$EBA8$MICROLIB$REQ8$PRES8$EABIv2 0x00000000   Number         0  anon$$obj.o ABSOLUTE
    __ARM_use_no_argv                        0x00000000   Number         0  main.o ABSOLUTE
    __cpp_initialize__aeabi_                  - Undefined Weak Reference
    __cxa_finalize                            - Undefined Weak Reference
    __decompress                              - Undefined Weak Reference
    _clock_init                               - Undefined Weak Reference
    _microlib_exit                            - Undefined Weak Reference
    __Vectors_Size                           0x000000c0   Number         0  startup_stm32l053xx.o ABSOLUTE
    __Vectors                                0x08000000   Data           4  startup_stm32l053xx.o(RESET)
    __Vectors_End                            0x080000c0   Data           0  startup_stm32l053xx.o(RESET)
    __main                                   0x080000c1   Thumb Code     0  entry.o(.ARM.Collect$$$$00000000)
    _main_stk                                0x080000c1   Thumb Code     0  entry2.o(.ARM.Collect$$$$00000001)
    _main_scatterload                        0x080000c5   Thumb Code     0  entry5.o(.ARM.Collect$$$$00000004)
    __main_after_scatterload                 0x080000c9   Thumb Code     0  entry5.o(.ARM.Collect$$$$00000004)
    _main_clock                              0x080000c9   Thumb Code     0  entry7b.o(.ARM.Collect$$$$00000008)
    _main_cpp_init                           0x080000c9   Thumb Code     0  entry8b.o(.ARM.Collect$$$$0000000A)
    _main_init                               0x080000c9   Thumb Code     0  entry9a.o(.ARM.Collect$$$$0000000B)
    __rt_final_cpp                           0x080000d1   Thumb Code     0  entry10a.o(.ARM.Collect$$$$0000000D)
    __rt_final_exit                          0x080000d1   Thumb Code     0  entry11a.o(.ARM.Collect$$$$0000000F)
    Reset_Handler                            0x080000d5   Thumb Code     8  startup_stm32l053xx.o(.text)
    ADC1_COMP_IRQHandler                     0x080000e7   Thumb Code     0  startup_stm32l053xx.o(.text)
    DMA1_Channel1_IRQHandler                 0x080000e7   Thumb Code     0  startup_stm32l053xx.o(.text)
    DMA1_Channel2_3_IRQHandler               0x080000e7   Thumb Code     0  startup_stm32l053xx.o(.text)
    FLASH_IRQHandler                         0x080000e7   Thumb Code     0  startup_stm32l053xx.o(.text)
    I2C1_IRQHandler                          0x080000e7   Thumb Code     0  startup_stm32l053xx.o(.text)
    I2C2_IRQHandler                          0x080000e7   Thumb Code     0  startup_stm32l053xx.o(.text)
    LCD_IRQHandler                           0x080000e7   Thumb Code     0  startup_stm32l053xx.o(.text)
    LPTIM1_IRQHandler                        0x080000e7   Thumb Code     0  startup_stm32l053xx.o(.text)
    PVD_IRQHandler                           0x080000e7   Thumb Code     0  startup_stm32l053xx.o(.text)
    RCC_CRS_IRQHandler                       0x080000e7   Thumb Code     0  startup_stm32l053xx.o(.text)
    RNG_LPUART1_IRQHandler                   0x080000e7   Thumb Code     0  startup_stm32l053xx.o(.text)
    SPI1_IRQHandler                          0x080000e7   Thumb Code     0  startup_stm32l053xx.o(.text)
    SPI2_IRQHandler                          0x080000e7   Thumb Code     0  startup_stm32l053xx.o(.text)
    TIM21_IRQHandler                         0x080000e7   Thumb Code     0  startup_stm32l053xx.o(.text)
    TIM22_IRQHandler                         0x080000e7   Thumb Code     0  startup_stm32l053xx.o(.text)
    TIM2_IRQHandler                          0x080000e7   Thumb Code     0  startup_stm32l053xx.o(.text)
    TIM6_DAC_IRQHandler                      0x080000e7   Thumb Code     0  startup_stm32l053xx.o(.text)
    TSC_IRQHandler                           0x080000e7   Thumb Code     0  startup_stm32l053xx.o(.text)
    USART1_IRQHandler                        0x080000e7   Thumb Code     0  startup_stm32l053xx.o(.text)
    USB_IRQHandler                           0x080000e7   Thumb Code     0  startup_stm32l053xx.o(.text)
    WWDG_IRQHandler                          0x080000e7   Thumb Code     0  startup_stm32l053xx.o(.text)
    __aeabi_uidiv                            0x080000f1   Thumb Code     0  uidiv.o(.text)
    __aeabi_uidivmod                         0x080000f1   Thumb Code    44  uidiv.o(.text)
    __aeabi_uldivmod                         0x0800011d   Thumb Code    96  uldiv.o(.text)
    __aeabi_memcpy                           0x0800017d   Thumb Code    36  memcpya.o(.text)
    __aeabi_memcpy4                          0x0800017d   Thumb Code     0  memcpya.o(.text)
    __aeabi_memcpy8                          0x0800017d   Thumb Code     0  memcpya.o(.text)
    __aeabi_memset                           0x080001a1   Thumb Code    14  memseta.o(.text)
    __aeabi_memset4                          0x080001a1   Thumb Code     0  memseta.o(.text)
    __aeabi_memset8                          0x080001a1   Thumb Code     0  memseta.o(.text)
    __aeabi_memclr                           0x080001af   Thumb Code     4  memseta.o(.text)
    __aeabi_memclr4                          0x080001af   Thumb Code     0  memseta.o(.text)
    __aeabi_memclr8                          0x080001af   Thumb Code     0  memseta.o(.text)
    _memset$wrapper                          0x080001b3   Thumb Code    18  memseta.o(.text)
    __aeabi_dadd                             0x080001c5   Thumb Code   328  dadd.o(.text)
    __aeabi_dsub                             0x0800030d   Thumb Code    12  dadd.o(.text)
    __aeabi_drsub                            0x08000319   Thumb Code    12  dadd.o(.text)
    __aeabi_dmul                             0x08000329   Thumb Code   202  dmul.o(.text)
    __aeabi_ddiv                             0x080003f9   Thumb Code   234  ddiv.o(.text)
    __ARM_scalbn                             0x080004e9   Thumb Code    44  dscalb.o(.text)
    scalbn                                   0x080004e9   Thumb Code     0  dscalb.o(.text)
    __aeabi_i2d                              0x08000515   Thumb Code    34  dflti.o(.text)
    __aeabi_ui2d                             0x0800053d   Thumb Code    24  dfltui.o(.text)
    __aeabi_d2uiz                            0x08000559   Thumb Code    50  dfixui.o(.text)
    __aeabi_cdrcmple                         0x08000595   Thumb Code    38  cdrcmple.o(.text)
    __aeabi_llsl                             0x080005bd   Thumb Code    32  llshl.o(.text)
    _ll_shift_l                              0x080005bd   Thumb Code     0  llshl.o(.text)
    __aeabi_llsr                             0x080005dd   Thumb Code    34  llushr.o(.text)
    _ll_ushift_r                             0x080005dd   Thumb Code     0  llushr.o(.text)
    __aeabi_lasr                             0x080005ff   Thumb Code    38  llsshr.o(.text)
    _ll_sshift_r                             0x080005ff   Thumb Code     0  llsshr.o(.text)
    __I$use$fp                               0x08000625   Thumb Code     0  iusefp.o(.text)
    _double_round                            0x08000625   Thumb Code    26  depilogue.o(.text)
    _double_epilogue                         0x0800063f   Thumb Code   164  depilogue.o(.text)
    _drnd                                    0x080006e5   Thumb Code   114  drnd.o(.text)
    __aeabi_d2ulz                            0x08000761   Thumb Code    54  dfixul.o(.text)
    __aeabi_cdcmpeq                          0x080007a1   Thumb Code     0  cdcmple.o(.text)
    __aeabi_cdcmple                          0x080007a1   Thumb Code    38  cdcmple.o(.text)
    __scatterload                            0x080007c9   Thumb Code    28  init.o(.text)
    __scatterload_rt2                        0x080007c9   Thumb Code     0  init.o(.text)
    DBG_Init                                 0x080008a1   Thumb Code    92  debug.o(i.DBG_Init)
    DMA1_Channel4_5_6_7_IRQHandler           0x08000901   Thumb Code     8  stm32l0xx_it.o(i.DMA1_Channel4_5_6_7_IRQHandler)
    EXTI0_1_IRQHandler                       0x08000935   Thumb Code    16  stm32l0xx_it.o(i.EXTI0_1_IRQHandler)
    EXTI2_3_IRQHandler                       0x08000945   Thumb Code    16  stm32l0xx_it.o(i.EXTI2_3_IRQHandler)
    EXTI4_15_IRQHandler                      0x08000955   Thumb Code    92  stm32l0xx_it.o(i.EXTI4_15_IRQHandler)
    Error_Handler                            0x080009b1   Thumb Code     8  debug.o(i.Error_Handler)
    HAL_ADC_DeInit                           0x080009f5   Thumb Code   164  stm32l0xx_hal_adc.o(i.HAL_ADC_DeInit)
    HAL_ADC_Init                             0x08000aa9   Thumb Code   446  stm32l0xx_hal_adc.o(i.HAL_ADC_Init)
    HAL_ADC_MspDeInit                        0x08000c71   Thumb Code     2  stm32l0xx_hal_adc.o(i.HAL_ADC_MspDeInit)
    HAL_ADC_MspInit                          0x08000c73   Thumb Code     2  stm32l0xx_hal_adc.o(i.HAL_ADC_MspInit)
    HAL_DBGMCU_DisableDBGSleepMode           0x08000c75   Thumb Code    12  stm32l0xx_hal.o(i.HAL_DBGMCU_DisableDBGSleepMode)
    HAL_DBGMCU_DisableDBGStandbyMode         0x08000c85   Thumb Code    12  stm32l0xx_hal.o(i.HAL_DBGMCU_DisableDBGStandbyMode)
    HAL_DBGMCU_DisableDBGStopMode            0x08000c95   Thumb Code    12  stm32l0xx_hal.o(i.HAL_DBGMCU_DisableDBGStopMode)
    HAL_DMA_Abort_IT                         0x08000ca5   Thumb Code    76  stm32l0xx_hal_dma.o(i.HAL_DMA_Abort_IT)
    HAL_DMA_IRQHandler                       0x08000cf1   Thumb Code   168  stm32l0xx_hal_dma.o(i.HAL_DMA_IRQHandler)
    HAL_DMA_Init                             0x08000d99   Thumb Code   132  stm32l0xx_hal_dma.o(i.HAL_DMA_Init)
    HAL_DMA_Start_IT                         0x08000e29   Thumb Code   104  stm32l0xx_hal_dma.o(i.HAL_DMA_Start_IT)
    HAL_Delay                                0x08000e91   Thumb Code    10  stm32l0xx_hal_msp.o(i.HAL_Delay)
    HAL_GPIO_EXTI_Callback                   0x08000e9b   Thumb Code     8  stm32l0xx_hal_msp.o(i.HAL_GPIO_EXTI_Callback)
    HAL_GPIO_EXTI_IRQHandler                 0x08000ea5   Thumb Code    18  stm32l0xx_hal_gpio.o(i.HAL_GPIO_EXTI_IRQHandler)
    HAL_GPIO_Init                            0x08000ebd   Thumb Code   346  stm32l0xx_hal_gpio.o(i.HAL_GPIO_Init)
    HAL_GPIO_WritePin                        0x08001035   Thumb Code    12  stm32l0xx_hal_gpio.o(i.HAL_GPIO_WritePin)
    HAL_GetTick                              0x08001041   Thumb Code     6  stm32l0xx_hal.o(i.HAL_GetTick)
    HAL_IncTick                              0x0800104d   Thumb Code    10  stm32l0xx_hal.o(i.HAL_IncTick)
    HAL_Init                                 0x0800105d   Thumb Code    36  stm32l0xx_hal.o(i.HAL_Init)
    HAL_InitTick                             0x08001085   Thumb Code     4  stm32l0xx_hal_msp.o(i.HAL_InitTick)
    HAL_MspInit                              0x08001089   Thumb Code    36  stm32l0xx_hal_msp.o(i.HAL_MspInit)
    HAL_NVIC_EnableIRQ                       0x080010b5   Thumb Code    18  stm32l0xx_hal_cortex.o(i.HAL_NVIC_EnableIRQ)
    HAL_NVIC_SetPriority                     0x080010cd   Thumb Code     8  stm32l0xx_hal_cortex.o(i.HAL_NVIC_SetPriority)
    HAL_PWREx_EnableFastWakeUp               0x080010d5   Thumb Code    12  stm32l0xx_hal_pwr_ex.o(i.HAL_PWREx_EnableFastWakeUp)
    HAL_PWREx_EnableUltraLowPower            0x080010e5   Thumb Code    12  stm32l0xx_hal_pwr_ex.o(i.HAL_PWREx_EnableUltraLowPower)
    HAL_PWR_DisablePVD                       0x080010f5   Thumb Code    12  stm32l0xx_hal_pwr.o(i.HAL_PWR_DisablePVD)
    HAL_PWR_EnterSLEEPMode                   0x08001105   Thumb Code    40  stm32l0xx_hal_pwr.o(i.HAL_PWR_EnterSLEEPMode)
    HAL_PWR_EnterSTOPMode                    0x08001135   Thumb Code    44  stm32l0xx_hal_pwr.o(i.HAL_PWR_EnterSTOPMode)
    HAL_RCCEx_PeriphCLKConfig                0x08001169   Thumb Code   396  stm32l0xx_hal_rcc_ex.o(i.HAL_RCCEx_PeriphCLKConfig)
    HAL_RCC_ClockConfig                      0x08001301   Thumb Code   344  stm32l0xx_hal_rcc.o(i.HAL_RCC_ClockConfig)
    HAL_RCC_GetPCLK1Freq                     0x0800146d   Thumb Code    20  stm32l0xx_hal_rcc.o(i.HAL_RCC_GetPCLK1Freq)
    HAL_RCC_GetPCLK2Freq                     0x0800148d   Thumb Code    20  stm32l0xx_hal_rcc.o(i.HAL_RCC_GetPCLK2Freq)
    HAL_RCC_GetSysClockFreq                  0x080014ad   Thumb Code   100  stm32l0xx_hal_rcc.o(i.HAL_RCC_GetSysClockFreq)
    HAL_RCC_OscConfig                        0x08001525   Thumb Code  1158  stm32l0xx_hal_rcc.o(i.HAL_RCC_OscConfig)
    HAL_RTCEx_EnableBypassShadow             0x080019ab   Thumb Code    60  stm32l0xx_hal_rtc_ex.o(i.HAL_RTCEx_EnableBypassShadow)
    HAL_RTC_AlarmAEventCallback              0x080019e7   Thumb Code     8  stm32l0xx_hal_msp.o(i.HAL_RTC_AlarmAEventCallback)
    HAL_RTC_DeactivateAlarm                  0x080019ef   Thumb Code   184  stm32l0xx_hal_rtc.o(i.HAL_RTC_DeactivateAlarm)
    HAL_RTC_GetDate                          0x08001aa7   Thumb Code    68  stm32l0xx_hal_rtc.o(i.HAL_RTC_GetDate)
    HAL_RTC_GetTime                          0x08001aed   Thumb Code    88  stm32l0xx_hal_rtc.o(i.HAL_RTC_GetTime)
    HAL_RTC_Init                             0x08001b49   Thumb Code   184  stm32l0xx_hal_rtc.o(i.HAL_RTC_Init)
    HAL_RTC_MspInit                          0x08001c05   Thumb Code   102  stm32l0xx_hal_msp.o(i.HAL_RTC_MspInit)
    HAL_RTC_SetAlarm_IT                      0x08001c71   Thumb Code   390  stm32l0xx_hal_rtc.o(i.HAL_RTC_SetAlarm_IT)
    HAL_RTC_SetDate                          0x08001e01   Thumb Code   190  stm32l0xx_hal_rtc.o(i.HAL_RTC_SetDate)
    HAL_RTC_SetTime                          0x08001ec5   Thumb Code   228  stm32l0xx_hal_rtc.o(i.HAL_RTC_SetTime)
    HAL_RTC_WaitForSynchro                   0x08001fad   Thumb Code    52  stm32l0xx_hal_rtc.o(i.HAL_RTC_WaitForSynchro)
    HAL_SPI_Init                             0x08001fe1   Thumb Code   128  stm32l0xx_hal_spi.o(i.HAL_SPI_Init)
    HAL_SPI_MspInit                          0x08002061   Thumb Code     2  stm32l0xx_hal_spi.o(i.HAL_SPI_MspInit)
    HAL_SPI_TransmitReceive                  0x08002063   Thumb Code   496  stm32l0xx_hal_spi.o(i.HAL_SPI_TransmitReceive)
    HAL_UARTEx_WakeupCallback                0x08002253   Thumb Code     2  stm32l0xx_hal_uart_ex.o(i.HAL_UARTEx_WakeupCallback)
    HAL_UART_ErrorCallback                   0x08002255   Thumb Code     2  stm32l0xx_hal_uart.o(i.HAL_UART_ErrorCallback)
    HAL_UART_IRQHandler                      0x08002259   Thumb Code   310  stm32l0xx_hal_uart.o(i.HAL_UART_IRQHandler)
    HAL_UART_Init                            0x08002395   Thumb Code   106  stm32l0xx_hal_uart.o(i.HAL_UART_Init)
    HAL_UART_MspInit                         0x08002401   Thumb Code   140  vcom.o(i.HAL_UART_MspInit)
    HAL_UART_Transmit_DMA                    0x0800249d   Thumb Code   158  stm32l0xx_hal_uart.o(i.HAL_UART_Transmit_DMA)
    HAL_UART_TxCpltCallback                  0x08002549   Thumb Code     6  vcom.o(i.HAL_UART_TxCpltCallback)
    HAL_UART_TxHalfCpltCallback              0x08002555   Thumb Code     2  stm32l0xx_hal_uart.o(i.HAL_UART_TxHalfCpltCallback)
    HW_AdcDeInit                             0x08002559   Thumb Code    16  stm32l0xx_hw.o(i.HW_AdcDeInit)
    HW_AdcInit                               0x08002571   Thumb Code    78  stm32l0xx_hw.o(i.HW_AdcInit)
    HW_GPIO_Init                             0x08002609   Thumb Code    80  hw_gpio.o(i.HW_GPIO_Init)
    HW_GPIO_IrqHandler                       0x0800265d   Thumb Code    22  hw_gpio.o(i.HW_GPIO_IrqHandler)
    HW_GPIO_SetIrq                           0x08002679   Thumb Code    56  hw_gpio.o(i.HW_GPIO_SetIrq)
    HW_GPIO_Write                            0x080026b5   Thumb Code    10  hw_gpio.o(i.HW_GPIO_Write)
    HW_Init                                  0x080026c1   Thumb Code    38  stm32l0xx_hw.o(i.HW_Init)
    HW_RTC_DelayMs                           0x080026f1   Thumb Code    38  hw_rtc.o(i.HW_RTC_DelayMs)
    HW_RTC_GetMinimumTimeout                 0x080027cd   Thumb Code     4  hw_rtc.o(i.HW_RTC_GetMinimumTimeout)
    HW_RTC_GetTimerContext                   0x080027d1   Thumb Code     6  hw_rtc.o(i.HW_RTC_GetTimerContext)
    HW_RTC_GetTimerElapsedTime               0x080027dd   Thumb Code    22  hw_rtc.o(i.HW_RTC_GetTimerElapsedTime)
    HW_RTC_GetTimerValue                     0x080027f9   Thumb Code    16  hw_rtc.o(i.HW_RTC_GetTimerValue)
    HW_RTC_Init                              0x08002809   Thumb Code    34  hw_rtc.o(i.HW_RTC_Init)
    HW_RTC_IrqHandler                        0x08002835   Thumb Code    54  hw_rtc.o(i.HW_RTC_IrqHandler)
    HW_RTC_SetAlarm                          0x08002875   Thumb Code    56  hw_rtc.o(i.HW_RTC_SetAlarm)
    HW_RTC_SetTimerContext                   0x08002911   Thumb Code    18  hw_rtc.o(i.HW_RTC_SetTimerContext)
    HW_RTC_StopAlarm                         0x08002a41   Thumb Code    36  hw_rtc.o(i.HW_RTC_StopAlarm)
    HW_RTC_Tick2ms                           0x08002a6d   Thumb Code    20  hw_rtc.o(i.HW_RTC_Tick2ms)
    HW_RTC_ms2Tick                           0x08002a81   Thumb Code    16  hw_rtc.o(i.HW_RTC_ms2Tick)
    HW_SPI_InOut                             0x08002a91   Thumb Code    28  hw_spi.o(i.HW_SPI_InOut)
    HW_SPI_Init                              0x08002ab1   Thumb Code   112  hw_spi.o(i.HW_SPI_Init)
    HW_SPI_IoDeInit                          0x08002b35   Thumb Code   118  hw_spi.o(i.HW_SPI_IoDeInit)
    HW_SPI_IoInit                            0x08002bb1   Thumb Code    92  hw_spi.o(i.HW_SPI_IoInit)
    HardFault_Handler                        0x08002c11   Thumb Code     4  stm32l0xx_it.o(i.HardFault_Handler)
    LPM_EnterLowPower                        0x08002c15   Thumb Code    46  low_power_manager.o(i.LPM_EnterLowPower)
    LPM_EnterOffMode                         0x08002c49   Thumb Code     2  low_power_manager.o(i.LPM_EnterOffMode)
    LPM_EnterSleepMode                       0x08002c4b   Thumb Code    12  stm32l0xx_hw.o(i.LPM_EnterSleepMode)
    LPM_EnterStopMode                        0x08002c59   Thumb Code    50  stm32l0xx_hw.o(i.LPM_EnterStopMode)
    LPM_ExitOffMode                          0x08002c95   Thumb Code     2  low_power_manager.o(i.LPM_ExitOffMode)
    LPM_ExitSleepMode                        0x08002c97   Thumb Code     2  low_power_manager.o(i.LPM_ExitSleepMode)
    LPM_ExitStopMode                         0x08002c99   Thumb Code    78  stm32l0xx_hw.o(i.LPM_ExitStopMode)
    LPM_GetMode                              0x08002cf1   Thumb Code    36  low_power_manager.o(i.LPM_GetMode)
    LPM_SetOffMode                           0x08002d19   Thumb Code    34  low_power_manager.o(i.LPM_SetOffMode)
    LPM_SetStopMode                          0x08002d41   Thumb Code    34  low_power_manager.o(i.LPM_SetStopMode)
    MSP_GetIRQn                              0x08002d69   Thumb Code    48  stm32l0xx_hal_msp.o(i.MSP_GetIRQn)
    NMI_Handler                              0x08002d99   Thumb Code     2  stm32l0xx_it.o(i.NMI_Handler)
    OnRxDone                                 0x08002d9d   Thumb Code    56  main.o(i.OnRxDone)
    OnRxError                                0x08002e0d   Thumb Code    22  main.o(i.OnRxError)
    OnRxTimeout                              0x08002e39   Thumb Code    22  main.o(i.OnRxTimeout)
    OnTxDone                                 0x08002e79   Thumb Code    22  main.o(i.OnTxDone)
    OnTxTimeout                              0x08002ea5   Thumb Code    22  main.o(i.OnTxTimeout)
    PendSV_Handler                           0x08002ed5   Thumb Code     2  stm32l0xx_it.o(i.PendSV_Handler)
    RTC_Bcd2ToByte                           0x08002ed7   Thumb Code    16  stm32l0xx_hal_rtc.o(i.RTC_Bcd2ToByte)
    RTC_ByteToBcd2                           0x08002ee7   Thumb Code    24  stm32l0xx_hal_rtc.o(i.RTC_ByteToBcd2)
    RTC_EnterInitMode                        0x08002eff   Thumb Code    56  stm32l0xx_hal_rtc.o(i.RTC_EnterInitMode)
    RTC_IRQHandler                           0x08002f37   Thumb Code     8  stm32l0xx_it.o(i.RTC_IRQHandler)
    RadioInit                                0x08002f41   Thumb Code   116  main.o(i.RadioInit)
    RxChainCalibration                       0x08002fd9   Thumb Code   138  sx1276.o(i.RxChainCalibration)
    SVC_Handler                              0x0800313b   Thumb Code     2  stm32l0xx_it.o(i.SVC_Handler)
    SX1276BoardInit                          0x0800313d   Thumb Code     6  sx1276.o(i.SX1276BoardInit)
    SX1276CheckRfFrequency                   0x08003149   Thumb Code     4  sx1276mb1mas.o(i.SX1276CheckRfFrequency)
    SX1276GetStatus                          0x0800314d   Thumb Code     6  sx1276.o(i.SX1276GetStatus)
    SX1276GetTimeOnAir                       0x08003159   Thumb Code   444  sx1276.o(i.SX1276GetTimeOnAir)
    SX1276GetWakeTime                        0x0800333d   Thumb Code     4  sx1276mb1mas.o(i.SX1276GetWakeTime)
    SX1276GetWakeupTime                      0x08003341   Thumb Code    14  sx1276.o(i.SX1276GetWakeupTime)
    SX1276Init                               0x08003355   Thumb Code   122  sx1276.o(i.SX1276Init)
    SX1276IoDeInit                           0x080033e1   Thumb Code    68  sx1276mb1mas.o(i.SX1276IoDeInit)
    SX1276IoInit                             0x0800342d   Thumb Code    80  sx1276mb1mas.o(i.SX1276IoInit)
    SX1276IoIrqInit                          0x08003489   Thumb Code    60  sx1276mb1mas.o(i.SX1276IoIrqInit)
    SX1276IsChannelFree                      0x080034c9   Thumb Code    90  sx1276.o(i.SX1276IsChannelFree)
    SX1276OnDio0Irq                          0x08003529   Thumb Code   560  sx1276.o(i.SX1276OnDio0Irq)
    SX1276OnDio1Irq                          0x08003769   Thumb Code   204  sx1276.o(i.SX1276OnDio1Irq)
    SX1276OnDio2Irq                          0x0800383d   Thumb Code   166  sx1276.o(i.SX1276OnDio2Irq)
    SX1276OnDio3Irq                          0x080038f1   Thumb Code    76  sx1276.o(i.SX1276OnDio3Irq)
    SX1276OnDio4Irq                          0x08003945   Thumb Code    24  sx1276.o(i.SX1276OnDio4Irq)
    SX1276OnTimeoutIrq                       0x08003961   Thumb Code   188  sx1276.o(i.SX1276OnTimeoutIrq)
    SX1276Random                             0x08003a29   Thumb Code    62  sx1276.o(i.SX1276Random)
    SX1276Read                               0x08003a67   Thumb Code    16  sx1276.o(i.SX1276Read)
    SX1276ReadBuffer                         0x08003a79   Thumb Code    60  sx1276.o(i.SX1276ReadBuffer)
    SX1276ReadFifo                           0x08003ab9   Thumb Code    14  sx1276.o(i.SX1276ReadFifo)
    SX1276ReadRssi                           0x08003ac9   Thumb Code    58  sx1276.o(i.SX1276ReadRssi)
    SX1276Reset                              0x08003b0d   Thumb Code    76  sx1276.o(i.SX1276Reset)
    SX1276Send                               0x08003b59   Thumb Code   230  sx1276.o(i.SX1276Send)
    SX1276SetAntSw                           0x08003c49   Thumb Code    24  sx1276mb1mas.o(i.SX1276SetAntSw)
    SX1276SetAntSwLowPower                   0x08003c65   Thumb Code    60  sx1276mb1mas.o(i.SX1276SetAntSwLowPower)
    SX1276SetChannel                         0x08003ca9   Thumb Code    72  sx1276.o(i.SX1276SetChannel)
    SX1276SetMaxPayloadLength                0x08003cf9   Thumb Code    42  sx1276.o(i.SX1276SetMaxPayloadLength)
    SX1276SetModem                           0x08003d29   Thumb Code   110  sx1276.o(i.SX1276SetModem)
    SX1276SetOpMode                          0x08003d9d   Thumb Code    86  sx1276.o(i.SX1276SetOpMode)
    SX1276SetPublicNetwork                   0x08003df9   Thumb Code    32  sx1276.o(i.SX1276SetPublicNetwork)
    SX1276SetRfTxPower                       0x08003e1d   Thumb Code    68  sx1276mb1mas.o(i.SX1276SetRfTxPower)
    SX1276SetRx                              0x08003e61   Thumb Code   478  sx1276.o(i.SX1276SetRx)
    SX1276SetRxConfig                        0x08004061   Thumb Code   628  sx1276.o(i.SX1276SetRxConfig)
    SX1276SetSleep                           0x080042e9   Thumb Code    50  sx1276.o(i.SX1276SetSleep)
    SX1276SetStby                            0x08004325   Thumb Code    40  sx1276.o(i.SX1276SetStby)
    SX1276SetTx                              0x08004351   Thumb Code   170  sx1276.o(i.SX1276SetTx)
    SX1276SetTxConfig                        0x08004401   Thumb Code   490  sx1276.o(i.SX1276SetTxConfig)
    SX1276SetTxContinuousWave                0x080045fd   Thumb Code   120  sx1276.o(i.SX1276SetTxContinuousWave)
    SX1276SetXO                              0x08004679   Thumb Code     2  sx1276mb1mas.o(i.SX1276SetXO)
    SX1276StartCad                           0x0800467d   Thumb Code    50  sx1276.o(i.SX1276StartCad)
    SX1276Write                              0x080046b5   Thumb Code    12  sx1276.o(i.SX1276Write)
    SX1276WriteBuffer                        0x080046c1   Thumb Code    60  sx1276.o(i.SX1276WriteBuffer)
    SX1276WriteFifo                          0x08004701   Thumb Code    14  sx1276.o(i.SX1276WriteFifo)
    SysTick_Handler                          0x0800470f   Thumb Code     8  stm32l0xx_it.o(i.SysTick_Handler)
    SystemClock_Config                       0x08004719   Thumb Code   130  stm32l0xx_hw.o(i.SystemClock_Config)
    SystemInit                               0x080047a5   Thumb Code    66  system_stm32l0xx.o(i.SystemInit)
    TimerGetCurrentTime                      0x080047f9   Thumb Code    12  timeserver.o(i.TimerGetCurrentTime)
    TimerGetElapsedTime                      0x08004805   Thumb Code    30  timeserver.o(i.TimerGetElapsedTime)
    TimerInit                                0x08004823   Thumb Code    18  timeserver.o(i.TimerInit)
    TimerIrqHandler                          0x08004851   Thumb Code   122  timeserver.o(i.TimerIrqHandler)
    TimerSetValue                            0x080048fd   Thumb Code    34  timeserver.o(i.TimerSetValue)
    TimerStart                               0x08004921   Thumb Code   112  timeserver.o(i.TimerStart)
    TimerStop                                0x08004995   Thumb Code    96  timeserver.o(i.TimerStop)
    TraceInit                                0x080049f9   Thumb Code    24  trace.o(i.TraceInit)
    TraceSend                                0x08004a19   Thumb Code   106  trace.o(i.TraceSend)
    UART_AdvFeatureConfig                    0x08004add   Thumb Code   202  stm32l0xx_hal_uart.o(i.UART_AdvFeatureConfig)
    UART_CheckIdleState                      0x08004ba9   Thumb Code    90  stm32l0xx_hal_uart.o(i.UART_CheckIdleState)
    UART_SetConfig                           0x08004cd1   Thumb Code   506  stm32l0xx_hal_uart.o(i.UART_SetConfig)
    UART_WaitOnFlagUntilTimeout              0x08004ef9   Thumb Code    98  stm32l0xx_hal_uart.o(i.UART_WaitOnFlagUntilTimeout)
    USART2_IRQHandler                        0x08004f5b   Thumb Code     8  stm32l0xx_it.o(i.USART2_IRQHandler)
    __0vsnprintf                             0x08004f65   Thumb Code    40  printfa.o(i.__0vsnprintf)
    __1vsnprintf                             0x08004f65   Thumb Code     0  printfa.o(i.__0vsnprintf)
    __2vsnprintf                             0x08004f65   Thumb Code     0  printfa.o(i.__0vsnprintf)
    __c89vsnprintf                           0x08004f65   Thumb Code     0  printfa.o(i.__0vsnprintf)
    vsnprintf                                0x08004f65   Thumb Code     0  printfa.o(i.__0vsnprintf)
    __ARM_clz                                0x08004f91   Thumb Code    46  depilogue.o(i.__ARM_clz)
    __ARM_common_switch8                     0x08004fbf   Thumb Code    26  sx1276.o(i.__ARM_common_switch8)
    __scatterload_copy                       0x0800501d   Thumb Code    14  handlers.o(i.__scatterload_copy)
    __scatterload_null                       0x0800502b   Thumb Code     2  handlers.o(i.__scatterload_null)
    __scatterload_zeroinit                   0x0800502d   Thumb Code    14  handlers.o(i.__scatterload_zeroinit)
    ceil                                     0x08005931   Thumb Code   180  ceil.o(i.ceil)
    circular_queue_add                       0x080059f9   Thumb Code   208  queue.o(i.circular_queue_add)
    circular_queue_get                       0x08005ac9   Thumb Code    58  queue.o(i.circular_queue_get)
    circular_queue_init                      0x08005b03   Thumb Code    16  queue.o(i.circular_queue_init)
    circular_queue_remove                    0x08005b13   Thumb Code    80  queue.o(i.circular_queue_remove)
    circular_queue_sense                     0x08005b63   Thumb Code    16  queue.o(i.circular_queue_sense)
    floor                                    0x08005b75   Thumb Code   180  floor.o(i.floor)
    main                                     0x08005c3d   Thumb Code    68  main.o(i.main)
    memcpy1                                  0x08005c91   Thumb Code    22  utilities.o(i.memcpy1)
    round                                    0x08005cbd   Thumb Code   142  round.o(i.round)
    vcom_DMA_TX_IRQHandler                   0x08005d59   Thumb Code    12  vcom.o(i.vcom_DMA_TX_IRQHandler)
    vcom_IRQHandler                          0x08005d69   Thumb Code    10  vcom.o(i.vcom_IRQHandler)
    vcom_Init                                0x08005d79   Thumb Code    46  vcom.o(i.vcom_Init)
    vcom_IoDeInit                            0x08005db5   Thumb Code    68  vcom.o(i.vcom_IoDeInit)
    vcom_IoInit                              0x08005dfd   Thumb Code    88  vcom.o(i.vcom_IoInit)
    vcom_Trace                               0x08005e59   Thumb Code    14  vcom.o(i.vcom_Trace)
    RadioRegsInit                            0x08005e6c   Data          48  sx1276.o(.constdata)
    FskBandwidths                            0x08005e9c   Data         176  sx1276.o(.constdata)
    Radio                                    0x08005f4c   Data         116  sx1276mb1mas.o(.constdata)
    AHBPrescTable                            0x08005fc0   Data          16  system_stm32l0xx.o(.constdata)
    PLLMulTable                              0x08005fd0   Data           9  system_stm32l0xx.o(.constdata)
    APBPrescTable                            0x08005fd9   Data           8  system_stm32l0xx.o(.constdata)
    Region$$Table$$Base                      0x08005ffc   Number         0  anon$$obj.o(Region$$Table)
    Region$$Table$$Limit                     0x0800601c   Number         0  anon$$obj.o(Region$$Table)
    DioIrq                                   0x20000008   Data          24  sx1276.o(.data)
    SystemCoreClock                          0x2000003c   Data           4  system_stm32l0xx.o(.data)
    uwTick                                   0x20000040   Data           4  stm32l0xx_hal.o(.data)
    State                                    0x20000048   Data           1  main.o(.data)
    RssiValue                                0x20000049   Data           1  main.o(.data)
    SnrValue                                 0x2000004a   Data           1  main.o(.data)
    BufferSize                               0x2000004c   Data           2  main.o(.data)
    TracePeripheralReady                     0x20000060   Data           1  trace.o(.data)
    SX1276                                   0x20000164   Data         104  sx1276.o(.bss)
    TxTimeoutTimer                           0x200001cc   Data          24  sx1276.o(.bss)
    RxTimeoutTimer                           0x200001e4   Data          24  sx1276.o(.bss)
    RxTimeoutSyncWord                        0x200001fc   Data          24  sx1276.o(.bss)
    Buffer                                   0x20000314   Data          64  main.o(.bss)
    __initial_sp                             0x200009c0   Data           0  startup_stm32l053xx.o(STACK)



==============================================================================

Memory Map of the image

  Image Entry point : 0x080000c1

  Load Region LR_IROM1 (Base: 0x08000000, Size: 0x00006080, Max: 0x00010000, ABSOLUTE)

    Execution Region ER_IROM1 (Exec base: 0x08000000, Load base: 0x08000000, Size: 0x0000601c, Max: 0x00010000, ABSOLUTE)

    Exec Addr    Load Addr    Size         Type   Attr      Idx    E Section Name        Object

    0x08000000   0x08000000   0x000000c0   Data   RO         4057    RESET               startup_stm32l053xx.o
    0x080000c0   0x080000c0   0x00000000   Code   RO         5115  * .ARM.Collect$$$$00000000  mc_p.l(entry.o)
    0x080000c0   0x080000c0   0x00000004   Code   RO         5190    .ARM.Collect$$$$00000001  mc_p.l(entry2.o)
    0x080000c4   0x080000c4   0x00000004   Code   RO         5193    .ARM.Collect$$$$00000004  mc_p.l(entry5.o)
    0x080000c8   0x080000c8   0x00000000   Code   RO         5195    .ARM.Collect$$$$00000008  mc_p.l(entry7b.o)
    0x080000c8   0x080000c8   0x00000000   Code   RO         5197    .ARM.Collect$$$$0000000A  mc_p.l(entry8b.o)
    0x080000c8   0x080000c8   0x00000008   Code   RO         5198    .ARM.Collect$$$$0000000B  mc_p.l(entry9a.o)
    0x080000d0   0x080000d0   0x00000000   Code   RO         5200    .ARM.Collect$$$$0000000D  mc_p.l(entry10a.o)
    0x080000d0   0x080000d0   0x00000000   Code   RO         5202    .ARM.Collect$$$$0000000F  mc_p.l(entry11a.o)
    0x080000d0   0x080000d0   0x00000004   Code   RO         5191    .ARM.Collect$$$$00002712  mc_p.l(entry2.o)
    0x080000d4   0x080000d4   0x0000001c   Code   RO         4058    .text               startup_stm32l053xx.o
    0x080000f0   0x080000f0   0x0000002c   Code   RO         5118    .text               mc_p.l(uidiv.o)
    0x0800011c   0x0800011c   0x00000060   Code   RO         5122    .text               mc_p.l(uldiv.o)
    0x0800017c   0x0800017c   0x00000024   Code   RO         5124    .text               mc_p.l(memcpya.o)
    0x080001a0   0x080001a0   0x00000024   Code   RO         5126    .text               mc_p.l(memseta.o)
    0x080001c4   0x080001c4   0x00000164   Code   RO         5166    .text               mf_p.l(dadd.o)
    0x08000328   0x08000328   0x000000d0   Code   RO         5168    .text               mf_p.l(dmul.o)
    0x080003f8   0x080003f8   0x000000f0   Code   RO         5170    .text               mf_p.l(ddiv.o)
    0x080004e8   0x080004e8   0x0000002c   Code   RO         5172    .text               mf_p.l(dscalb.o)
    0x08000514   0x08000514   0x00000028   Code   RO         5176    .text               mf_p.l(dflti.o)
    0x0800053c   0x0800053c   0x0000001c   Code   RO         5178    .text               mf_p.l(dfltui.o)
    0x08000558   0x08000558   0x0000003c   Code   RO         5182    .text               mf_p.l(dfixui.o)
    0x08000594   0x08000594   0x00000028   Code   RO         5186    .text               mf_p.l(cdrcmple.o)
    0x080005bc   0x080005bc   0x00000020   Code   RO         5207    .text               mc_p.l(llshl.o)
    0x080005dc   0x080005dc   0x00000022   Code   RO         5209    .text               mc_p.l(llushr.o)
    0x080005fe   0x080005fe   0x00000026   Code   RO         5211    .text               mc_p.l(llsshr.o)
    0x08000624   0x08000624   0x00000000   Code   RO         5213    .text               mc_p.l(iusefp.o)
    0x08000624   0x08000624   0x000000be   Code   RO         5216    .text               mf_p.l(depilogue.o)
    0x080006e2   0x080006e2   0x00000002   PAD
    0x080006e4   0x080006e4   0x0000007c   Code   RO         5220    .text               mf_p.l(drnd.o)
    0x08000760   0x08000760   0x00000040   Code   RO         5222    .text               mf_p.l(dfixul.o)
    0x080007a0   0x080007a0   0x00000028   Code   RO         5224    .text               mf_p.l(cdcmple.o)
    0x080007c8   0x080007c8   0x00000024   Code   RO         5226    .text               mc_p.l(init.o)
    0x080007ec   0x080007ec   0x00000052   Code   RO         1420    i.ADC_ConversionStop  stm32l0xx_hal_adc.o
    0x0800083e   0x0800083e   0x00000060   Code   RO         1425    i.ADC_Disable       stm32l0xx_hal_adc.o
    0x0800089e   0x0800089e   0x00000002   PAD
    0x080008a0   0x080008a0   0x00000060   Code   RO         4064    i.DBG_Init          debug.o
    0x08000900   0x08000900   0x00000008   Code   RO         4591    i.DMA1_Channel4_5_6_7_IRQHandler  stm32l0xx_it.o
    0x08000908   0x08000908   0x0000002c   Code   RO         2183    i.DMA_SetConfig     stm32l0xx_hal_dma.o
    0x08000934   0x08000934   0x00000010   Code   RO         4593    i.EXTI0_1_IRQHandler  stm32l0xx_it.o
    0x08000944   0x08000944   0x00000010   Code   RO         4594    i.EXTI2_3_IRQHandler  stm32l0xx_it.o
    0x08000954   0x08000954   0x0000005c   Code   RO         4595    i.EXTI4_15_IRQHandler  stm32l0xx_it.o
    0x080009b0   0x080009b0   0x00000018   Code   RO         4065    i.Error_Handler     debug.o
    0x080009c8   0x080009c8   0x0000002c   Code   RO            3    i.GetFskBandwidthRegValue  sx1276.o
    0x080009f4   0x080009f4   0x000000b4   Code   RO         1431    i.HAL_ADC_DeInit    stm32l0xx_hal_adc.o
    0x08000aa8   0x08000aa8   0x000001c8   Code   RO         1437    i.HAL_ADC_Init      stm32l0xx_hal_adc.o
    0x08000c70   0x08000c70   0x00000002   Code   RO         1439    i.HAL_ADC_MspDeInit  stm32l0xx_hal_adc.o
    0x08000c72   0x08000c72   0x00000002   Code   RO         1440    i.HAL_ADC_MspInit   stm32l0xx_hal_adc.o
    0x08000c74   0x08000c74   0x00000010   Code   RO         1823    i.HAL_DBGMCU_DisableDBGSleepMode  stm32l0xx_hal.o
    0x08000c84   0x08000c84   0x00000010   Code   RO         1824    i.HAL_DBGMCU_DisableDBGStandbyMode  stm32l0xx_hal.o
    0x08000c94   0x08000c94   0x00000010   Code   RO         1825    i.HAL_DBGMCU_DisableDBGStopMode  stm32l0xx_hal.o
    0x08000ca4   0x08000ca4   0x0000004c   Code   RO         2185    i.HAL_DMA_Abort_IT  stm32l0xx_hal_dma.o
    0x08000cf0   0x08000cf0   0x000000a8   Code   RO         2189    i.HAL_DMA_IRQHandler  stm32l0xx_hal_dma.o
    0x08000d98   0x08000d98   0x00000090   Code   RO         2190    i.HAL_DMA_Init      stm32l0xx_hal_dma.o
    0x08000e28   0x08000e28   0x00000068   Code   RO         2194    i.HAL_DMA_Start_IT  stm32l0xx_hal_dma.o
    0x08000e90   0x08000e90   0x0000000a   Code   RO         4424    i.HAL_Delay         stm32l0xx_hal_msp.o
    0x08000e9a   0x08000e9a   0x00000008   Code   RO         4425    i.HAL_GPIO_EXTI_Callback  stm32l0xx_hal_msp.o
    0x08000ea2   0x08000ea2   0x00000002   PAD
    0x08000ea4   0x08000ea4   0x00000018   Code   RO         2123    i.HAL_GPIO_EXTI_IRQHandler  stm32l0xx_hal_gpio.o
    0x08000ebc   0x08000ebc   0x00000178   Code   RO         2124    i.HAL_GPIO_Init     stm32l0xx_hal_gpio.o
    0x08001034   0x08001034   0x0000000c   Code   RO         2128    i.HAL_GPIO_WritePin  stm32l0xx_hal_gpio.o
    0x08001040   0x08001040   0x0000000c   Code   RO         1834    i.HAL_GetTick       stm32l0xx_hal.o
    0x0800104c   0x0800104c   0x00000010   Code   RO         1838    i.HAL_IncTick       stm32l0xx_hal.o
    0x0800105c   0x0800105c   0x00000028   Code   RO         1839    i.HAL_Init          stm32l0xx_hal.o
    0x08001084   0x08001084   0x00000004   Code   RO         4426    i.HAL_InitTick      stm32l0xx_hal_msp.o
    0x08001088   0x08001088   0x0000002c   Code   RO         4427    i.HAL_MspInit       stm32l0xx_hal_msp.o
    0x080010b4   0x080010b4   0x00000018   Code   RO         2014    i.HAL_NVIC_EnableIRQ  stm32l0xx_hal_cortex.o
    0x080010cc   0x080010cc   0x00000008   Code   RO         2018    i.HAL_NVIC_SetPriority  stm32l0xx_hal_cortex.o
    0x080010d4   0x080010d4   0x00000010   Code   RO         2393    i.HAL_PWREx_EnableFastWakeUp  stm32l0xx_hal_pwr_ex.o
    0x080010e4   0x080010e4   0x00000010   Code   RO         2395    i.HAL_PWREx_EnableUltraLowPower  stm32l0xx_hal_pwr_ex.o
    0x080010f4   0x080010f4   0x00000010   Code   RO         2277    i.HAL_PWR_DisablePVD  stm32l0xx_hal_pwr.o
    0x08001104   0x08001104   0x00000030   Code   RO         2286    i.HAL_PWR_EnterSLEEPMode  stm32l0xx_hal_pwr.o
    0x08001134   0x08001134   0x00000034   Code   RO         2288    i.HAL_PWR_EnterSTOPMode  stm32l0xx_hal_pwr.o
    0x08001168   0x08001168   0x00000198   Code   RO         1711    i.HAL_RCCEx_PeriphCLKConfig  stm32l0xx_hal_rcc_ex.o
    0x08001300   0x08001300   0x0000016c   Code   RO         1602    i.HAL_RCC_ClockConfig  stm32l0xx_hal_rcc.o
    0x0800146c   0x0800146c   0x00000020   Code   RO         1608    i.HAL_RCC_GetPCLK1Freq  stm32l0xx_hal_rcc.o
    0x0800148c   0x0800148c   0x00000020   Code   RO         1609    i.HAL_RCC_GetPCLK2Freq  stm32l0xx_hal_rcc.o
    0x080014ac   0x080014ac   0x00000078   Code   RO         1610    i.HAL_RCC_GetSysClockFreq  stm32l0xx_hal_rcc.o
    0x08001524   0x08001524   0x00000486   Code   RO         1613    i.HAL_RCC_OscConfig  stm32l0xx_hal_rcc.o
    0x080019aa   0x080019aa   0x0000003c   Code   RO         2588    i.HAL_RTCEx_EnableBypassShadow  stm32l0xx_hal_rtc_ex.o
    0x080019e6   0x080019e6   0x00000008   Code   RO         4428    i.HAL_RTC_AlarmAEventCallback  stm32l0xx_hal_msp.o
    0x080019ee   0x080019ee   0x000000b8   Code   RO         2449    i.HAL_RTC_DeactivateAlarm  stm32l0xx_hal_rtc.o
    0x08001aa6   0x08001aa6   0x00000044   Code   RO         2451    i.HAL_RTC_GetDate   stm32l0xx_hal_rtc.o
    0x08001aea   0x08001aea   0x00000002   PAD
    0x08001aec   0x08001aec   0x0000005c   Code   RO         2453    i.HAL_RTC_GetTime   stm32l0xx_hal_rtc.o
    0x08001b48   0x08001b48   0x000000bc   Code   RO         2454    i.HAL_RTC_Init      stm32l0xx_hal_rtc.o
    0x08001c04   0x08001c04   0x0000006c   Code   RO         4430    i.HAL_RTC_MspInit   stm32l0xx_hal_msp.o
    0x08001c70   0x08001c70   0x00000190   Code   RO         2459    i.HAL_RTC_SetAlarm_IT  stm32l0xx_hal_rtc.o
    0x08001e00   0x08001e00   0x000000c4   Code   RO         2460    i.HAL_RTC_SetDate   stm32l0xx_hal_rtc.o
    0x08001ec4   0x08001ec4   0x000000e8   Code   RO         2461    i.HAL_RTC_SetTime   stm32l0xx_hal_rtc.o
    0x08001fac   0x08001fac   0x00000034   Code   RO         2462    i.HAL_RTC_WaitForSynchro  stm32l0xx_hal_rtc.o
    0x08001fe0   0x08001fe0   0x00000080   Code   RO          761    i.HAL_SPI_Init      stm32l0xx_hal_spi.o
    0x08002060   0x08002060   0x00000002   Code   RO          763    i.HAL_SPI_MspInit   stm32l0xx_hal_spi.o
    0x08002062   0x08002062   0x000001f0   Code   RO          770    i.HAL_SPI_TransmitReceive  stm32l0xx_hal_spi.o
    0x08002252   0x08002252   0x00000002   Code   RO         3549    i.HAL_UARTEx_WakeupCallback  stm32l0xx_hal_uart_ex.o
    0x08002254   0x08002254   0x00000002   Code   RO         1090    i.HAL_UART_ErrorCallback  stm32l0xx_hal_uart.o
    0x08002256   0x08002256   0x00000002   PAD
    0x08002258   0x08002258   0x0000013c   Code   RO         1093    i.HAL_UART_IRQHandler  stm32l0xx_hal_uart.o
    0x08002394   0x08002394   0x0000006a   Code   RO         1094    i.HAL_UART_Init     stm32l0xx_hal_uart.o
    0x080023fe   0x080023fe   0x00000002   PAD
    0x08002400   0x08002400   0x0000009c   Code   RO         4698    i.HAL_UART_MspInit  vcom.o
    0x0800249c   0x0800249c   0x000000ac   Code   RO         1103    i.HAL_UART_Transmit_DMA  stm32l0xx_hal_uart.o
    0x08002548   0x08002548   0x0000000c   Code   RO         4699    i.HAL_UART_TxCpltCallback  vcom.o
    0x08002554   0x08002554   0x00000002   Code   RO         1106    i.HAL_UART_TxHalfCpltCallback  stm32l0xx_hal_uart.o
    0x08002556   0x08002556   0x00000002   PAD
    0x08002558   0x08002558   0x00000018   Code   RO         4486    i.HW_AdcDeInit      stm32l0xx_hw.o
    0x08002570   0x08002570   0x00000060   Code   RO         4487    i.HW_AdcInit        stm32l0xx_hw.o
    0x080025d0   0x080025d0   0x00000038   Code   RO         4090    i.HW_GPIO_GetBitPos  hw_gpio.o
    0x08002608   0x08002608   0x00000054   Code   RO         4091    i.HW_GPIO_Init      hw_gpio.o
    0x0800265c   0x0800265c   0x0000001c   Code   RO         4092    i.HW_GPIO_IrqHandler  hw_gpio.o
    0x08002678   0x08002678   0x0000003c   Code   RO         4094    i.HW_GPIO_SetIrq    hw_gpio.o
    0x080026b4   0x080026b4   0x0000000a   Code   RO         4095    i.HW_GPIO_Write     hw_gpio.o
    0x080026be   0x080026be   0x00000002   PAD
    0x080026c0   0x080026c0   0x00000030   Code   RO         4495    i.HW_Init           stm32l0xx_hw.o
    0x080026f0   0x080026f0   0x00000026   Code   RO         4143    i.HW_RTC_DelayMs    hw_rtc.o
    0x08002716   0x08002716   0x00000002   PAD
    0x08002718   0x08002718   0x000000b4   Code   RO         4145    i.HW_RTC_GetCalendarValue  hw_rtc.o
    0x080027cc   0x080027cc   0x00000004   Code   RO         4146    i.HW_RTC_GetMinimumTimeout  hw_rtc.o
    0x080027d0   0x080027d0   0x0000000c   Code   RO         4147    i.HW_RTC_GetTimerContext  hw_rtc.o
    0x080027dc   0x080027dc   0x0000001c   Code   RO         4148    i.HW_RTC_GetTimerElapsedTime  hw_rtc.o
    0x080027f8   0x080027f8   0x00000010   Code   RO         4149    i.HW_RTC_GetTimerValue  hw_rtc.o
    0x08002808   0x08002808   0x0000002c   Code   RO         4150    i.HW_RTC_Init       hw_rtc.o
    0x08002834   0x08002834   0x00000040   Code   RO         4151    i.HW_RTC_IrqHandler  hw_rtc.o
    0x08002874   0x08002874   0x0000003c   Code   RO         4152    i.HW_RTC_SetAlarm   hw_rtc.o
    0x080028b0   0x080028b0   0x00000060   Code   RO         4153    i.HW_RTC_SetConfig  hw_rtc.o
    0x08002910   0x08002910   0x00000018   Code   RO         4154    i.HW_RTC_SetTimerContext  hw_rtc.o
    0x08002928   0x08002928   0x00000118   Code   RO         4155    i.HW_RTC_StartWakeUpAlarm  hw_rtc.o
    0x08002a40   0x08002a40   0x0000002c   Code   RO         4156    i.HW_RTC_StopAlarm  hw_rtc.o
    0x08002a6c   0x08002a6c   0x00000014   Code   RO         4157    i.HW_RTC_Tick2ms    hw_rtc.o
    0x08002a80   0x08002a80   0x00000010   Code   RO         4159    i.HW_RTC_ms2Tick    hw_rtc.o
    0x08002a90   0x08002a90   0x00000020   Code   RO         4298    i.HW_SPI_InOut      hw_spi.o
    0x08002ab0   0x08002ab0   0x00000084   Code   RO         4299    i.HW_SPI_Init       hw_spi.o
    0x08002b34   0x08002b34   0x0000007c   Code   RO         4300    i.HW_SPI_IoDeInit   hw_spi.o
    0x08002bb0   0x08002bb0   0x00000060   Code   RO         4301    i.HW_SPI_IoInit     hw_spi.o
    0x08002c10   0x08002c10   0x00000004   Code   RO         4596    i.HardFault_Handler  stm32l0xx_it.o
    0x08002c14   0x08002c14   0x00000034   Code   RO         4774    i.LPM_EnterLowPower  low_power_manager.o
    0x08002c48   0x08002c48   0x00000002   Code   RO         4775    i.LPM_EnterOffMode  low_power_manager.o
    0x08002c4a   0x08002c4a   0x0000000c   Code   RO         4496    i.LPM_EnterSleepMode  stm32l0xx_hw.o
    0x08002c56   0x08002c56   0x00000002   PAD
    0x08002c58   0x08002c58   0x0000003c   Code   RO         4497    i.LPM_EnterStopMode  stm32l0xx_hw.o
    0x08002c94   0x08002c94   0x00000002   Code   RO         4778    i.LPM_ExitOffMode   low_power_manager.o
    0x08002c96   0x08002c96   0x00000002   Code   RO         4779    i.LPM_ExitSleepMode  low_power_manager.o
    0x08002c98   0x08002c98   0x00000058   Code   RO         4498    i.LPM_ExitStopMode  stm32l0xx_hw.o
    0x08002cf0   0x08002cf0   0x00000028   Code   RO         4781    i.LPM_GetMode       low_power_manager.o
    0x08002d18   0x08002d18   0x00000028   Code   RO         4782    i.LPM_SetOffMode    low_power_manager.o
    0x08002d40   0x08002d40   0x00000028   Code   RO         4783    i.LPM_SetStopMode   low_power_manager.o
    0x08002d68   0x08002d68   0x00000030   Code   RO         4431    i.MSP_GetIRQn       stm32l0xx_hal_msp.o
    0x08002d98   0x08002d98   0x00000002   Code   RO         4598    i.NMI_Handler       stm32l0xx_it.o
    0x08002d9a   0x08002d9a   0x00000002   PAD
    0x08002d9c   0x08002d9c   0x00000070   Code   RO         4343    i.OnRxDone          main.o
    0x08002e0c   0x08002e0c   0x0000002c   Code   RO         4344    i.OnRxError         main.o
    0x08002e38   0x08002e38   0x00000030   Code   RO         4345    i.OnRxTimeout       main.o
    0x08002e68   0x08002e68   0x00000010   Code   RO         4346    i.OnSendEvent       main.o
    0x08002e78   0x08002e78   0x0000002c   Code   RO         4347    i.OnTxDone          main.o
    0x08002ea4   0x08002ea4   0x00000030   Code   RO         4348    i.OnTxTimeout       main.o
    0x08002ed4   0x08002ed4   0x00000002   Code   RO         4599    i.PendSV_Handler    stm32l0xx_it.o
    0x08002ed6   0x08002ed6   0x00000010   Code   RO         2463    i.RTC_Bcd2ToByte    stm32l0xx_hal_rtc.o
    0x08002ee6   0x08002ee6   0x00000018   Code   RO         2464    i.RTC_ByteToBcd2    stm32l0xx_hal_rtc.o
    0x08002efe   0x08002efe   0x00000038   Code   RO         2465    i.RTC_EnterInitMode  stm32l0xx_hal_rtc.o
    0x08002f36   0x08002f36   0x00000008   Code   RO         4600    i.RTC_IRQHandler    stm32l0xx_it.o
    0x08002f3e   0x08002f3e   0x00000002   PAD
    0x08002f40   0x08002f40   0x00000098   Code   RO         4349    i.RadioInit         main.o
    0x08002fd8   0x08002fd8   0x00000094   Code   RO            4    i.RxChainCalibration  sx1276.o
    0x0800306c   0x0800306c   0x00000042   Code   RO          799    i.SPI_EndRxTxTransaction  stm32l0xx_hal_spi.o
    0x080030ae   0x080030ae   0x0000008c   Code   RO          804    i.SPI_WaitFlagStateUntilTimeout  stm32l0xx_hal_spi.o
    0x0800313a   0x0800313a   0x00000002   Code   RO         4601    i.SVC_Handler       stm32l0xx_it.o
    0x0800313c   0x0800313c   0x0000000c   Code   RO            5    i.SX1276BoardInit   sx1276.o
    0x08003148   0x08003148   0x00000004   Code   RO          628    i.SX1276CheckRfFrequency  sx1276mb1mas.o
    0x0800314c   0x0800314c   0x0000000c   Code   RO            6    i.SX1276GetStatus   sx1276.o
    0x08003158   0x08003158   0x000001e4   Code   RO            7    i.SX1276GetTimeOnAir  sx1276.o
    0x0800333c   0x0800333c   0x00000004   Code   RO          630    i.SX1276GetWakeTime  sx1276mb1mas.o
    0x08003340   0x08003340   0x00000014   Code   RO            8    i.SX1276GetWakeupTime  sx1276.o
    0x08003354   0x08003354   0x0000008c   Code   RO            9    i.SX1276Init        sx1276.o
    0x080033e0   0x080033e0   0x0000004c   Code   RO          631    i.SX1276IoDeInit    sx1276mb1mas.o
    0x0800342c   0x0800342c   0x0000005c   Code   RO          632    i.SX1276IoInit      sx1276mb1mas.o
    0x08003488   0x08003488   0x00000040   Code   RO          633    i.SX1276IoIrqInit   sx1276mb1mas.o
    0x080034c8   0x080034c8   0x00000060   Code   RO           10    i.SX1276IsChannelFree  sx1276.o
    0x08003528   0x08003528   0x00000240   Code   RO           11    i.SX1276OnDio0Irq   sx1276.o
    0x08003768   0x08003768   0x000000d4   Code   RO           12    i.SX1276OnDio1Irq   sx1276.o
    0x0800383c   0x0800383c   0x000000b4   Code   RO           13    i.SX1276OnDio2Irq   sx1276.o
    0x080038f0   0x080038f0   0x00000054   Code   RO           14    i.SX1276OnDio3Irq   sx1276.o
    0x08003944   0x08003944   0x0000001c   Code   RO           15    i.SX1276OnDio4Irq   sx1276.o
    0x08003960   0x08003960   0x000000c8   Code   RO           17    i.SX1276OnTimeoutIrq  sx1276.o
    0x08003a28   0x08003a28   0x0000003e   Code   RO           18    i.SX1276Random      sx1276.o
    0x08003a66   0x08003a66   0x00000010   Code   RO           19    i.SX1276Read        sx1276.o
    0x08003a76   0x08003a76   0x00000002   PAD
    0x08003a78   0x08003a78   0x00000040   Code   RO           20    i.SX1276ReadBuffer  sx1276.o
    0x08003ab8   0x08003ab8   0x0000000e   Code   RO           21    i.SX1276ReadFifo    sx1276.o
    0x08003ac6   0x08003ac6   0x00000002   PAD
    0x08003ac8   0x08003ac8   0x00000044   Code   RO           22    i.SX1276ReadRssi    sx1276.o
    0x08003b0c   0x08003b0c   0x0000004c   Code   RO           23    i.SX1276Reset       sx1276.o
    0x08003b58   0x08003b58   0x000000f0   Code   RO           24    i.SX1276Send        sx1276.o
    0x08003c48   0x08003c48   0x0000001c   Code   RO          634    i.SX1276SetAntSw    sx1276mb1mas.o
    0x08003c64   0x08003c64   0x00000044   Code   RO          635    i.SX1276SetAntSwLowPower  sx1276mb1mas.o
    0x08003ca8   0x08003ca8   0x00000050   Code   RO           25    i.SX1276SetChannel  sx1276.o
    0x08003cf8   0x08003cf8   0x00000030   Code   RO           26    i.SX1276SetMaxPayloadLength  sx1276.o
    0x08003d28   0x08003d28   0x00000074   Code   RO           27    i.SX1276SetModem    sx1276.o
    0x08003d9c   0x08003d9c   0x0000005c   Code   RO           28    i.SX1276SetOpMode   sx1276.o
    0x08003df8   0x08003df8   0x00000024   Code   RO           29    i.SX1276SetPublicNetwork  sx1276.o
    0x08003e1c   0x08003e1c   0x00000044   Code   RO          636    i.SX1276SetRfTxPower  sx1276mb1mas.o
    0x08003e60   0x08003e60   0x00000200   Code   RO           30    i.SX1276SetRx       sx1276.o
    0x08004060   0x08004060   0x00000288   Code   RO           31    i.SX1276SetRxConfig  sx1276.o
    0x080042e8   0x080042e8   0x0000003c   Code   RO           32    i.SX1276SetSleep    sx1276.o
    0x08004324   0x08004324   0x0000002c   Code   RO           33    i.SX1276SetStby     sx1276.o
    0x08004350   0x08004350   0x000000b0   Code   RO           34    i.SX1276SetTx       sx1276.o
    0x08004400   0x08004400   0x000001fc   Code   RO           35    i.SX1276SetTxConfig  sx1276.o
    0x080045fc   0x080045fc   0x0000007c   Code   RO           36    i.SX1276SetTxContinuousWave  sx1276.o
    0x08004678   0x08004678   0x00000002   Code   RO          637    i.SX1276SetXO       sx1276mb1mas.o
    0x0800467a   0x0800467a   0x00000002   PAD
    0x0800467c   0x0800467c   0x00000038   Code   RO           37    i.SX1276StartCad    sx1276.o
    0x080046b4   0x080046b4   0x0000000c   Code   RO           38    i.SX1276Write       sx1276.o
    0x080046c0   0x080046c0   0x00000040   Code   RO           39    i.SX1276WriteBuffer  sx1276.o
    0x08004700   0x08004700   0x0000000e   Code   RO           40    i.SX1276WriteFifo   sx1276.o
    0x0800470e   0x0800470e   0x00000008   Code   RO         4602    i.SysTick_Handler   stm32l0xx_it.o
    0x08004716   0x08004716   0x00000002   PAD
    0x08004718   0x08004718   0x0000008c   Code   RO         4499    i.SystemClock_Config  stm32l0xx_hw.o
    0x080047a4   0x080047a4   0x00000054   Code   RO          717    i.SystemInit        system_stm32l0xx.o
    0x080047f8   0x080047f8   0x0000000c   Code   RO         4850    i.TimerGetCurrentTime  timeserver.o
    0x08004804   0x08004804   0x0000001e   Code   RO         4851    i.TimerGetElapsedTime  timeserver.o
    0x08004822   0x08004822   0x00000012   Code   RO         4852    i.TimerInit         timeserver.o
    0x08004834   0x08004834   0x0000001c   Code   RO         4853    i.TimerInsertNewHeadTimer  timeserver.o
    0x08004850   0x08004850   0x00000080   Code   RO         4854    i.TimerIrqHandler   timeserver.o
    0x080048d0   0x080048d0   0x0000002c   Code   RO         4858    i.TimerSetTimeout   timeserver.o
    0x080048fc   0x080048fc   0x00000022   Code   RO         4859    i.TimerSetValue     timeserver.o
    0x0800491e   0x0800491e   0x00000002   PAD
    0x08004920   0x08004920   0x00000074   Code   RO         4860    i.TimerStart        timeserver.o
    0x08004994   0x08004994   0x00000064   Code   RO         4861    i.TimerStop         timeserver.o
    0x080049f8   0x080049f8   0x00000020   Code   RO         5060    i.TraceInit         trace.o
    0x08004a18   0x08004a18   0x00000074   Code   RO         5061    i.TraceSend         trace.o
    0x08004a8c   0x08004a8c   0x00000050   Code   RO         5062    i.Trace_TxCpltCallback  trace.o
    0x08004adc   0x08004adc   0x000000ca   Code   RO         1107    i.UART_AdvFeatureConfig  stm32l0xx_hal_uart.o
    0x08004ba6   0x08004ba6   0x00000002   PAD
    0x08004ba8   0x08004ba8   0x00000060   Code   RO         1108    i.UART_CheckIdleState  stm32l0xx_hal_uart.o
    0x08004c08   0x08004c08   0x00000014   Code   RO         1109    i.UART_DMAAbortOnError  stm32l0xx_hal_uart.o
    0x08004c1c   0x08004c1c   0x00000048   Code   RO         1110    i.UART_DMAError     stm32l0xx_hal_uart.o
    0x08004c64   0x08004c64   0x00000030   Code   RO         1115    i.UART_DMATransmitCplt  stm32l0xx_hal_uart.o
    0x08004c94   0x08004c94   0x0000000a   Code   RO         1117    i.UART_DMATxHalfCplt  stm32l0xx_hal_uart.o
    0x08004c9e   0x08004c9e   0x00000020   Code   RO         1119    i.UART_EndRxTransfer  stm32l0xx_hal_uart.o
    0x08004cbe   0x08004cbe   0x00000010   Code   RO         1120    i.UART_EndTxTransfer  stm32l0xx_hal_uart.o
    0x08004cce   0x08004cce   0x00000002   PAD
    0x08004cd0   0x08004cd0   0x00000228   Code   RO         1123    i.UART_SetConfig    stm32l0xx_hal_uart.o
    0x08004ef8   0x08004ef8   0x00000062   Code   RO         1126    i.UART_WaitOnFlagUntilTimeout  stm32l0xx_hal_uart.o
    0x08004f5a   0x08004f5a   0x00000008   Code   RO         4603    i.USART2_IRQHandler  stm32l0xx_it.o
    0x08004f62   0x08004f62   0x00000002   PAD
    0x08004f64   0x08004f64   0x0000002c   Code   RO         5138    i.__0vsnprintf      mc_p.l(printfa.o)
    0x08004f90   0x08004f90   0x0000002e   Code   RO         5218    i.__ARM_clz         mf_p.l(depilogue.o)
    0x08004fbe   0x08004fbe   0x0000001a   Code   RO          238    i.__ARM_common_switch8  sx1276.o
    0x08004fd8   0x08004fd8   0x00000044   Code   RO         2024    i.__NVIC_SetPriority  stm32l0xx_hal_cortex.o
    0x0800501c   0x0800501c   0x0000000e   Code   RO         5232    i.__scatterload_copy  mc_p.l(handlers.o)
    0x0800502a   0x0800502a   0x00000002   Code   RO         5233    i.__scatterload_null  mc_p.l(handlers.o)
    0x0800502c   0x0800502c   0x0000000e   Code   RO         5234    i.__scatterload_zeroinit  mc_p.l(handlers.o)
    0x0800503a   0x0800503a   0x00000002   PAD
    0x0800503c   0x0800503c   0x00000174   Code   RO         5140    i._fp_digits        mc_p.l(printfa.o)
    0x080051b0   0x080051b0   0x000006ec   Code   RO         5141    i._printf_core      mc_p.l(printfa.o)
    0x0800589c   0x0800589c   0x00000020   Code   RO         5142    i._printf_post_padding  mc_p.l(printfa.o)
    0x080058bc   0x080058bc   0x0000002c   Code   RO         5143    i._printf_pre_padding  mc_p.l(printfa.o)
    0x080058e8   0x080058e8   0x00000016   Code   RO         5144    i._snputc           mc_p.l(printfa.o)
    0x080058fe   0x080058fe   0x00000030   Code   RO         5008    i.add_elementSize_and_inc_writeIdx  queue.o
    0x0800592e   0x0800592e   0x00000002   PAD
    0x08005930   0x08005930   0x000000c8   Code   RO         5106    i.ceil              m_ps.l(ceil.o)
    0x080059f8   0x080059f8   0x000000d0   Code   RO         5009    i.circular_queue_add  queue.o
    0x08005ac8   0x08005ac8   0x0000003a   Code   RO         5010    i.circular_queue_get  queue.o
    0x08005b02   0x08005b02   0x00000010   Code   RO         5011    i.circular_queue_init  queue.o
    0x08005b12   0x08005b12   0x00000050   Code   RO         5012    i.circular_queue_remove  queue.o
    0x08005b62   0x08005b62   0x00000010   Code   RO         5013    i.circular_queue_sense  queue.o
    0x08005b72   0x08005b72   0x00000002   PAD
    0x08005b74   0x08005b74   0x000000c8   Code   RO         5110    i.floor             m_ps.l(floor.o)
    0x08005c3c   0x08005c3c   0x00000054   Code   RO         4350    i.main              main.o
    0x08005c90   0x08005c90   0x00000016   Code   RO         4943    i.memcpy1           utilities.o
    0x08005ca6   0x08005ca6   0x00000016   Code   RO         5014    i.queue_copy        queue.o
    0x08005cbc   0x08005cbc   0x0000009c   Code   RO         5113    i.round             m_ps.l(round.o)
    0x08005d58   0x08005d58   0x00000010   Code   RO         4700    i.vcom_DMA_TX_IRQHandler  vcom.o
    0x08005d68   0x08005d68   0x00000010   Code   RO         4702    i.vcom_IRQHandler   vcom.o
    0x08005d78   0x08005d78   0x0000003c   Code   RO         4703    i.vcom_Init         vcom.o
    0x08005db4   0x08005db4   0x00000048   Code   RO         4704    i.vcom_IoDeInit     vcom.o
    0x08005dfc   0x08005dfc   0x0000005c   Code   RO         4705    i.vcom_IoInit       vcom.o
    0x08005e58   0x08005e58   0x00000014   Code   RO         4706    i.vcom_Trace        vcom.o
    0x08005e6c   0x08005e6c   0x000000e0   Data   RO           42    .constdata          sx1276.o
    0x08005f4c   0x08005f4c   0x00000074   Data   RO          638    .constdata          sx1276mb1mas.o
    0x08005fc0   0x08005fc0   0x00000019   Data   RO          718    .constdata          system_stm32l0xx.o
    0x08005fd9   0x08005fd9   0x00000008   Data   RO          719    .constdata          system_stm32l0xx.o
    0x08005fe1   0x08005fe1   0x00000018   Data   RO         4163    .constdata          hw_rtc.o
    0x08005ff9   0x08005ff9   0x00000003   PAD
    0x08005ffc   0x08005ffc   0x00000020   Data   RO         5230    Region$$Table       anon$$obj.o


    Execution Region RW_IRAM1 (Exec base: 0x20000000, Load base: 0x0800601c, Size: 0x000009c0, Max: 0x00002000, ABSOLUTE)

    Exec Addr    Load Addr    Size         Type   Attr      Idx    E Section Name        Object

    0x20000000   0x0800601c   0x00000020   Data   RW           43    .data               sx1276.o
    0x20000020   0x0800603c   0x0000001c   Data   RW          639    .data               sx1276mb1mas.o
    0x2000003c   0x08006058   0x00000004   Data   RW          720    .data               system_stm32l0xx.o
    0x20000040   0x0800605c   0x00000004   Data   RW         1849    .data               stm32l0xx_hal.o
    0x20000044   0x08006060   0x00000004   Data   RW         4164    .data               hw_rtc.o
    0x20000048   0x08006064   0x00000006   Data   RW         4352    .data               main.o
    0x2000004e   0x0800606a   0x00000002   Data   RW         4501    .data               stm32l0xx_hw.o
    0x20000050   0x0800606c   0x00000004   Data   RW         4708    .data               vcom.o
    0x20000054   0x08006070   0x00000008   Data   RW         4784    .data               low_power_manager.o
    0x2000005c   0x08006078   0x00000004   Data   RW         4863    .data               timeserver.o
    0x20000060   0x0800607c   0x00000001   Data   RW         5064    .data               trace.o
    0x20000061   0x0800607d   0x00000003   PAD
    0x20000064        -       0x000001b0   Zero   RW           41    .bss                sx1276.o
    0x20000214        -       0x00000040   Zero   RW         4096    .bss                hw_gpio.o
    0x20000254        -       0x00000068   Zero   RW         4162    .bss                hw_rtc.o
    0x200002bc        -       0x00000058   Zero   RW         4302    .bss                hw_spi.o
    0x20000314        -       0x00000074   Zero   RW         4351    .bss                main.o
    0x20000388        -       0x0000005c   Zero   RW         4500    .bss                stm32l0xx_hw.o
    0x200003e4        -       0x000000c8   Zero   RW         4707    .bss                vcom.o
    0x200004ac        -       0x00000110   Zero   RW         5063    .bss                trace.o
    0x200005bc   0x0800607d   0x00000004   PAD
    0x200005c0        -       0x00000400   Zero   RW         4055    STACK               startup_stm32l053xx.o


==============================================================================

Image component sizes


      Code (inc. data)   RO Data    RW Data    ZI Data      Debug   Object Name

       120         20          0          0          0       1531   debug.o
       238         28          0          0         64       4173   hw_gpio.o
       926        108         24          4        104      31151   hw_rtc.o
       384         34          0          0         88       3443   hw_spi.o
       178         22          0          8          0       5582   low_power_manager.o
       548        210          0          6        116       6478   main.o
       448          0          0          0          0       6991   queue.o
        28          8        192          0       1024        672   startup_stm32l053xx.o
       116         28          0          4          0       4888   stm32l0xx_hal.o
       818         26          0          0          0       5458   stm32l0xx_hal_adc.o
       100         14          0          0          0      11760   stm32l0xx_hal_cortex.o
       536         12          0          0          0       4942   stm32l0xx_hal_dma.o
       412         36          0          0          0       3379   stm32l0xx_hal_gpio.o
       230         14          0          0          0       4608   stm32l0xx_hal_msp.o
       116         20          0          0          0       2062   stm32l0xx_hal_pwr.o
        32          8          0          0          0       1245   stm32l0xx_hal_pwr_ex.o
      1706         92          0          0          0       6200   stm32l0xx_hal_rcc.o
       408         12          0          0          0       1708   stm32l0xx_hal_rcc_ex.o
      1508         28          0          0          0      10596   stm32l0xx_hal_rtc.o
        60          0          0          0          0       1715   stm32l0xx_hal_rtc_ex.o
       832          0          0          0          0       5883   stm32l0xx_hal_spi.o
      1744         96          0          0          0      13290   stm32l0xx_hal_uart.o
         2          0          0          0          0       1208   stm32l0xx_hal_uart_ex.o
       468         66          0          2         92       8331   stm32l0xx_hw.o
       166          0          0          0          0       5773   stm32l0xx_it.o
      5392        330        224         32        432     431243   sx1276.o
       406         36        116         28          0      12469   sx1276mb1mas.o
        84         18         33          4          0       1747   system_stm32l0xx.o
       510         18          0          4          0       8647   timeserver.o
       228         28          0          1        272       4423   trace.o
        22          0          0          0          0       1398   utilities.o
       444         60          0          4        200       5599   vcom.o

    ----------------------------------------------------------------------
     19252       1372        624        100       2396     618593   Object Totals
         0          0         32          0          0          0   (incl. Generated)
        42          0          3          3          4          0   (incl. Padding)

    ----------------------------------------------------------------------

      Code (inc. data)   RO Data    RW Data    ZI Data      Debug   Library Member Name

       200         20          0          0          0         76   ceil.o
       200         20          0          0          0         76   floor.o
       156         14          0          0          0         84   round.o
         0          0          0          0          0          0   entry.o
         0          0          0          0          0          0   entry10a.o
         0          0          0          0          0          0   entry11a.o
         8          4          0          0          0          0   entry2.o
         4          0          0          0          0          0   entry5.o
         0          0          0          0          0          0   entry7b.o
         0          0          0          0          0          0   entry8b.o
         8          4          0          0          0          0   entry9a.o
        30          0          0          0          0          0   handlers.o
        36          8          0          0          0         68   init.o
         0          0          0          0          0          0   iusefp.o
        32          0          0          0          0         68   llshl.o
        38          0          0          0          0         68   llsshr.o
        34          0          0          0          0         68   llushr.o
        36          0          0          0          0         60   memcpya.o
        36          0          0          0          0        100   memseta.o
      2286         94          0          0          0        460   printfa.o
        44          0          0          0          0         72   uidiv.o
        96          0          0          0          0         84   uldiv.o
        40          2          0          0          0         68   cdcmple.o
        40          2          0          0          0         68   cdrcmple.o
       356          4          0          0          0        140   dadd.o
       240          6          0          0          0         84   ddiv.o
       236          0          0          0          0        216   depilogue.o
        60         10          0          0          0         68   dfixui.o
        64         10          0          0          0         68   dfixul.o
        40          6          0          0          0         68   dflti.o
        28          4          0          0          0         68   dfltui.o
       208          6          0          0          0         88   dmul.o
       124         10          0          0          0         76   drnd.o
        44          0          0          0          0         72   dscalb.o

    ----------------------------------------------------------------------
      4728        224          0          0          0       2368   Library Totals
         4          0          0          0          0          0   (incl. Padding)

    ----------------------------------------------------------------------

      Code (inc. data)   RO Data    RW Data    ZI Data      Debug   Library Name

       556         54          0          0          0        236   m_ps.l
      2688        110          0          0          0       1048   mc_p.l
      1480         60          0          0          0       1084   mf_p.l

    ----------------------------------------------------------------------
      4728        224          0          0          0       2368   Library Totals

    ----------------------------------------------------------------------

==============================================================================


      Code (inc. data)   RO Data    RW Data    ZI Data      Debug   

     23980       1596        624        100       2396     610845   Grand Totals
     23980       1596        624        100       2396     610845   ELF Image Totals
     23980       1596        624        100          0          0   ROM Totals

==============================================================================

    Total RO  Size (Code + RO Data)                24604 (  24.03kB)
    Total RW  Size (RW Data + ZI Data)              2496 (   2.44kB)
    Total ROM Size (Code + RO Data + RW Data)      24704 (  24.13kB)

==============================================================================

