Component: ARM Compiler 5.06 update 6 (build 750) Tool: armlink [4d35ed]

==============================================================================

Section Cross References

    sx1276.o(i.GetFskBandwidthRegValue) refers to sx1276.o(.constdata) for FskBandwidths
    sx1276.o(i.RxChainCalibration) refers to sx1276.o(i.SX1276Read) for SX1276Read
    sx1276.o(i.RxChainCalibration) refers to sx1276.o(i.SX1276Write) for SX1276Write
    sx1276.o(i.RxChainCalibration) refers to sx1276.o(i.SX1276SetChannel) for SX1276SetChannel
    sx1276.o(i.SX1276BoardInit) refers to sx1276.o(.data) for LoRaBoardCallbacks
    sx1276.o(i.SX1276GetStatus) refers to sx1276.o(.bss) for SX1276
    sx1276.o(i.SX1276GetTimeOnAir) refers to dfltui.o(.text) for __aeabi_ui2d
    sx1276.o(i.SX1276GetTimeOnAir) refers to sx1276.o(i.SX1276Read) for SX1276Read
    sx1276.o(i.SX1276GetTimeOnAir) refers to dflti.o(.text) for __aeabi_i2d
    sx1276.o(i.SX1276GetTimeOnAir) refers to dadd.o(.text) for __aeabi_dadd
    sx1276.o(i.SX1276GetTimeOnAir) refers to dmul.o(.text) for __aeabi_dmul
    sx1276.o(i.SX1276GetTimeOnAir) refers to ddiv.o(.text) for __aeabi_ddiv
    sx1276.o(i.SX1276GetTimeOnAir) refers to round.o(i.round) for round
    sx1276.o(i.SX1276GetTimeOnAir) refers to dfixui.o(.text) for __aeabi_d2uiz
    sx1276.o(i.SX1276GetTimeOnAir) refers to ceil.o(i.ceil) for ceil
    sx1276.o(i.SX1276GetTimeOnAir) refers to cdrcmple.o(.text) for __aeabi_cdrcmple
    sx1276.o(i.SX1276GetTimeOnAir) refers to floor.o(i.floor) for floor
    sx1276.o(i.SX1276GetTimeOnAir) refers to sx1276.o(.bss) for SX1276
    sx1276.o(i.SX1276GetWakeupTime) refers to sx1276.o(.data) for LoRaBoardCallbacks
    sx1276.o(i.SX1276Init) refers to timeserver.o(i.TimerInit) for TimerInit
    sx1276.o(i.SX1276Init) refers to sx1276.o(i.SX1276Reset) for SX1276Reset
    sx1276.o(i.SX1276Init) refers to sx1276.o(i.RxChainCalibration) for RxChainCalibration
    sx1276.o(i.SX1276Init) refers to sx1276.o(i.SX1276SetOpMode) for SX1276SetOpMode
    sx1276.o(i.SX1276Init) refers to sx1276.o(i.SX1276SetModem) for SX1276SetModem
    sx1276.o(i.SX1276Init) refers to sx1276.o(i.SX1276Write) for SX1276Write
    sx1276.o(i.SX1276Init) refers to sx1276.o(.data) for RadioEvents
    sx1276.o(i.SX1276Init) refers to sx1276.o(i.SX1276OnTimeoutIrq) for SX1276OnTimeoutIrq
    sx1276.o(i.SX1276Init) refers to sx1276.o(.bss) for TxTimeoutTimer
    sx1276.o(i.SX1276Init) refers to sx1276.o(.constdata) for RadioRegsInit
    sx1276.o(i.SX1276IsChannelFree) refers to sx1276.o(i.SX1276GetStatus) for SX1276GetStatus
    sx1276.o(i.SX1276IsChannelFree) refers to sx1276.o(i.SX1276SetModem) for SX1276SetModem
    sx1276.o(i.SX1276IsChannelFree) refers to sx1276.o(i.SX1276SetChannel) for SX1276SetChannel
    sx1276.o(i.SX1276IsChannelFree) refers to sx1276.o(i.SX1276SetOpMode) for SX1276SetOpMode
    sx1276.o(i.SX1276IsChannelFree) refers to mlm32l0xx_hal_msp.o(i.HAL_Delay) for HAL_Delay
    sx1276.o(i.SX1276IsChannelFree) refers to timeserver.o(i.TimerGetCurrentTime) for TimerGetCurrentTime
    sx1276.o(i.SX1276IsChannelFree) refers to sx1276.o(i.SX1276ReadRssi) for SX1276ReadRssi
    sx1276.o(i.SX1276IsChannelFree) refers to timeserver.o(i.TimerGetElapsedTime) for TimerGetElapsedTime
    sx1276.o(i.SX1276IsChannelFree) refers to sx1276.o(i.SX1276SetSleep) for SX1276SetSleep
    sx1276.o(i.SX1276OnDio0Irq) refers to sx1276.o(i.SX1276Read) for SX1276Read
    sx1276.o(i.SX1276OnDio0Irq) refers to sx1276.o(i.SX1276Write) for SX1276Write
    sx1276.o(i.SX1276OnDio0Irq) refers to timeserver.o(i.TimerStop) for TimerStop
    sx1276.o(i.SX1276OnDio0Irq) refers to timeserver.o(i.TimerStart) for TimerStart
    sx1276.o(i.SX1276OnDio0Irq) refers to sx1276.o(i.SX1276ReadFifo) for SX1276ReadFifo
    sx1276.o(i.SX1276OnDio0Irq) refers to sx1276.o(.bss) for SX1276
    sx1276.o(i.SX1276OnDio0Irq) refers to sx1276.o(.data) for RadioEvents
    sx1276.o(i.SX1276OnDio1Irq) refers to timeserver.o(i.TimerStop) for TimerStop
    sx1276.o(i.SX1276OnDio1Irq) refers to sx1276.o(i.SX1276ReadFifo) for SX1276ReadFifo
    sx1276.o(i.SX1276OnDio1Irq) refers to sx1276.o(i.SX1276Read) for SX1276Read
    sx1276.o(i.SX1276OnDio1Irq) refers to sx1276.o(i.SX1276Write) for SX1276Write
    sx1276.o(i.SX1276OnDio1Irq) refers to sx1276.o(i.SX1276WriteFifo) for SX1276WriteFifo
    sx1276.o(i.SX1276OnDio1Irq) refers to sx1276.o(.bss) for SX1276
    sx1276.o(i.SX1276OnDio1Irq) refers to sx1276.o(.data) for RadioEvents
    sx1276.o(i.SX1276OnDio2Irq) refers to timeserver.o(i.TimerStop) for TimerStop
    sx1276.o(i.SX1276OnDio2Irq) refers to sx1276.o(i.SX1276Read) for SX1276Read
    sx1276.o(i.SX1276OnDio2Irq) refers to sx1276.o(i.SX1276Write) for SX1276Write
    sx1276.o(i.SX1276OnDio2Irq) refers to sx1276.o(.bss) for SX1276
    sx1276.o(i.SX1276OnDio2Irq) refers to sx1276.o(.data) for RadioEvents
    sx1276.o(i.SX1276OnDio3Irq) refers to sx1276.o(i.SX1276Read) for SX1276Read
[...]
    __NVIC_SetPriority                       0x08007655   Thumb Code   110  stm32l0xx_hal_cortex.o(i.__NVIC_SetPriority)
    i.__scatterload_copy                     0x080076cc   Section       14  handlers.o(i.__scatterload_copy)
    i.__scatterload_null                     0x080076da   Section        2  handlers.o(i.__scatterload_null)
    i.__scatterload_zeroinit                 0x080076dc   Section       14  handlers.o(i.__scatterload_zeroinit)
    i.__set_PRIMASK                          0x080076ea   Section        0  timeserver.o(i.__set_PRIMASK)
    __set_PRIMASK                            0x080076eb   Thumb Code     6  timeserver.o(i.__set_PRIMASK)
    i.__set_PRIMASK                          0x080076f0   Section        0  trace.o(i.__set_PRIMASK)
    __set_PRIMASK                            0x080076f1   Thumb Code     6  trace.o(i.__set_PRIMASK)
    i._fp_digits                             0x080076f8   Section        0  printfa.o(i._fp_digits)
    _fp_digits                               0x080076f9   Thumb Code   344  printfa.o(i._fp_digits)
    i._printf_core                           0x0800786c   Section        0  printfa.o(i._printf_core)
    _printf_core                             0x0800786d   Thumb Code  1754  printfa.o(i._printf_core)
    i._printf_post_padding                   0x08007f58   Section        0  printfa.o(i._printf_post_padding)
    _printf_post_padding                     0x08007f59   Thumb Code    32  printfa.o(i._printf_post_padding)
    i._printf_pre_padding                    0x08007f78   Section        0  printfa.o(i._printf_pre_padding)
    _printf_pre_padding                      0x08007f79   Thumb Code    44  printfa.o(i._printf_pre_padding)
    i._snputc                                0x08007fa4   Section        0  printfa.o(i._snputc)
    _snputc                                  0x08007fa5   Thumb Code    22  printfa.o(i._snputc)
    i.add_elementSize_and_inc_writeIdx       0x08007fba   Section        0  queue.o(i.add_elementSize_and_inc_writeIdx)
    add_elementSize_and_inc_writeIdx         0x08007fbb   Thumb Code    50  queue.o(i.add_elementSize_and_inc_writeIdx)
    i.ceil                                   0x08007fec   Section        0  ceil.o(i.ceil)
    i.circular_queue_add                     0x080080b4   Section        0  queue.o(i.circular_queue_add)
    i.circular_queue_get                     0x08008190   Section        0  queue.o(i.circular_queue_get)
    i.circular_queue_get_free_size           0x080081dc   Section        0  queue.o(i.circular_queue_get_free_size)
    circular_queue_get_free_size             0x080081dd   Thumb Code    42  queue.o(i.circular_queue_get_free_size)
    i.circular_queue_init                    0x08008206   Section        0  queue.o(i.circular_queue_init)
    i.circular_queue_remove                  0x08008216   Section        0  queue.o(i.circular_queue_remove)
    i.circular_queue_sense                   0x08008276   Section        0  queue.o(i.circular_queue_sense)
    i.display_init                           0x08008286   Section        0  display.o(i.display_init)
    i.floor                                  0x08008290   Section        0  floor.o(i.floor)
    i.main                                   0x08008358   Section        0  main_master.o(i.main)
    i.memcpy1                                0x08008534   Section        0  utilities.o(i.memcpy1)
    i.queue_copy                             0x0800854c   Section        0  queue.o(i.queue_copy)
    queue_copy                               0x0800854d   Thumb Code    24  queue.o(i.queue_copy)
    i.rc5_init                               0x08008564   Section        0  rc5.o(i.rc5_init)
    i.rc5_ir_output_off                      0x08008610   Section        0  rc5.o(i.rc5_ir_output_off)
    i.rc5_ir_output_on                       0x08008620   Section        0  rc5.o(i.rc5_ir_output_on)
    i.read_temp                              0x08008630   Section        0  main_master.o(i.read_temp)
    read_temp                                0x08008631   Thumb Code    90  main_master.o(i.read_temp)
    i.round                                  0x0800868c   Section        0  round.o(i.round)
    i.vcom_DMA_TX_IRQHandler                 0x08008728   Section        0  vcom.o(i.vcom_DMA_TX_IRQHandler)
    i.vcom_IRQHandler                        0x08008738   Section        0  vcom.o(i.vcom_IRQHandler)
    i.vcom_Init                              0x08008748   Section        0  vcom.o(i.vcom_Init)
    i.vcom_IoInit                            0x08008788   Section        0  vcom.o(i.vcom_IoInit)
    i.vcom_Trace                             0x08008804   Section        0  vcom.o(i.vcom_Trace)
    .constdata                               0x0800881c   Section      224  sx1276.o(.constdata)
    .constdata                               0x080088fc   Section      116  mlm32l07x01.o(.constdata)
    .constdata                               0x08008970   Section       11  b-l072z-lrwan1.o(.constdata)
    .constdata                               0x0800897b   Section       33  system_stm32l0xx.o(.constdata)
    .constdata                               0x0800899c   Section       24  hw_rtc.o(.constdata)
    DaysInMonth                              0x0800899c   Data          12  hw_rtc.o(.constdata)
    DaysInMonthLeapYear                      0x080089a8   Data          12  hw_rtc.o(.constdata)
    .data                                    0x20000000   Section       32  sx1276.o(.data)
    RadioEvents                              0x20000000   Data           4  sx1276.o(.data)
    LoRaBoardCallbacks                       0x20000004   Data           4  sx1276.o(.data)
    .data                                    0x20000020   Section       24  mlm32l07x01.o(.data)
    BoardCallbacks                           0x20000020   Data          24  mlm32l07x01.o(.data)
    .data                                    0x20000038   Section       20  b-l072z-lrwan1.o(.data)
    .data                                    0x2000004c   Section        4  system_stm32l0xx.o(.data)
    .data                                    0x20000050   Section        4  stm32l0xx_hal.o(.data)
    .data                                    0x20000054   Section        4  hw_rtc.o(.data)
    HW_RTC_Initalized                        0x20000054   Data           1  hw_rtc.o(.data)
    McuWakeUpTimeInitialized                 0x20000055   Data           1  hw_rtc.o(.data)
    McuWakeUpTimeCal                         0x20000056   Data           2  hw_rtc.o(.data)
    .data                                    0x20000058   Section        4  vcom.o(.data)
    TxCpltCallback                           0x20000058   Data           4  vcom.o(.data)
    .data                                    0x2000005c   Section        2  mlm32l0xx_hw.o(.data)
    AdcInitialized                           0x2000005c   Data           1  mlm32l0xx_hw.o(.data)
    McuInitialized                           0x2000005d   Data           1  mlm32l0xx_hw.o(.data)
    .data                                    0x2000005e   Section        8  rc5.o(.data)
    .data                                    0x20000066   Section       12  main_master.o(.data)
    app_request                              0x20000069   Data           1  main_master.o(.data)
    indoor_temp                              0x2000006a   Data           1  main_master.o(.data)
    outdoor_temp                             0x2000006b   Data           1  main_master.o(.data)
    water_temp                               0x2000006c   Data           1  main_master.o(.data)
    cnt                                      0x20000070   Data           2  main_master.o(.data)
    .data                                    0x20000072   Section        2  ds18b20.o(.data)
    .data                                    0x20000074   Section        8  low_power_manager.o(.data)
    StopModeDisable                          0x20000074   Data           4  low_power_manager.o(.data)
    OffModeDisable                           0x20000078   Data           4  low_power_manager.o(.data)
    .data                                    0x2000007c   Section        4  timeserver.o(.data)
    TimerListHead                            0x2000007c   Data           4  timeserver.o(.data)
    .data                                    0x20000080   Section        1  trace.o(.data)
    .bss                                     0x20000084   Section      432  sx1276.o(.bss)
    RxTxBuffer                               0x20000084   Data         256  sx1276.o(.bss)
    .bss                                     0x20000234   Section       64  hw_gpio.o(.bss)
    GpioIrq                                  0x20000234   Data          64  hw_gpio.o(.bss)
    .bss                                     0x20000274   Section      104  hw_rtc.o(.bss)
    RtcHandle                                0x20000274   Data          36  hw_rtc.o(.bss)
    RTC_AlarmStructure                       0x20000298   Data          40  hw_rtc.o(.bss)
    RtcTimerContext                          0x200002c0   Data          28  hw_rtc.o(.bss)
    .bss                                     0x200002dc   Section       88  hw_spi.o(.bss)
    hspi                                     0x200002dc   Data          88  hw_spi.o(.bss)
    .bss                                     0x20000334   Section      200  vcom.o(.bss)
    UartHandle                               0x20000334   Data         128  vcom.o(.bss)
    hdma_tx                                  0x200003b4   Data          72  vcom.o(.bss)
    .bss                                     0x200003fc   Section       92  mlm32l0xx_hw.o(.bss)
    hadc                                     0x200003fc   Data          92  mlm32l0xx_hw.o(.bss)
    .bss                                     0x20000458   Section       60  rc5.o(.bss)
    .bss                                     0x20000494   Section      140  main_master.o(.bss)
    timerLed                                 0x200004d4   Data          24  main_master.o(.bss)
    timerTemp                                0x200004ec   Data          24  main_master.o(.bss)
    RadioEvents                              0x20000504   Data          28  main_master.o(.bss)
    .bss                                     0x20000520   Section       36  ds18b20.o(.bss)
    .bss                                     0x20000544   Section       60  tim.o(.bss)
    .bss                                     0x20000580   Section      272  trace.o(.bss)
    MsgTraceQueue                            0x20000580   Data          16  trace.o(.bss)
    MsgTraceQueueBuff                        0x20000590   Data         256  trace.o(.bss)
    STACK                                    0x20000690   Section     1024  startup_stm32l072xx.o(STACK)

    Global Symbols

    Symbol Name                              Value     Ov Type        Size  Object(Section)

    BuildAttributes$$THM_ISAv3M$S$PE$A:L22$X:L11$S22$IEEE1$IW$USESV6$~STKCKD$USESV7$~SHL$OTIME$ROPI$IEEEJ$EBA8$MICROLIB$REQ8$PRES8$EABIv2 0x00000000   Number         0  anon$$obj.o ABSOLUTE
    __ARM_use_no_argv                        0x00000000   Number         0  main_master.o ABSOLUTE
    __cpp_initialize__aeabi_                  - Undefined Weak Reference
    __cxa_finalize                            - Undefined Weak Reference
    __decompress                              - Undefined Weak Reference
    _clock_init                               - Undefined Weak Reference
    _microlib_exit                            - Undefined Weak Reference
    __Vectors_Size                           0x000000c0   Number         0  startup_stm32l072xx.o ABSOLUTE
    __Vectors                                0x08000000   Data           4  startup_stm32l072xx.o(RESET)
    __Vectors_End                            0x080000c0   Data           0  startup_stm32l072xx.o(RESET)
    __main                                   0x080000c1   Thumb Code     0  entry.o(.ARM.Collect$$$$00000000)
    _main_stk                                0x080000c1   Thumb Code     0  entry2.o(.ARM.Collect$$$$00000001)
    _main_scatterload                        0x080000c5   Thumb Code     0  entry5.o(.ARM.Collect$$$$00000004)
    __main_after_scatterload                 0x080000c9   Thumb Code     0  entry5.o(.ARM.Collect$$$$00000004)
    _main_clock                              0x080000c9   Thumb Code     0  entry7b.o(.ARM.Collect$$$$00000008)
    _main_cpp_init                           0x080000c9   Thumb Code     0  entry8b.o(.ARM.Collect$$$$0000000A)
    _main_init                               0x080000c9   Thumb Code     0  entry9a.o(.ARM.Collect$$$$0000000B)
    __rt_final_cpp                           0x080000d1   Thumb Code     0  entry10a.o(.ARM.Collect$$$$0000000D)
    __rt_final_exit                          0x080000d1   Thumb Code     0  entry11a.o(.ARM.Collect$$$$0000000F)
    Reset_Handler                            0x080000d5   Thumb Code     8  startup_stm32l072xx.o(.text)
    ADC1_COMP_IRQHandler                     0x080000e7   Thumb Code     0  startup_stm32l072xx.o(.text)
    DMA1_Channel1_IRQHandler                 0x080000e7   Thumb Code     0  startup_stm32l072xx.o(.text)
    DMA1_Channel2_3_IRQHandler               0x080000e7   Thumb Code     0  startup_stm32l072xx.o(.text)
    FLASH_IRQHandler                         0x080000e7   Thumb Code     0  startup_stm32l072xx.o(.text)
    I2C1_IRQHandler                          0x080000e7   Thumb Code     0  startup_stm32l072xx.o(.text)
    I2C2_IRQHandler                          0x080000e7   Thumb Code     0  startup_stm32l072xx.o(.text)
    I2C3_IRQHandler                          0x080000e7   Thumb Code     0  startup_stm32l072xx.o(.text)
    LPTIM1_IRQHandler                        0x080000e7   Thumb Code     0  startup_stm32l072xx.o(.text)
    PVD_IRQHandler                           0x080000e7   Thumb Code     0  startup_stm32l072xx.o(.text)
    RCC_CRS_IRQHandler                       0x080000e7   Thumb Code     0  startup_stm32l072xx.o(.text)
    RNG_LPUART1_IRQHandler                   0x080000e7   Thumb Code     0  startup_stm32l072xx.o(.text)
    SPI1_IRQHandler                          0x080000e7   Thumb Code     0  startup_stm32l072xx.o(.text)
    SPI2_IRQHandler                          0x080000e7   Thumb Code     0  startup_stm32l072xx.o(.text)
    TIM21_IRQHandler                         0x080000e7   Thumb Code     0  startup_stm32l072xx.o(.text)
    TIM22_IRQHandler                         0x080000e7   Thumb Code     0  startup_stm32l072xx.o(.text)
    TIM3_IRQHandler                          0x080000e7   Thumb Code     0  startup_stm32l072xx.o(.text)
    TIM6_DAC_IRQHandler                      0x080000e7   Thumb Code     0  startup_stm32l072xx.o(.text)
    TIM7_IRQHandler                          0x080000e7   Thumb Code     0  startup_stm32l072xx.o(.text)
    TSC_IRQHandler                           0x080000e7   Thumb Code     0  startup_stm32l072xx.o(.text)
    USART1_IRQHandler                        0x080000e7   Thumb Code     0  startup_stm32l072xx.o(.text)
    USART4_5_IRQHandler                      0x080000e7   Thumb Code     0  startup_stm32l072xx.o(.text)
    USB_IRQHandler                           0x080000e7   Thumb Code     0  startup_stm32l072xx.o(.text)
    WWDG_IRQHandler                          0x080000e7   Thumb Code     0  startup_stm32l072xx.o(.text)
    __aeabi_uidiv                            0x080000f1   Thumb Code     0  uidiv.o(.text)
    __aeabi_uidivmod                         0x080000f1   Thumb Code    44  uidiv.o(.text)
    __aeabi_idiv                             0x0800011d   Thumb Code     0  idiv.o(.text)
    __aeabi_idivmod                          0x0800011d   Thumb Code    40  idiv.o(.text)
    __aeabi_uldivmod                         0x08000145   Thumb Code    96  uldiv.o(.text)
    __aeabi_memcpy                           0x080001a5   Thumb Code    36  memcpya.o(.text)
    __aeabi_memcpy4                          0x080001a5   Thumb Code     0  memcpya.o(.text)
    __aeabi_memcpy8                          0x080001a5   Thumb Code     0  memcpya.o(.text)
    __aeabi_memset                           0x080001c9   Thumb Code    14  memseta.o(.text)
    __aeabi_memset4                          0x080001c9   Thumb Code     0  memseta.o(.text)
    __aeabi_memset8                          0x080001c9   Thumb Code     0  memseta.o(.text)
    __aeabi_memclr                           0x080001d7   Thumb Code     4  memseta.o(.text)
    __aeabi_memclr4                          0x080001d7   Thumb Code     0  memseta.o(.text)
    __aeabi_memclr8                          0x080001d7   Thumb Code     0  memseta.o(.text)
    _memset$wrapper                          0x080001db   Thumb Code    18  memseta.o(.text)
    __aeabi_dadd                             0x080001ed   Thumb Code   328  dadd.o(.text)
    __aeabi_dsub                             0x08000335   Thumb Code    12  dadd.o(.text)
    __aeabi_drsub                            0x08000341   Thumb Code    12  dadd.o(.text)
    __aeabi_dmul                             0x08000351   Thumb Code   202  dmul.o(.text)
    __aeabi_ddiv                             0x08000421   Thumb Code   234  ddiv.o(.text)
    __aeabi_i2d                              0x08000511   Thumb Code    34  dflti.o(.text)
    __aeabi_ui2d                             0x08000539   Thumb Code    24  dfltui.o(.text)
    __aeabi_d2iz                             0x08000555   Thumb Code    62  dfixi.o(.text)
    __aeabi_d2uiz                            0x0800059d   Thumb Code    50  dfixui.o(.text)
    __aeabi_f2d                              0x080005d9   Thumb Code    40  f2d.o(.text)
    __aeabi_cdrcmple                         0x08000601   Thumb Code    38  cdrcmple.o(.text)
    __aeabi_d2f                              0x08000629   Thumb Code    56  d2f.o(.text)
    __aeabi_llsl                             0x08000661   Thumb Code    32  llshl.o(.text)
    _ll_shift_l                              0x08000661   Thumb Code     0  llshl.o(.text)
    __aeabi_llsr                             0x08000681   Thumb Code    34  llushr.o(.text)
    _ll_ushift_r                             0x08000681   Thumb Code     0  llushr.o(.text)
    __aeabi_lasr                             0x080006a3   Thumb Code    38  llsshr.o(.text)
    _ll_sshift_r                             0x080006a3   Thumb Code     0  llsshr.o(.text)
    __I$use$fp                               0x080006c9   Thumb Code     0  iusefp.o(.text)
    _float_round                             0x080006c9   Thumb Code    16  fepilogue.o(.text)
    _float_epilogue                          0x080006d9   Thumb Code   114  fepilogue.o(.text)
    _double_round                            0x0800074b   Thumb Code    26  depilogue.o(.text)
    _double_epilogue                         0x08000765   Thumb Code   164  depilogue.o(.text)
    _drnd                                    0x08000809   Thumb Code   114  drnd.o(.text)
    __aeabi_d2ulz                            0x08000885   Thumb Code    54  dfixul.o(.text)
    __aeabi_cdcmpeq                          0x080008c5   Thumb Code     0  cdcmple.o(.text)
    __aeabi_cdcmple                          0x080008c5   Thumb Code    38  cdcmple.o(.text)
    __scatterload                            0x080008ed   Thumb Code    28  init.o(.text)
    __scatterload_rt2                        0x080008ed   Thumb Code     0  init.o(.text)
    BSP_LED_Init                             0x08000911   Thumb Code   188  b-l072z-lrwan1.o(i.BSP_LED_Init)
    BSP_LED_Off                              0x080009d9   Thumb Code    24  b-l072z-lrwan1.o(i.BSP_LED_Off)
    BSP_LED_On                               0x080009f9   Thumb Code    24  b-l072z-lrwan1.o(i.BSP_LED_On)
    DMA1_Channel4_5_6_7_IRQHandler           0x08000a51   Thumb Code     8  mlm32l0xx_it.o(i.DMA1_Channel4_5_6_7_IRQHandler)
    DS18B20_AllDone                          0x08000a89   Thumb Code    10  ds18b20.o(i.DS18B20_AllDone)
    DS18B20_GetTemperature                   0x08000a99   Thumb Code    30  ds18b20.o(i.DS18B20_GetTemperature)
    DS18B20_Init                             0x08000abd   Thumb Code   144  ds18b20.o(i.DS18B20_Init)
    DS18B20_Is                               0x08000b5d   Thumb Code    16  ds18b20.o(i.DS18B20_Is)
    DS18B20_Quantity                         0x08000b6d   Thumb Code     6  ds18b20.o(i.DS18B20_Quantity)
    DS18B20_Read                             0x08000b79   Thumb Code   146  ds18b20.o(i.DS18B20_Read)
    DS18B20_ReadAll                          0x08000c1d   Thumb Code    74  ds18b20.o(i.DS18B20_ReadAll)
    DS18B20_SetResolution                    0x08000c71   Thumb Code   246  ds18b20.o(i.DS18B20_SetResolution)
    DS18B20_StartAll                         0x08000d75   Thumb Code    26  ds18b20.o(i.DS18B20_StartAll)
    EXTI0_1_IRQHandler                       0x08000d95   Thumb Code    16  mlm32l0xx_it.o(i.EXTI0_1_IRQHandler)
    EXTI2_3_IRQHandler                       0x08000da5   Thumb Code    16  mlm32l0xx_it.o(i.EXTI2_3_IRQHandler)
    EXTI4_15_IRQHandler                      0x08000db5   Thumb Code    92  mlm32l0xx_it.o(i.EXTI4_15_IRQHandler)
    Error_Handler                            0x08000e39   Thumb Code    14  debug.o(i.Error_Handler)
    HAL_ADC_Init                             0x08000e8d   Thumb Code   562  stm32l0xx_hal_adc.o(i.HAL_ADC_Init)
    HAL_ADC_MspInit                          0x080010c9   Thumb Code     2  stm32l0xx_hal_adc.o(i.HAL_ADC_MspInit)
    HAL_DMA_Abort_IT                         0x080010cb   Thumb Code    92  stm32l0xx_hal_dma.o(i.HAL_DMA_Abort_IT)
    HAL_DMA_IRQHandler                       0x08001127   Thumb Code   264  stm32l0xx_hal_dma.o(i.HAL_DMA_IRQHandler)
    HAL_DMA_Init                             0x08001231   Thumb Code   158  stm32l0xx_hal_dma.o(i.HAL_DMA_Init)
    HAL_DMA_Start_IT                         0x080012d9   Thumb Code   154  stm32l0xx_hal_dma.o(i.HAL_DMA_Start_IT)
    HAL_Delay                                0x08001373   Thumb Code    10  mlm32l0xx_hal_msp.o(i.HAL_Delay)
    HAL_GPIO_EXTI_Callback                   0x0800137d   Thumb Code    12  mlm32l0xx_hal_msp.o(i.HAL_GPIO_EXTI_Callback)
    HAL_GPIO_EXTI_IRQHandler                 0x08001389   Thumb Code    26  stm32l0xx_hal_gpio.o(i.HAL_GPIO_EXTI_IRQHandler)
    HAL_GPIO_Init                            0x080013a9   Thumb Code   472  stm32l0xx_hal_gpio.o(i.HAL_GPIO_Init)
    HAL_GPIO_ReadPin                         0x080015a1   Thumb Code    18  stm32l0xx_hal_gpio.o(i.HAL_GPIO_ReadPin)
    HAL_GPIO_WritePin                        0x080015b3   Thumb Code    12  stm32l0xx_hal_gpio.o(i.HAL_GPIO_WritePin)
    HAL_GetTick                              0x080015c1   Thumb Code     6  stm32l0xx_hal.o(i.HAL_GetTick)
    HAL_IncTick                              0x080015cd   Thumb Code    12  stm32l0xx_hal.o(i.HAL_IncTick)
    HAL_Init                                 0x080015dd   Thumb Code    38  stm32l0xx_hal.o(i.HAL_Init)
    HAL_InitTick                             0x08001609   Thumb Code     6  mlm32l0xx_hal_msp.o(i.HAL_InitTick)
    HAL_MspInit                              0x08001611   Thumb Code    50  mlm32l0xx_hal_msp.o(i.HAL_MspInit)
    HAL_NVIC_EnableIRQ                       0x0800164d   Thumb Code    22  stm32l0xx_hal_cortex.o(i.HAL_NVIC_EnableIRQ)
    HAL_NVIC_SetPriority                     0x08001669   Thumb Code    18  stm32l0xx_hal_cortex.o(i.HAL_NVIC_SetPriority)
    HAL_PWREx_EnableFastWakeUp               0x0800167d   Thumb Code    16  stm32l0xx_hal_pwr_ex.o(i.HAL_PWREx_EnableFastWakeUp)
    HAL_PWREx_EnableUltraLowPower            0x08001691   Thumb Code    16  stm32l0xx_hal_pwr_ex.o(i.HAL_PWREx_EnableUltraLowPower)
    HAL_PWR_DisablePVD                       0x080016a5   Thumb Code    14  stm32l0xx_hal_pwr.o(i.HAL_PWR_DisablePVD)
    HAL_RCCEx_PeriphCLKConfig                0x080016b9   Thumb Code   606  stm32l0xx_hal_rcc_ex.o(i.HAL_RCCEx_PeriphCLKConfig)
    HAL_RCC_ClockConfig                      0x08001925   Thumb Code   498  stm32l0xx_hal_rcc.o(i.HAL_RCC_ClockConfig)
    HAL_RCC_GetHCLKFreq                      0x08001b2d   Thumb Code     6  stm32l0xx_hal_rcc.o(i.HAL_RCC_GetHCLKFreq)
    HAL_RCC_GetPCLK1Freq                     0x08001b39   Thumb Code    26  stm32l0xx_hal_rcc.o(i.HAL_RCC_GetPCLK1Freq)
    HAL_RCC_GetPCLK2Freq                     0x08001b5d   Thumb Code    26  stm32l0xx_hal_rcc.o(i.HAL_RCC_GetPCLK2Freq)
    HAL_RCC_GetSysClockFreq                  0x08001b81   Thumb Code   186  stm32l0xx_hal_rcc.o(i.HAL_RCC_GetSysClockFreq)
    HAL_RCC_OscConfig                        0x08001c51   Thumb Code  1764  stm32l0xx_hal_rcc.o(i.HAL_RCC_OscConfig)
    HAL_RTCEx_EnableBypassShadow             0x08002345   Thumb Code    88  stm32l0xx_hal_rtc_ex.o(i.HAL_RTCEx_EnableBypassShadow)
    HAL_RTC_AlarmAEventCallback              0x0800239d   Thumb Code    10  mlm32l0xx_hal_msp.o(i.HAL_RTC_AlarmAEventCallback)
    HAL_RTC_DeactivateAlarm                  0x080023a7   Thumb Code   272  stm32l0xx_hal_rtc.o(i.HAL_RTC_DeactivateAlarm)
    HAL_RTC_GetDate                          0x080024b9   Thumb Code    86  stm32l0xx_hal_rtc.o(i.HAL_RTC_GetDate)
    HAL_RTC_GetTime                          0x08002515   Thumb Code   102  stm32l0xx_hal_rtc.o(i.HAL_RTC_GetTime)
    HAL_RTC_Init                             0x08002581   Thumb Code   248  stm32l0xx_hal_rtc.o(i.HAL_RTC_Init)
    HAL_RTC_MspInit                          0x0800267d   Thumb Code   106  mlm32l0xx_hal_msp.o(i.HAL_RTC_MspInit)
    HAL_RTC_SetAlarm_IT                      0x080026ed   Thumb Code   558  stm32l0xx_hal_rtc.o(i.HAL_RTC_SetAlarm_IT)
    HAL_RTC_SetDate                          0x08002929   Thumb Code   282  stm32l0xx_hal_rtc.o(i.HAL_RTC_SetDate)
    HAL_RTC_SetTime                          0x08002a49   Thumb Code   326  stm32l0xx_hal_rtc.o(i.HAL_RTC_SetTime)
    HAL_RTC_WaitForSynchro                   0x08002b95   Thumb Code    58  stm32l0xx_hal_rtc.o(i.HAL_RTC_WaitForSynchro)
    HAL_SPI_Init                             0x08002bcf   Thumb Code   146  stm32l0xx_hal_spi.o(i.HAL_SPI_Init)
    HAL_SPI_MspInit                          0x08002c61   Thumb Code     2  stm32l0xx_hal_spi.o(i.HAL_SPI_MspInit)
    HAL_SPI_TransmitReceive                  0x08002c63   Thumb Code   600  stm32l0xx_hal_spi.o(i.HAL_SPI_TransmitReceive)
    HAL_TIMEx_MasterConfigSynchronization    0x08002ebb   Thumb Code    92  stm32l0xx_hal_tim_ex.o(i.HAL_TIMEx_MasterConfigSynchronization)
    HAL_TIM_Base_Init                        0x08002f17   Thumb Code    56  stm32l0xx_hal_tim.o(i.HAL_TIM_Base_Init)
    HAL_TIM_Base_MspInit                     0x08002f51   Thumb Code    22  tim.o(i.HAL_TIM_Base_MspInit)
    HAL_TIM_Base_Start                       0x08002f71   Thumb Code    42  stm32l0xx_hal_tim.o(i.HAL_TIM_Base_Start)
    HAL_TIM_Base_Stop_IT                     0x08002f9d   Thumb Code    46  stm32l0xx_hal_tim.o(i.HAL_TIM_Base_Stop_IT)
    HAL_TIM_ConfigClockSource                0x08002fd1   Thumb Code   272  stm32l0xx_hal_tim.o(i.HAL_TIM_ConfigClockSource)
    HAL_TIM_IC_CaptureCallback               0x080030e1   Thumb Code     2  stm32l0xx_hal_tim.o(i.HAL_TIM_IC_CaptureCallback)
    HAL_TIM_IRQHandler                       0x080030e3   Thumb Code   380  stm32l0xx_hal_tim.o(i.HAL_TIM_IRQHandler)
    HAL_TIM_OC_DelayElapsedCallback          0x08003261   Thumb Code    28  rc5.o(i.HAL_TIM_OC_DelayElapsedCallback)
    HAL_TIM_PWM_PulseFinishedCallback        0x08003281   Thumb Code     2  stm32l0xx_hal_tim.o(i.HAL_TIM_PWM_PulseFinishedCallback)
    HAL_TIM_PeriodElapsedCallback            0x08003285   Thumb Code   216  rc5.o(i.HAL_TIM_PeriodElapsedCallback)
    HAL_TIM_TriggerCallback                  0x08003379   Thumb Code     2  stm32l0xx_hal_tim.o(i.HAL_TIM_TriggerCallback)
    HAL_UARTEx_WakeupCallback                0x0800337b   Thumb Code     2  stm32l0xx_hal_uart_ex.o(i.HAL_UARTEx_WakeupCallback)
    HAL_UART_ErrorCallback                   0x0800337d   Thumb Code     2  stm32l0xx_hal_uart.o(i.HAL_UART_ErrorCallback)
    HAL_UART_IRQHandler                      0x08003381   Thumb Code   456  stm32l0xx_hal_uart.o(i.HAL_UART_IRQHandler)
    HAL_UART_Init                            0x0800354d   Thumb Code   126  stm32l0xx_hal_uart.o(i.HAL_UART_Init)
    HAL_UART_MspInit                         0x080035cd   Thumb Code   200  vcom.o(i.HAL_UART_MspInit)
    HAL_UART_Transmit_DMA                    0x080036a5   Thumb Code   202  stm32l0xx_hal_uart.o(i.HAL_UART_Transmit_DMA)
    HAL_UART_TxCpltCallback                  0x0800377d   Thumb Code    12  vcom.o(i.HAL_UART_TxCpltCallback)
    HAL_UART_TxHalfCpltCallback              0x0800378d   Thumb Code     2  stm32l0xx_hal_uart.o(i.HAL_UART_TxHalfCpltCallback)
    HW_AdcInit                               0x08003791   Thumb Code   106  mlm32l0xx_hw.o(i.HW_AdcInit)
    HW_GPIO_Init                             0x08003851   Thumb Code   222  hw_gpio.o(i.HW_GPIO_Init)
    HW_GPIO_IrqHandler                       0x0800393d   Thumb Code    34  hw_gpio.o(i.HW_GPIO_IrqHandler)
    HW_GPIO_SetIrq                           0x08003965   Thumb Code    62  hw_gpio.o(i.HW_GPIO_SetIrq)
    HW_GPIO_Write                            0x080039a9   Thumb Code    20  hw_gpio.o(i.HW_GPIO_Write)
    HW_GpioInit                              0x080039bd   Thumb Code   226  mlm32l0xx_hw.o(i.HW_GpioInit)
    HW_Init                                  0x08003ab9   Thumb Code    64  mlm32l0xx_hw.o(i.HW_Init)
    HW_RTC_DelayMs                           0x08003b01   Thumb Code    38  hw_rtc.o(i.HW_RTC_DelayMs)
    HW_RTC_GetMinimumTimeout                 0x08003c0d   Thumb Code     4  hw_rtc.o(i.HW_RTC_GetMinimumTimeout)
    HW_RTC_GetTimerContext                   0x08003c11   Thumb Code     6  hw_rtc.o(i.HW_RTC_GetTimerContext)
    HW_RTC_GetTimerElapsedTime               0x08003c1d   Thumb Code    24  hw_rtc.o(i.HW_RTC_GetTimerElapsedTime)
    HW_RTC_GetTimerValue                     0x08003c39   Thumb Code    20  hw_rtc.o(i.HW_RTC_GetTimerValue)
    HW_RTC_Init                              0x08003c4d   Thumb Code    30  hw_rtc.o(i.HW_RTC_Init)
    HW_RTC_IrqHandler                        0x08003c71   Thumb Code    72  hw_rtc.o(i.HW_RTC_IrqHandler)
    HW_RTC_SetAlarm                          0x08003cc5   Thumb Code    64  hw_rtc.o(i.HW_RTC_SetAlarm)
    HW_RTC_SetTimerContext                   0x08003d8d   Thumb Code    24  hw_rtc.o(i.HW_RTC_SetTimerContext)
    HW_RTC_StopAlarm                         0x08003f35   Thumb Code    42  hw_rtc.o(i.HW_RTC_StopAlarm)
    HW_RTC_Tick2ms                           0x08003f6d   Thumb Code    26  hw_rtc.o(i.HW_RTC_Tick2ms)
    HW_RTC_ms2Tick                           0x08003f87   Thumb Code    24  hw_rtc.o(i.HW_RTC_ms2Tick)
    HW_SPI_InOut                             0x08003fa1   Thumb Code    28  hw_spi.o(i.HW_SPI_InOut)
    HW_SPI_Init                              0x08003fc1   Thumb Code    90  hw_spi.o(i.HW_SPI_Init)
    HW_SPI_IoInit                            0x0800402d   Thumb Code   100  hw_spi.o(i.HW_SPI_IoInit)
    HardFault_Handler                        0x08004095   Thumb Code     6  mlm32l0xx_it.o(i.HardFault_Handler)
    LPM_GetMode                              0x0800409d   Thumb Code    46  low_power_manager.o(i.LPM_GetMode)
    LPM_SetOffMode                           0x080040d5   Thumb Code    60  low_power_manager.o(i.LPM_SetOffMode)
    LPM_SetStopMode                          0x08004115   Thumb Code    60  low_power_manager.o(i.LPM_SetStopMode)
    MSP_GetIRQn                              0x08004155   Thumb Code   156  mlm32l0xx_hal_msp.o(i.MSP_GetIRQn)
    MX_TIM22_Init                            0x080041f1   Thumb Code   104  tim.o(i.MX_TIM22_Init)
    NMI_Handler                              0x08004265   Thumb Code     2  mlm32l0xx_it.o(i.NMI_Handler)
    OnRxDone                                 0x08004269   Thumb Code   232  main_master.o(i.OnRxDone)
    OnRxError                                0x080043ad   Thumb Code    34  main_master.o(i.OnRxError)
    OnRxTimeout                              0x080043e9   Thumb Code    26  main_master.o(i.OnRxTimeout)
    OnTxDone                                 0x08004439   Thumb Code    26  main_master.o(i.OnTxDone)
    OnTxTimeout                              0x08004469   Thumb Code    26  main_master.o(i.OnTxTimeout)
    OneWire_BusInputDirection                0x0800449d   Thumb Code    16  onewire.o(i.OneWire_BusInputDirection)
    OneWire_BusOutputDirection               0x080044b1   Thumb Code    16  onewire.o(i.OneWire_BusOutputDirection)
    OneWire_Delay                            0x080044c5   Thumb Code    22  onewire.o(i.OneWire_Delay)
    OneWire_First                            0x080044e1   Thumb Code    20  onewire.o(i.OneWire_First)
    OneWire_GetFullROM                       0x080044f5   Thumb Code    24  onewire.o(i.OneWire_GetFullROM)
    OneWire_Init                             0x0800450d   Thumb Code    62  onewire.o(i.OneWire_Init)
    OneWire_Next                             0x08004551   Thumb Code    14  onewire.o(i.OneWire_Next)
    OneWire_OutputHigh                       0x0800455f   Thumb Code     8  onewire.o(i.OneWire_OutputHigh)
    OneWire_OutputLow                        0x08004567   Thumb Code    10  onewire.o(i.OneWire_OutputLow)
    OneWire_ReadBit                          0x08004571   Thumb Code    60  onewire.o(i.OneWire_ReadBit)
    OneWire_ReadByte                         0x080045ad   Thumb Code    36  onewire.o(i.OneWire_ReadByte)
    OneWire_Reset                            0x080045d1   Thumb Code    58  onewire.o(i.OneWire_Reset)
    OneWire_ResetSearch                      0x0800460b   Thumb Code    10  onewire.o(i.OneWire_ResetSearch)
    OneWire_Search                           0x08004615   Thumb Code   276  onewire.o(i.OneWire_Search)
    OneWire_SelectWithPointer                0x08004729   Thumb Code    36  onewire.o(i.OneWire_SelectWithPointer)
    OneWire_WriteBit                         0x0800474d   Thumb Code    86  onewire.o(i.OneWire_WriteBit)
    OneWire_WriteByte                        0x080047a3   Thumb Code    32  onewire.o(i.OneWire_WriteByte)
    PendSV_Handler                           0x080047e1   Thumb Code     2  mlm32l0xx_it.o(i.PendSV_Handler)
    RTC_Bcd2ToByte                           0x080047e3   Thumb Code    24  stm32l0xx_hal_rtc.o(i.RTC_Bcd2ToByte)
    RTC_ByteToBcd2                           0x080047fb   Thumb Code    28  stm32l0xx_hal_rtc.o(i.RTC_ByteToBcd2)
    RTC_EnterInitMode                        0x08004817   Thumb Code    64  stm32l0xx_hal_rtc.o(i.RTC_EnterInitMode)
    RTC_IRQHandler                           0x08004857   Thumb Code     8  mlm32l0xx_it.o(i.RTC_IRQHandler)
    RxChainCalibration                       0x08004861   Thumb Code   168  sx1276.o(i.RxChainCalibration)
    SVC_Handler                              0x08004a13   Thumb Code     2  mlm32l0xx_it.o(i.SVC_Handler)
    SX1276BoardInit                          0x08004ad5   Thumb Code     6  sx1276.o(i.SX1276BoardInit)
    SX1276CheckRfFrequency                   0x08004ae1   Thumb Code     6  mlm32l07x01.o(i.SX1276CheckRfFrequency)
    SX1276GetPaSelect                        0x08004ae7   Thumb Code    14  mlm32l07x01.o(i.SX1276GetPaSelect)
    SX1276GetStatus                          0x08004af5   Thumb Code     6  sx1276.o(i.SX1276GetStatus)
    SX1276GetTimeOnAir                       0x08004b01   Thumb Code   630  sx1276.o(i.SX1276GetTimeOnAir)
    SX1276GetWakeTime                        0x08004da1   Thumb Code     4  mlm32l07x01.o(i.SX1276GetWakeTime)
    SX1276GetWakeupTime                      0x08004da5   Thumb Code    14  sx1276.o(i.SX1276GetWakeupTime)
    SX1276Init                               0x08004db9   Thumb Code   136  sx1276.o(i.SX1276Init)
    SX1276IoDeInit                           0x08004e65   Thumb Code    66  mlm32l07x01.o(i.SX1276IoDeInit)
    SX1276IoInit                             0x08004eb5   Thumb Code    98  mlm32l07x01.o(i.SX1276IoInit)
    SX1276IoIrqInit                          0x08004f29   Thumb Code    56  mlm32l07x01.o(i.SX1276IoIrqInit)
    SX1276IsChannelFree                      0x08004f69   Thumb Code   104  sx1276.o(i.SX1276IsChannelFree)
    SX1276OnDio0Irq                          0x08004fd1   Thumb Code   864  sx1276.o(i.SX1276OnDio0Irq)
    SX1276OnDio1Irq                          0x0800534d   Thumb Code   380  sx1276.o(i.SX1276OnDio1Irq)
    SX1276OnDio2Irq                          0x080054dd   Thumb Code   306  sx1276.o(i.SX1276OnDio2Irq)
    SX1276OnDio3Irq                          0x08005621   Thumb Code   116  sx1276.o(i.SX1276OnDio3Irq)
    SX1276OnDio4Irq                          0x0800569d   Thumb Code    44  sx1276.o(i.SX1276OnDio4Irq)
    SX1276OnTimeoutIrq                       0x080056cd   Thumb Code   256  sx1276.o(i.SX1276OnTimeoutIrq)
    SX1276Random                             0x080057dd   Thumb Code    64  sx1276.o(i.SX1276Random)
    SX1276Read                               0x0800581d   Thumb Code    20  sx1276.o(i.SX1276Read)
    SX1276ReadBuffer                         0x08005831   Thumb Code    64  sx1276.o(i.SX1276ReadBuffer)
    SX1276ReadFifo                           0x08005871   Thumb Code    18  sx1276.o(i.SX1276ReadFifo)
    SX1276ReadRssi                           0x08005885   Thumb Code    74  sx1276.o(i.SX1276ReadRssi)
    SX1276Reset                              0x080058d9   Thumb Code    74  sx1276.o(i.SX1276Reset)
    SX1276Send                               0x08005929   Thumb Code   296  sx1276.o(i.SX1276Send)
    SX1276SetAntSw                           0x08005a59   Thumb Code    98  mlm32l07x01.o(i.SX1276SetAntSw)
    SX1276SetAntSwLowPower                   0x08005ac5   Thumb Code    20  mlm32l07x01.o(i.SX1276SetAntSwLowPower)
    SX1276SetChannel                         0x08005ad9   Thumb Code    74  sx1276.o(i.SX1276SetChannel)
    SX1276SetMaxPayloadLength                0x08005b31   Thumb Code    54  sx1276.o(i.SX1276SetMaxPayloadLength)
    SX1276SetModem                           0x08005b6d   Thumb Code   152  sx1276.o(i.SX1276SetModem)
    SX1276SetOpMode                          0x08005c09   Thumb Code   106  sx1276.o(i.SX1276SetOpMode)
    SX1276SetPublicNetwork                   0x08005c79   Thumb Code    38  sx1276.o(i.SX1276SetPublicNetwork)
    SX1276SetRfTxPower                       0x08005ca5   Thumb Code   202  mlm32l07x01.o(i.SX1276SetRfTxPower)
    SX1276SetRx                              0x08005d71   Thumb Code   618  sx1276.o(i.SX1276SetRx)
    SX1276SetRxConfig                        0x08006009   Thumb Code   772  sx1276.o(i.SX1276SetRxConfig)
    SX1276SetSleep                           0x08006325   Thumb Code    44  sx1276.o(i.SX1276SetSleep)
    SX1276SetStby                            0x08006365   Thumb Code    34  sx1276.o(i.SX1276SetStby)
    SX1276SetTx                              0x08006399   Thumb Code   200  sx1276.o(i.SX1276SetTx)
    SX1276SetTxConfig                        0x0800646d   Thumb Code   608  sx1276.o(i.SX1276SetTxConfig)
    SX1276SetTxContinuousWave                0x080066dd   Thumb Code   126  sx1276.o(i.SX1276SetTxContinuousWave)
    SX1276SetXO                              0x08006765   Thumb Code    44  mlm32l07x01.o(i.SX1276SetXO)
    SX1276StartCad                           0x08006791   Thumb Code    66  sx1276.o(i.SX1276StartCad)
    SX1276Write                              0x080067d9   Thumb Code    16  sx1276.o(i.SX1276Write)
    SX1276WriteBuffer                        0x080067e9   Thumb Code    64  sx1276.o(i.SX1276WriteBuffer)
    SX1276WriteFifo                          0x08006829   Thumb Code    18  sx1276.o(i.SX1276WriteFifo)
    SysTick_Handler                          0x08006889   Thumb Code     8  mlm32l0xx_it.o(i.SysTick_Handler)
    SystemClock_Config                       0x08006891   Thumb Code   152  mlm32l0xx_hw.o(i.SystemClock_Config)
    SystemInit                               0x08006931   Thumb Code    88  system_stm32l0xx.o(i.SystemInit)
    TIM2_IRQHandler                          0x08006999   Thumb Code    10  rc5.o(i.TIM2_IRQHandler)
    TimerGetCurrentTime                      0x08006add   Thumb Code    16  timeserver.o(i.TimerGetCurrentTime)
    TimerGetElapsedTime                      0x08006aed   Thumb Code    32  timeserver.o(i.TimerGetElapsedTime)
    TimerInit                                0x08006b0d   Thumb Code    18  timeserver.o(i.TimerInit)
    TimerIrqHandler                          0x08006b79   Thumb Code   192  timeserver.o(i.TimerIrqHandler)
    TimerSetValue                            0x08006c67   Thumb Code    40  timeserver.o(i.TimerSetValue)
    TimerStart                               0x08006c91   Thumb Code   118  timeserver.o(i.TimerStart)
    TimerStop                                0x08006d0d   Thumb Code   184  timeserver.o(i.TimerStop)
    TraceInit                                0x08006dc9   Thumb Code    22  trace.o(i.TraceInit)
    TraceSend                                0x08006ded   Thumb Code   130  trace.o(i.TraceSend)
    UART_AdvFeatureConfig                    0x08006ed1   Thumb Code   240  stm32l0xx_hal_uart.o(i.UART_AdvFeatureConfig)
    UART_CheckIdleState                      0x08006fc1   Thumb Code   106  stm32l0xx_hal_uart.o(i.UART_CheckIdleState)
    UART_SetConfig                           0x08007139   Thumb Code   970  stm32l0xx_hal_uart.o(i.UART_SetConfig)
    UART_WaitOnFlagUntilTimeout              0x08007539   Thumb Code   108  stm32l0xx_hal_uart.o(i.UART_WaitOnFlagUntilTimeout)
    USART2_IRQHandler                        0x080075a5   Thumb Code     8  mlm32l0xx_it.o(i.USART2_IRQHandler)
    __0vsnprintf                             0x080075ad   Thumb Code    40  printfa.o(i.__0vsnprintf)
    __1vsnprintf                             0x080075ad   Thumb Code     0  printfa.o(i.__0vsnprintf)
    __2vsnprintf                             0x080075ad   Thumb Code     0  printfa.o(i.__0vsnprintf)
    __c89vsnprintf                           0x080075ad   Thumb Code     0  printfa.o(i.__0vsnprintf)
    vsnprintf                                0x080075ad   Thumb Code     0  printfa.o(i.__0vsnprintf)
    __ARM_clz                                0x080075d9   Thumb Code    46  depilogue.o(i.__ARM_clz)
    __ARM_common_ll_muluu                    0x08007607   Thumb Code    48  stm32l0xx_hal_uart.o(i.__ARM_common_ll_muluu)
    __ARM_common_switch8                     0x08007637   Thumb Code    28  sx1276.o(i.__ARM_common_switch8)
    __scatterload_copy                       0x080076cd   Thumb Code    14  handlers.o(i.__scatterload_copy)
    __scatterload_null                       0x080076db   Thumb Code     2  handlers.o(i.__scatterload_null)
    __scatterload_zeroinit                   0x080076dd   Thumb Code    14  handlers.o(i.__scatterload_zeroinit)
    ceil                                     0x08007fed   Thumb Code   180  ceil.o(i.ceil)
    circular_queue_add                       0x080080b5   Thumb Code   220  queue.o(i.circular_queue_add)
    circular_queue_get                       0x08008191   Thumb Code    76  queue.o(i.circular_queue_get)
    circular_queue_init                      0x08008207   Thumb Code    16  queue.o(i.circular_queue_init)
    circular_queue_remove                    0x08008217   Thumb Code    96  queue.o(i.circular_queue_remove)
    circular_queue_sense                     0x08008277   Thumb Code    16  queue.o(i.circular_queue_sense)
    display_init                             0x08008287   Thumb Code     8  display.o(i.display_init)
    floor                                    0x08008291   Thumb Code   180  floor.o(i.floor)
    main                                     0x08008359   Thumb Code   288  main_master.o(i.main)
    memcpy1                                  0x08008535   Thumb Code    24  utilities.o(i.memcpy1)
    rc5_init                                 0x08008565   Thumb Code   160  rc5.o(i.rc5_init)
    rc5_ir_output_off                        0x08008611   Thumb Code    16  rc5.o(i.rc5_ir_output_off)
    rc5_ir_output_on                         0x08008621   Thumb Code    16  rc5.o(i.rc5_ir_output_on)
    round                                    0x0800868d   Thumb Code   142  round.o(i.round)
    vcom_DMA_TX_IRQHandler                   0x08008729   Thumb Code    12  vcom.o(i.vcom_DMA_TX_IRQHandler)
    vcom_IRQHandler                          0x08008739   Thumb Code    10  vcom.o(i.vcom_IRQHandler)
    vcom_Init                                0x08008749   Thumb Code    50  vcom.o(i.vcom_Init)
    vcom_IoInit                              0x08008789   Thumb Code   120  vcom.o(i.vcom_IoInit)
    vcom_Trace                               0x08008805   Thumb Code    18  vcom.o(i.vcom_Trace)
    RadioRegsInit                            0x0800881c   Data          48  sx1276.o(.constdata)
    FskBandwidths                            0x0800884c   Data         176  sx1276.o(.constdata)
    Radio                                    0x080088fc   Data         116  mlm32l07x01.o(.constdata)
    LED_PIN                                  0x08008970   Data           8  b-l072z-lrwan1.o(.constdata)
    BUTTON_PIN                               0x08008978   Data           2  b-l072z-lrwan1.o(.constdata)
    BUTTON_IRQn                              0x0800897a   Data           1  b-l072z-lrwan1.o(.constdata)
    AHBPrescTable                            0x0800897b   Data          16  system_stm32l0xx.o(.constdata)
    APBPrescTable                            0x0800898b   Data           8  system_stm32l0xx.o(.constdata)
    PLLMulTable                              0x08008993   Data           9  system_stm32l0xx.o(.constdata)
    Region$$Table$$Base                      0x080089b4   Number         0  anon$$obj.o(Region$$Table)
    Region$$Table$$Limit                     0x080089d4   Number         0  anon$$obj.o(Region$$Table)
    DioIrq                                   0x20000008   Data          24  sx1276.o(.data)
    LED_PORT                                 0x20000038   Data          16  b-l072z-lrwan1.o(.data)
    BUTTON_PORT                              0x20000048   Data           4  b-l072z-lrwan1.o(.data)
    SystemCoreClock                          0x2000004c   Data           4  system_stm32l0xx.o(.data)
    uwTick                                   0x20000050   Data           4  stm32l0xx_hal.o(.data)
    rc5_toggle                               0x2000005e   Data           1  rc5.o(.data)
    rc5_pulse_cnt                            0x2000005f   Data           1  rc5.o(.data)
    rc5_bit_cnt                              0x20000060   Data           1  rc5.o(.data)
    rc5_bit_value                            0x20000061   Data           1  rc5.o(.data)
    rc5_output                               0x20000062   Data           1  rc5.o(.data)
    rc5_tx_ready                             0x20000063   Data           1  rc5.o(.data)
    rc5_command                              0x20000064   Data           2  rc5.o(.data)
    BufferSize                               0x20000066   Data           2  main_master.o(.data)
    State                                    0x20000068   Data           1  main_master.o(.data)
    RssiValue                                0x2000006d   Data           1  main_master.o(.data)
    SnrValue                                 0x2000006e   Data           1  main_master.o(.data)
    OneWireDevices                           0x20000072   Data           1  ds18b20.o(.data)
    TempSensorCount                          0x20000073   Data           1  ds18b20.o(.data)
    TracePeripheralReady                     0x20000080   Data           1  trace.o(.data)
    SX1276                                   0x20000184   Data         104  sx1276.o(.bss)
    TxTimeoutTimer                           0x200001ec   Data          24  sx1276.o(.bss)
    RxTimeoutTimer                           0x20000204   Data          24  sx1276.o(.bss)
    RxTimeoutSyncWord                        0x2000021c   Data          24  sx1276.o(.bss)
    tim2                                     0x20000458   Data          60  rc5.o(.bss)
    Buffer                                   0x20000494   Data          64  main_master.o(.bss)
    ds18b20                                  0x20000520   Data          16  ds18b20.o(.bss)
    OneWire                                  0x20000530   Data          20  ds18b20.o(.bss)
    htim22                                   0x20000544   Data          60  tim.o(.bss)
    __initial_sp                             0x20000a90   Data           0  startup_stm32l072xx.o(STACK)



==============================================================================

Memory Map of the image

  Image Entry point : 0x080000c1

  Load Region LR_IROM1 (Base: 0x08000000, Size: 0x00008a58, Max: 0x00030000, ABSOLUTE)

    Execution Region ER_IROM1 (Exec base: 0x08000000, Load base: 0x08000000, Size: 0x000089d4, Max: 0x00030000, ABSOLUTE)

    Exec Addr    Load Addr    Size         Type   Attr      Idx    E Section Name        Object

    0x08000000   0x08000000   0x000000c0   Data   RO         3992    RESET               startup_stm32l072xx.o
    0x080000c0   0x080000c0   0x00000000   Code   RO         5495  * .ARM.Collect$$$$00000000  mc_p.l(entry.o)
    0x080000c0   0x080000c0   0x00000004   Code   RO         5572    .ARM.Collect$$$$00000001  mc_p.l(entry2.o)
    0x080000c4   0x080000c4   0x00000004   Code   RO         5575    .ARM.Collect$$$$00000004  mc_p.l(entry5.o)
    0x080000c8   0x080000c8   0x00000000   Code   RO         5577    .ARM.Collect$$$$00000008  mc_p.l(entry7b.o)
    0x080000c8   0x080000c8   0x00000000   Code   RO         5579    .ARM.Collect$$$$0000000A  mc_p.l(entry8b.o)
    0x080000c8   0x080000c8   0x00000008   Code   RO         5580    .ARM.Collect$$$$0000000B  mc_p.l(entry9a.o)
    0x080000d0   0x080000d0   0x00000000   Code   RO         5582    .ARM.Collect$$$$0000000D  mc_p.l(entry10a.o)
    0x080000d0   0x080000d0   0x00000000   Code   RO         5584    .ARM.Collect$$$$0000000F  mc_p.l(entry11a.o)
    0x080000d0   0x080000d0   0x00000004   Code   RO         5573    .ARM.Collect$$$$00002712  mc_p.l(entry2.o)
    0x080000d4   0x080000d4   0x0000001c   Code   RO         3993    .text               startup_stm32l072xx.o
    0x080000f0   0x080000f0   0x0000002c   Code   RO         5498    .text               mc_p.l(uidiv.o)
    0x0800011c   0x0800011c   0x00000028   Code   RO         5500    .text               mc_p.l(idiv.o)
    0x08000144   0x08000144   0x00000060   Code   RO         5502    .text               mc_p.l(uldiv.o)
    0x080001a4   0x080001a4   0x00000024   Code   RO         5504    .text               mc_p.l(memcpya.o)
    0x080001c8   0x080001c8   0x00000024   Code   RO         5506    .text               mc_p.l(memseta.o)
    0x080001ec   0x080001ec   0x00000164   Code   RO         5546    .text               mf_p.l(dadd.o)
    0x08000350   0x08000350   0x000000d0   Code   RO         5548    .text               mf_p.l(dmul.o)
    0x08000420   0x08000420   0x000000f0   Code   RO         5550    .text               mf_p.l(ddiv.o)
    0x08000510   0x08000510   0x00000028   Code   RO         5554    .text               mf_p.l(dflti.o)
    0x08000538   0x08000538   0x0000001c   Code   RO         5556    .text               mf_p.l(dfltui.o)
    0x08000554   0x08000554   0x00000048   Code   RO         5560    .text               mf_p.l(dfixi.o)
    0x0800059c   0x0800059c   0x0000003c   Code   RO         5562    .text               mf_p.l(dfixui.o)
    0x080005d8   0x080005d8   0x00000028   Code   RO         5564    .text               mf_p.l(f2d.o)
    0x08000600   0x08000600   0x00000028   Code   RO         5566    .text               mf_p.l(cdrcmple.o)
    0x08000628   0x08000628   0x00000038   Code   RO         5568    .text               mf_p.l(d2f.o)
    0x08000660   0x08000660   0x00000020   Code   RO         5589    .text               mc_p.l(llshl.o)
    0x08000680   0x08000680   0x00000022   Code   RO         5591    .text               mc_p.l(llushr.o)
    0x080006a2   0x080006a2   0x00000026   Code   RO         5593    .text               mc_p.l(llsshr.o)
    0x080006c8   0x080006c8   0x00000000   Code   RO         5595    .text               mc_p.l(iusefp.o)
    0x080006c8   0x080006c8   0x00000082   Code   RO         5596    .text               mf_p.l(fepilogue.o)
    0x0800074a   0x0800074a   0x000000be   Code   RO         5598    .text               mf_p.l(depilogue.o)
    0x08000808   0x08000808   0x0000007c   Code   RO         5602    .text               mf_p.l(drnd.o)
    0x08000884   0x08000884   0x00000040   Code   RO         5604    .text               mf_p.l(dfixul.o)
    0x080008c4   0x080008c4   0x00000028   Code   RO         5606    .text               mf_p.l(cdcmple.o)
    0x080008ec   0x080008ec   0x00000024   Code   RO         5608    .text               mc_p.l(init.o)
    0x08000910   0x08000910   0x000000c8   Code   RO          550    i.BSP_LED_Init      b-l072z-lrwan1.o
    0x080009d8   0x080009d8   0x00000020   Code   RO          551    i.BSP_LED_Off       b-l072z-lrwan1.o
    0x080009f8   0x080009f8   0x00000020   Code   RO          552    i.BSP_LED_On        b-l072z-lrwan1.o
    0x08000a18   0x08000a18   0x00000038   Code   RO         4718    i.CalculateCRC8     main_master.o
    0x08000a50   0x08000a50   0x00000008   Code   RO         4435    i.DMA1_Channel4_5_6_7_IRQHandler  mlm32l0xx_it.o
    0x08000a58   0x08000a58   0x0000002e   Code   RO         2090    i.DMA_SetConfig     stm32l0xx_hal_dma.o
    0x08000a86   0x08000a86   0x00000002   PAD
    0x08000a88   0x08000a88   0x00000010   Code   RO         4867    i.DS18B20_AllDone   ds18b20.o
    0x08000a98   0x08000a98   0x00000024   Code   RO         4870    i.DS18B20_GetTemperature  ds18b20.o
    0x08000abc   0x08000abc   0x000000a0   Code   RO         4871    i.DS18B20_Init      ds18b20.o
    0x08000b5c   0x08000b5c   0x00000010   Code   RO         4872    i.DS18B20_Is        ds18b20.o
    0x08000b6c   0x08000b6c   0x0000000c   Code   RO         4873    i.DS18B20_Quantity  ds18b20.o
    0x08000b78   0x08000b78   0x000000a4   Code   RO         4874    i.DS18B20_Read      ds18b20.o
    0x08000c1c   0x08000c1c   0x00000054   Code   RO         4875    i.DS18B20_ReadAll   ds18b20.o
    0x08000c70   0x08000c70   0x00000104   Code   RO         4876    i.DS18B20_SetResolution  ds18b20.o
    0x08000d74   0x08000d74   0x00000020   Code   RO         4878    i.DS18B20_StartAll  ds18b20.o
    0x08000d94   0x08000d94   0x00000010   Code   RO         4437    i.EXTI0_1_IRQHandler  mlm32l0xx_it.o
    0x08000da4   0x08000da4   0x00000010   Code   RO         4438    i.EXTI2_3_IRQHandler  mlm32l0xx_it.o
    0x08000db4   0x08000db4   0x0000005c   Code   RO         4439    i.EXTI4_15_IRQHandler  mlm32l0xx_it.o
    0x08000e10   0x08000e10   0x00000028   Code   RO         4719    i.EncryptData       main_master.o
    0x08000e38   0x08000e38   0x00000020   Code   RO         4000    i.Error_Handler     debug.o
    0x08000e58   0x08000e58   0x00000034   Code   RO            3    i.GetFskBandwidthRegValue  sx1276.o
    0x08000e8c   0x08000e8c   0x0000023c   Code   RO         1344    i.HAL_ADC_Init      stm32l0xx_hal_adc.o
    0x080010c8   0x080010c8   0x00000002   Code   RO         1347    i.HAL_ADC_MspInit   stm32l0xx_hal_adc.o
    0x080010ca   0x080010ca   0x0000005c   Code   RO         2092    i.HAL_DMA_Abort_IT  stm32l0xx_hal_dma.o
    0x08001126   0x08001126   0x00000108   Code   RO         2096    i.HAL_DMA_IRQHandler  stm32l0xx_hal_dma.o
    0x0800122e   0x0800122e   0x00000002   PAD
    0x08001230   0x08001230   0x000000a8   Code   RO         2097    i.HAL_DMA_Init      stm32l0xx_hal_dma.o
    0x080012d8   0x080012d8   0x0000009a   Code   RO         2101    i.HAL_DMA_Start_IT  stm32l0xx_hal_dma.o
    0x08001372   0x08001372   0x0000000a   Code   RO         4372    i.HAL_Delay         mlm32l0xx_hal_msp.o
    0x0800137c   0x0800137c   0x0000000c   Code   RO         4373    i.HAL_GPIO_EXTI_Callback  mlm32l0xx_hal_msp.o
    0x08001388   0x08001388   0x00000020   Code   RO         2030    i.HAL_GPIO_EXTI_IRQHandler  stm32l0xx_hal_gpio.o
    0x080013a8   0x080013a8   0x000001f8   Code   RO         2031    i.HAL_GPIO_Init     stm32l0xx_hal_gpio.o
    0x080015a0   0x080015a0   0x00000012   Code   RO         2033    i.HAL_GPIO_ReadPin  stm32l0xx_hal_gpio.o
    0x080015b2   0x080015b2   0x0000000c   Code   RO         2035    i.HAL_GPIO_WritePin  stm32l0xx_hal_gpio.o
    0x080015be   0x080015be   0x00000002   PAD
    0x080015c0   0x080015c0   0x0000000c   Code   RO         1741    i.HAL_GetTick       stm32l0xx_hal.o
    0x080015cc   0x080015cc   0x00000010   Code   RO         1745    i.HAL_IncTick       stm32l0xx_hal.o
    0x080015dc   0x080015dc   0x0000002c   Code   RO         1746    i.HAL_Init          stm32l0xx_hal.o
    0x08001608   0x08001608   0x00000006   Code   RO         4374    i.HAL_InitTick      mlm32l0xx_hal_msp.o
    0x0800160e   0x0800160e   0x00000002   PAD
    0x08001610   0x08001610   0x0000003c   Code   RO         4375    i.HAL_MspInit       mlm32l0xx_hal_msp.o
    0x0800164c   0x0800164c   0x0000001c   Code   RO         1921    i.HAL_NVIC_EnableIRQ  stm32l0xx_hal_cortex.o
    0x08001668   0x08001668   0x00000012   Code   RO         1925    i.HAL_NVIC_SetPriority  stm32l0xx_hal_cortex.o
    0x0800167a   0x0800167a   0x00000002   PAD
    0x0800167c   0x0800167c   0x00000014   Code   RO         2300    i.HAL_PWREx_EnableFastWakeUp  stm32l0xx_hal_pwr_ex.o
    0x08001690   0x08001690   0x00000014   Code   RO         2302    i.HAL_PWREx_EnableUltraLowPower  stm32l0xx_hal_pwr_ex.o
    0x080016a4   0x080016a4   0x00000014   Code   RO         2184    i.HAL_PWR_DisablePVD  stm32l0xx_hal_pwr.o
    0x080016b8   0x080016b8   0x0000026c   Code   RO         1618    i.HAL_RCCEx_PeriphCLKConfig  stm32l0xx_hal_rcc_ex.o
    0x08001924   0x08001924   0x00000208   Code   RO         1509    i.HAL_RCC_ClockConfig  stm32l0xx_hal_rcc.o
    0x08001b2c   0x08001b2c   0x0000000c   Code   RO         1513    i.HAL_RCC_GetHCLKFreq  stm32l0xx_hal_rcc.o
    0x08001b38   0x08001b38   0x00000024   Code   RO         1515    i.HAL_RCC_GetPCLK1Freq  stm32l0xx_hal_rcc.o
    0x08001b5c   0x08001b5c   0x00000024   Code   RO         1516    i.HAL_RCC_GetPCLK2Freq  stm32l0xx_hal_rcc.o
    0x08001b80   0x08001b80   0x000000d0   Code   RO         1517    i.HAL_RCC_GetSysClockFreq  stm32l0xx_hal_rcc.o
    0x08001c50   0x08001c50   0x000006f4   Code   RO         1520    i.HAL_RCC_OscConfig  stm32l0xx_hal_rcc.o
    0x08002344   0x08002344   0x00000058   Code   RO         2496    i.HAL_RTCEx_EnableBypassShadow  stm32l0xx_hal_rtc_ex.o
    0x0800239c   0x0800239c   0x0000000a   Code   RO         4376    i.HAL_RTC_AlarmAEventCallback  mlm32l0xx_hal_msp.o
    0x080023a6   0x080023a6   0x00000110   Code   RO         2356    i.HAL_RTC_DeactivateAlarm  stm32l0xx_hal_rtc.o
    0x080024b6   0x080024b6   0x00000002   PAD
    0x080024b8   0x080024b8   0x0000005c   Code   RO         2358    i.HAL_RTC_GetDate   stm32l0xx_hal_rtc.o
    0x08002514   0x08002514   0x0000006c   Code   RO         2360    i.HAL_RTC_GetTime   stm32l0xx_hal_rtc.o
    0x08002580   0x08002580   0x000000fc   Code   RO         2361    i.HAL_RTC_Init      stm32l0xx_hal_rtc.o
    0x0800267c   0x0800267c   0x00000070   Code   RO         4378    i.HAL_RTC_MspInit   mlm32l0xx_hal_msp.o
    0x080026ec   0x080026ec   0x0000023c   Code   RO         2366    i.HAL_RTC_SetAlarm_IT  stm32l0xx_hal_rtc.o
    0x08002928   0x08002928   0x00000120   Code   RO         2367    i.HAL_RTC_SetDate   stm32l0xx_hal_rtc.o
    0x08002a48   0x08002a48   0x0000014c   Code   RO         2368    i.HAL_RTC_SetTime   stm32l0xx_hal_rtc.o
    0x08002b94   0x08002b94   0x0000003a   Code   RO         2369    i.HAL_RTC_WaitForSynchro  stm32l0xx_hal_rtc.o
    0x08002bce   0x08002bce   0x00000092   Code   RO          661    i.HAL_SPI_Init      stm32l0xx_hal_spi.o
    0x08002c60   0x08002c60   0x00000002   Code   RO          663    i.HAL_SPI_MspInit   stm32l0xx_hal_spi.o
    0x08002c62   0x08002c62   0x00000258   Code   RO          670    i.HAL_SPI_TransmitReceive  stm32l0xx_hal_spi.o
    0x08002eba   0x08002eba   0x0000005c   Code   RO         3390    i.HAL_TIMEx_MasterConfigSynchronization  stm32l0xx_hal_tim_ex.o
    0x08002f16   0x08002f16   0x00000038   Code   RO         2713    i.HAL_TIM_Base_Init  stm32l0xx_hal_tim.o
    0x08002f4e   0x08002f4e   0x00000002   PAD
    0x08002f50   0x08002f50   0x00000020   Code   RO         5092    i.HAL_TIM_Base_MspInit  tim.o
    0x08002f70   0x08002f70   0x0000002a   Code   RO         2716    i.HAL_TIM_Base_Start  stm32l0xx_hal_tim.o
    0x08002f9a   0x08002f9a   0x00000002   PAD
    0x08002f9c   0x08002f9c   0x00000034   Code   RO         2721    i.HAL_TIM_Base_Stop_IT  stm32l0xx_hal_tim.o
    0x08002fd0   0x08002fd0   0x00000110   Code   RO         2722    i.HAL_TIM_ConfigClockSource  stm32l0xx_hal_tim.o
    0x080030e0   0x080030e0   0x00000002   Code   RO         2742    i.HAL_TIM_IC_CaptureCallback  stm32l0xx_hal_tim.o
    0x080030e2   0x080030e2   0x0000017c   Code   RO         2756    i.HAL_TIM_IRQHandler  stm32l0xx_hal_tim.o
    0x0800325e   0x0800325e   0x00000002   PAD
    0x08003260   0x08003260   0x00000020   Code   RO         4655    i.HAL_TIM_OC_DelayElapsedCallback  rc5.o
    0x08003280   0x08003280   0x00000002   Code   RO         2786    i.HAL_TIM_PWM_PulseFinishedCallback  stm32l0xx_hal_tim.o
    0x08003282   0x08003282   0x00000002   PAD
    0x08003284   0x08003284   0x000000f4   Code   RO         4656    i.HAL_TIM_PeriodElapsedCallback  rc5.o
    0x08003378   0x08003378   0x00000002   Code   RO         2799    i.HAL_TIM_TriggerCallback  stm32l0xx_hal_tim.o
    0x0800337a   0x0800337a   0x00000002   Code   RO         3479    i.HAL_UARTEx_WakeupCallback  stm32l0xx_hal_uart_ex.o
    0x0800337c   0x0800337c   0x00000002   Code   RO          990    i.HAL_UART_ErrorCallback  stm32l0xx_hal_uart.o
    0x0800337e   0x0800337e   0x00000002   PAD
    0x08003380   0x08003380   0x000001cc   Code   RO          993    i.HAL_UART_IRQHandler  stm32l0xx_hal_uart.o
    0x0800354c   0x0800354c   0x0000007e   Code   RO          994    i.HAL_UART_Init     stm32l0xx_hal_uart.o
    0x080035ca   0x080035ca   0x00000002   PAD
    0x080035cc   0x080035cc   0x000000d8   Code   RO         4296    i.HAL_UART_MspInit  vcom.o
    0x080036a4   0x080036a4   0x000000d8   Code   RO         1003    i.HAL_UART_Transmit_DMA  stm32l0xx_hal_uart.o
    0x0800377c   0x0800377c   0x00000010   Code   RO         4297    i.HAL_UART_TxCpltCallback  vcom.o
    0x0800378c   0x0800378c   0x00000002   Code   RO         1006    i.HAL_UART_TxHalfCpltCallback  stm32l0xx_hal_uart.o
    0x0800378e   0x0800378e   0x00000002   PAD
    0x08003790   0x08003790   0x0000007c   Code   RO         4542    i.HW_AdcInit        mlm32l0xx_hw.o
    0x0800380c   0x0800380c   0x00000044   Code   RO         4025    i.HW_GPIO_GetBitPos  hw_gpio.o
    0x08003850   0x08003850   0x000000ec   Code   RO         4026    i.HW_GPIO_Init      hw_gpio.o
    0x0800393c   0x0800393c   0x00000028   Code   RO         4027    i.HW_GPIO_IrqHandler  hw_gpio.o
    0x08003964   0x08003964   0x00000044   Code   RO         4029    i.HW_GPIO_SetIrq    hw_gpio.o
    0x080039a8   0x080039a8   0x00000014   Code   RO         4030    i.HW_GPIO_Write     hw_gpio.o
    0x080039bc   0x080039bc   0x000000fc   Code   RO         4549    i.HW_GpioInit       mlm32l0xx_hw.o
    0x08003ab8   0x08003ab8   0x00000048   Code   RO         4550    i.HW_Init           mlm32l0xx_hw.o
    0x08003b00   0x08003b00   0x00000026   Code   RO         4078    i.HW_RTC_DelayMs    hw_rtc.o
    0x08003b26   0x08003b26   0x00000002   PAD
    0x08003b28   0x08003b28   0x000000e4   Code   RO         4080    i.HW_RTC_GetCalendarValue  hw_rtc.o
    0x08003c0c   0x08003c0c   0x00000004   Code   RO         4081    i.HW_RTC_GetMinimumTimeout  hw_rtc.o
    0x08003c10   0x08003c10   0x0000000c   Code   RO         4082    i.HW_RTC_GetTimerContext  hw_rtc.o
    0x08003c1c   0x08003c1c   0x0000001c   Code   RO         4083    i.HW_RTC_GetTimerElapsedTime  hw_rtc.o
    0x08003c38   0x08003c38   0x00000014   Code   RO         4084    i.HW_RTC_GetTimerValue  hw_rtc.o
    0x08003c4c   0x08003c4c   0x00000024   Code   RO         4085    i.HW_RTC_Init       hw_rtc.o
    0x08003c70   0x08003c70   0x00000054   Code   RO         4086    i.HW_RTC_IrqHandler  hw_rtc.o
    0x08003cc4   0x08003cc4   0x00000044   Code   RO         4087    i.HW_RTC_SetAlarm   hw_rtc.o
    0x08003d08   0x08003d08   0x00000014   Code   RO         4088    i.HW_RTC_SetAlarmConfig  hw_rtc.o
    0x08003d1c   0x08003d1c   0x00000070   Code   RO         4089    i.HW_RTC_SetConfig  hw_rtc.o
    0x08003d8c   0x08003d8c   0x0000001c   Code   RO         4090    i.HW_RTC_SetTimerContext  hw_rtc.o
    0x08003da8   0x08003da8   0x0000018c   Code   RO         4091    i.HW_RTC_StartWakeUpAlarm  hw_rtc.o
    0x08003f34   0x08003f34   0x00000038   Code   RO         4092    i.HW_RTC_StopAlarm  hw_rtc.o
    0x08003f6c   0x08003f6c   0x0000001a   Code   RO         4093    i.HW_RTC_Tick2ms    hw_rtc.o
    0x08003f86   0x08003f86   0x00000018   Code   RO         4095    i.HW_RTC_ms2Tick    hw_rtc.o
    0x08003f9e   0x08003f9e   0x00000002   PAD
    0x08003fa0   0x08003fa0   0x00000020   Code   RO         4245    i.HW_SPI_InOut      hw_spi.o
    0x08003fc0   0x08003fc0   0x0000006c   Code   RO         4246    i.HW_SPI_Init       hw_spi.o
    0x0800402c   0x0800402c   0x00000068   Code   RO         4248    i.HW_SPI_IoInit     hw_spi.o
    0x08004094   0x08004094   0x00000006   Code   RO         4440    i.HardFault_Handler  mlm32l0xx_it.o
    0x0800409a   0x0800409a   0x00000002   PAD
    0x0800409c   0x0800409c   0x00000038   Code   RO         5136    i.LPM_GetMode       low_power_manager.o
    0x080040d4   0x080040d4   0x00000040   Code   RO         5137    i.LPM_SetOffMode    low_power_manager.o
    0x08004114   0x08004114   0x00000040   Code   RO         5138    i.LPM_SetStopMode   low_power_manager.o
    0x08004154   0x08004154   0x0000009c   Code   RO         4379    i.MSP_GetIRQn       mlm32l0xx_hal_msp.o
    0x080041f0   0x080041f0   0x00000074   Code   RO         5093    i.MX_TIM22_Init     tim.o
    0x08004264   0x08004264   0x00000002   Code   RO         4442    i.NMI_Handler       mlm32l0xx_it.o
    0x08004266   0x08004266   0x00000002   PAD
    0x08004268   0x08004268   0x00000144   Code   RO         4720    i.OnRxDone          main_master.o
    0x080043ac   0x080043ac   0x0000003c   Code   RO         4721    i.OnRxError         main_master.o
    0x080043e8   0x080043e8   0x00000034   Code   RO         4722    i.OnRxTimeout       main_master.o
    0x0800441c   0x0800441c   0x0000001c   Code   RO         4723    i.OnTempEvent       main_master.o
    0x08004438   0x08004438   0x00000030   Code   RO         4724    i.OnTxDone          main_master.o
    0x08004468   0x08004468   0x00000034   Code   RO         4725    i.OnTxTimeout       main_master.o
    0x0800449c   0x0800449c   0x00000014   Code   RO         4963    i.OneWire_BusInputDirection  onewire.o
    0x080044b0   0x080044b0   0x00000014   Code   RO         4964    i.OneWire_BusOutputDirection  onewire.o
    0x080044c4   0x080044c4   0x0000001c   Code   RO         4966    i.OneWire_Delay     onewire.o
    0x080044e0   0x080044e0   0x00000014   Code   RO         4967    i.OneWire_First     onewire.o
    0x080044f4   0x080044f4   0x00000018   Code   RO         4968    i.OneWire_GetFullROM  onewire.o
    0x0800450c   0x0800450c   0x00000044   Code   RO         4969    i.OneWire_Init      onewire.o
    0x08004550   0x08004550   0x0000000e   Code   RO         4970    i.OneWire_Next      onewire.o
    0x0800455e   0x0800455e   0x00000008   Code   RO         4971    i.OneWire_OutputHigh  onewire.o
    0x08004566   0x08004566   0x0000000a   Code   RO         4972    i.OneWire_OutputLow  onewire.o
    0x08004570   0x08004570   0x0000003c   Code   RO         4973    i.OneWire_ReadBit   onewire.o
    0x080045ac   0x080045ac   0x00000024   Code   RO         4974    i.OneWire_ReadByte  onewire.o
    0x080045d0   0x080045d0   0x0000003a   Code   RO         4975    i.OneWire_Reset     onewire.o
    0x0800460a   0x0800460a   0x0000000a   Code   RO         4976    i.OneWire_ResetSearch  onewire.o
    0x08004614   0x08004614   0x00000114   Code   RO         4977    i.OneWire_Search    onewire.o
    0x08004728   0x08004728   0x00000024   Code   RO         4979    i.OneWire_SelectWithPointer  onewire.o
    0x0800474c   0x0800474c   0x00000056   Code   RO         4980    i.OneWire_WriteBit  onewire.o
    0x080047a2   0x080047a2   0x00000020   Code   RO         4981    i.OneWire_WriteByte  onewire.o
    0x080047c2   0x080047c2   0x0000001e   Code   RO         4726    i.OnledEvent        main_master.o
    0x080047e0   0x080047e0   0x00000002   Code   RO         4443    i.PendSV_Handler    mlm32l0xx_it.o
    0x080047e2   0x080047e2   0x00000018   Code   RO         2370    i.RTC_Bcd2ToByte    stm32l0xx_hal_rtc.o
    0x080047fa   0x080047fa   0x0000001c   Code   RO         2371    i.RTC_ByteToBcd2    stm32l0xx_hal_rtc.o
    0x08004816   0x08004816   0x00000040   Code   RO         2372    i.RTC_EnterInitMode  stm32l0xx_hal_rtc.o
    0x08004856   0x08004856   0x00000008   Code   RO         4444    i.RTC_IRQHandler    mlm32l0xx_it.o
    0x0800485e   0x0800485e   0x00000002   PAD
    0x08004860   0x08004860   0x000000b0   Code   RO            4    i.RxChainCalibration  sx1276.o
    0x08004910   0x08004910   0x0000005a   Code   RO          699    i.SPI_EndRxTxTransaction  stm32l0xx_hal_spi.o
    0x0800496a   0x0800496a   0x000000a8   Code   RO          704    i.SPI_WaitFlagStateUntilTimeout  stm32l0xx_hal_spi.o
    0x08004a12   0x08004a12   0x00000002   Code   RO         4445    i.SVC_Handler       mlm32l0xx_it.o
    0x08004a14   0x08004a14   0x00000060   Code   RO          451    i.SX1276AntSwDeInit  mlm32l07x01.o
    0x08004a74   0x08004a74   0x00000060   Code   RO          452    i.SX1276AntSwInit   mlm32l07x01.o
    0x08004ad4   0x08004ad4   0x0000000c   Code   RO            5    i.SX1276BoardInit   sx1276.o
    0x08004ae0   0x08004ae0   0x00000006   Code   RO          453    i.SX1276CheckRfFrequency  mlm32l07x01.o
    0x08004ae6   0x08004ae6   0x0000000e   Code   RO          454    i.SX1276GetPaSelect  mlm32l07x01.o
    0x08004af4   0x08004af4   0x0000000c   Code   RO            6    i.SX1276GetStatus   sx1276.o
    0x08004b00   0x08004b00   0x000002a0   Code   RO            7    i.SX1276GetTimeOnAir  sx1276.o
    0x08004da0   0x08004da0   0x00000004   Code   RO          455    i.SX1276GetWakeTime  mlm32l07x01.o
    0x08004da4   0x08004da4   0x00000014   Code   RO            8    i.SX1276GetWakeupTime  sx1276.o
    0x08004db8   0x08004db8   0x000000ac   Code   RO            9    i.SX1276Init        sx1276.o
    0x08004e64   0x08004e64   0x00000050   Code   RO          456    i.SX1276IoDeInit    mlm32l07x01.o
    0x08004eb4   0x08004eb4   0x00000074   Code   RO          457    i.SX1276IoInit      mlm32l07x01.o
    0x08004f28   0x08004f28   0x00000040   Code   RO          458    i.SX1276IoIrqInit   mlm32l07x01.o
    0x08004f68   0x08004f68   0x00000068   Code   RO           10    i.SX1276IsChannelFree  sx1276.o
    0x08004fd0   0x08004fd0   0x0000037c   Code   RO           11    i.SX1276OnDio0Irq   sx1276.o
    0x0800534c   0x0800534c   0x00000190   Code   RO           12    i.SX1276OnDio1Irq   sx1276.o
    0x080054dc   0x080054dc   0x00000144   Code   RO           13    i.SX1276OnDio2Irq   sx1276.o
    0x08005620   0x08005620   0x0000007c   Code   RO           14    i.SX1276OnDio3Irq   sx1276.o
    0x0800569c   0x0800569c   0x00000030   Code   RO           15    i.SX1276OnDio4Irq   sx1276.o
    0x080056cc   0x080056cc   0x00000110   Code   RO           17    i.SX1276OnTimeoutIrq  sx1276.o
    0x080057dc   0x080057dc   0x00000040   Code   RO           18    i.SX1276Random      sx1276.o
    0x0800581c   0x0800581c   0x00000014   Code   RO           19    i.SX1276Read        sx1276.o
    0x08005830   0x08005830   0x00000040   Code   RO           20    i.SX1276ReadBuffer  sx1276.o
    0x08005870   0x08005870   0x00000012   Code   RO           21    i.SX1276ReadFifo    sx1276.o
    0x08005882   0x08005882   0x00000002   PAD
    0x08005884   0x08005884   0x00000054   Code   RO           22    i.SX1276ReadRssi    sx1276.o
    0x080058d8   0x080058d8   0x00000050   Code   RO           23    i.SX1276Reset       sx1276.o
    0x08005928   0x08005928   0x00000130   Code   RO           24    i.SX1276Send        sx1276.o
    0x08005a58   0x08005a58   0x0000006c   Code   RO          459    i.SX1276SetAntSw    mlm32l07x01.o
    0x08005ac4   0x08005ac4   0x00000014   Code   RO          460    i.SX1276SetAntSwLowPower  mlm32l07x01.o
    0x08005ad8   0x08005ad8   0x00000058   Code   RO           25    i.SX1276SetChannel  sx1276.o
    0x08005b30   0x08005b30   0x0000003c   Code   RO           26    i.SX1276SetMaxPayloadLength  sx1276.o
    0x08005b6c   0x08005b6c   0x0000009c   Code   RO           27    i.SX1276SetModem    sx1276.o
    0x08005c08   0x08005c08   0x00000070   Code   RO           28    i.SX1276SetOpMode   sx1276.o
    0x08005c78   0x08005c78   0x0000002c   Code   RO           29    i.SX1276SetPublicNetwork  sx1276.o
    0x08005ca4   0x08005ca4   0x000000ca   Code   RO          461    i.SX1276SetRfTxPower  mlm32l07x01.o
    0x08005d6e   0x08005d6e   0x00000002   PAD
    0x08005d70   0x08005d70   0x00000298   Code   RO           30    i.SX1276SetRx       sx1276.o
    0x08006008   0x08006008   0x0000031c   Code   RO           31    i.SX1276SetRxConfig  sx1276.o
    0x08006324   0x08006324   0x00000040   Code   RO           32    i.SX1276SetSleep    sx1276.o
    0x08006364   0x08006364   0x00000034   Code   RO           33    i.SX1276SetStby     sx1276.o
    0x08006398   0x08006398   0x000000d4   Code   RO           34    i.SX1276SetTx       sx1276.o
    0x0800646c   0x0800646c   0x00000270   Code   RO           35    i.SX1276SetTxConfig  sx1276.o
    0x080066dc   0x080066dc   0x00000088   Code   RO           36    i.SX1276SetTxContinuousWave  sx1276.o
    0x08006764   0x08006764   0x0000002c   Code   RO          462    i.SX1276SetXO       mlm32l07x01.o
    0x08006790   0x08006790   0x00000048   Code   RO           37    i.SX1276StartCad    sx1276.o
    0x080067d8   0x080067d8   0x00000010   Code   RO           38    i.SX1276Write       sx1276.o
    0x080067e8   0x080067e8   0x00000040   Code   RO           39    i.SX1276WriteBuffer  sx1276.o
    0x08006828   0x08006828   0x00000012   Code   RO           40    i.SX1276WriteFifo   sx1276.o
    0x0800683a   0x0800683a   0x00000002   PAD
    0x0800683c   0x0800683c   0x0000004c   Code   RO         4249    i.SpiFrequency      hw_spi.o
    0x08006888   0x08006888   0x00000008   Code   RO         4446    i.SysTick_Handler   mlm32l0xx_it.o
    0x08006890   0x08006890   0x000000a0   Code   RO         4556    i.SystemClock_Config  mlm32l0xx_hw.o
    0x08006930   0x08006930   0x00000068   Code   RO          618    i.SystemInit        system_stm32l0xx.o
    0x08006998   0x08006998   0x00000010   Code   RO         4657    i.TIM2_IRQHandler   rc5.o
    0x080069a8   0x080069a8   0x0000007c   Code   RO         2801    i.TIM_Base_SetConfig  stm32l0xx_hal_tim.o
    0x08006a24   0x08006a24   0x0000001c   Code   RO         2812    i.TIM_ETR_SetConfig  stm32l0xx_hal_tim.o
    0x08006a40   0x08006a40   0x00000018   Code   RO         2813    i.TIM_ITRx_SetConfig  stm32l0xx_hal_tim.o
    0x08006a58   0x08006a58   0x00000032   Code   RO         2819    i.TIM_TI1_ConfigInputStage  stm32l0xx_hal_tim.o
    0x08006a8a   0x08006a8a   0x00000032   Code   RO         2821    i.TIM_TI2_ConfigInputStage  stm32l0xx_hal_tim.o
    0x08006abc   0x08006abc   0x00000020   Code   RO         5205    i.TimerExists       timeserver.o
    0x08006adc   0x08006adc   0x00000010   Code   RO         5206    i.TimerGetCurrentTime  timeserver.o
    0x08006aec   0x08006aec   0x00000020   Code   RO         5207    i.TimerGetElapsedTime  timeserver.o
    0x08006b0c   0x08006b0c   0x00000012   Code   RO         5208    i.TimerInit         timeserver.o
    0x08006b1e   0x08006b1e   0x00000002   PAD
    0x08006b20   0x08006b20   0x00000024   Code   RO         5209    i.TimerInsertNewHeadTimer  timeserver.o
    0x08006b44   0x08006b44   0x00000034   Code   RO         5210    i.TimerInsertTimer  timeserver.o
    0x08006b78   0x08006b78   0x000000c4   Code   RO         5211    i.TimerIrqHandler   timeserver.o
    0x08006c3c   0x08006c3c   0x0000002a   Code   RO         5215    i.TimerSetTimeout   timeserver.o
    0x08006c66   0x08006c66   0x00000028   Code   RO         5216    i.TimerSetValue     timeserver.o
    0x08006c8e   0x08006c8e   0x00000002   PAD
    0x08006c90   0x08006c90   0x0000007c   Code   RO         5217    i.TimerStart        timeserver.o
    0x08006d0c   0x08006d0c   0x000000bc   Code   RO         5218    i.TimerStop         timeserver.o
    0x08006dc8   0x08006dc8   0x00000024   Code   RO         5435    i.TraceInit         trace.o
    0x08006dec   0x08006dec   0x0000008c   Code   RO         5436    i.TraceSend         trace.o
    0x08006e78   0x08006e78   0x00000058   Code   RO         5437    i.Trace_TxCpltCallback  trace.o
    0x08006ed0   0x08006ed0   0x000000f0   Code   RO         1007    i.UART_AdvFeatureConfig  stm32l0xx_hal_uart.o
    0x08006fc0   0x08006fc0   0x00000070   Code   RO         1008    i.UART_CheckIdleState  stm32l0xx_hal_uart.o
    0x08007030   0x08007030   0x00000018   Code   RO         1009    i.UART_DMAAbortOnError  stm32l0xx_hal_uart.o
    0x08007048   0x08007048   0x00000052   Code   RO         1010    i.UART_DMAError     stm32l0xx_hal_uart.o
    0x0800709a   0x0800709a   0x0000003a   Code   RO         1015    i.UART_DMATransmitCplt  stm32l0xx_hal_uart.o
    0x080070d4   0x080070d4   0x0000000e   Code   RO         1017    i.UART_DMATxHalfCplt  stm32l0xx_hal_uart.o
    0x080070e2   0x080070e2   0x00000024   Code   RO         1019    i.UART_EndRxTransfer  stm32l0xx_hal_uart.o
    0x08007106   0x08007106   0x00000020   Code   RO         1020    i.UART_EndTransmit_IT  stm32l0xx_hal_uart.o
    0x08007126   0x08007126   0x00000012   Code   RO         1021    i.UART_EndTxTransfer  stm32l0xx_hal_uart.o
    0x08007138   0x08007138   0x00000400   Code   RO         1024    i.UART_SetConfig    stm32l0xx_hal_uart.o
    0x08007538   0x08007538   0x0000006c   Code   RO         1027    i.UART_WaitOnFlagUntilTimeout  stm32l0xx_hal_uart.o
    0x080075a4   0x080075a4   0x00000008   Code   RO         4447    i.USART2_IRQHandler  mlm32l0xx_it.o
    0x080075ac   0x080075ac   0x0000002c   Code   RO         5518    i.__0vsnprintf      mc_p.l(printfa.o)
    0x080075d8   0x080075d8   0x0000002e   Code   RO         5600    i.__ARM_clz         mf_p.l(depilogue.o)
    0x08007606   0x08007606   0x00000030   Code   RO         1320    i.__ARM_common_ll_muluu  stm32l0xx_hal_uart.o
    0x08007636   0x08007636   0x0000001c   Code   RO          245    i.__ARM_common_switch8  sx1276.o
    0x08007652   0x08007652   0x00000002   PAD
    0x08007654   0x08007654   0x00000078   Code   RO         1931    i.__NVIC_SetPriority  stm32l0xx_hal_cortex.o
    0x080076cc   0x080076cc   0x0000000e   Code   RO         5614    i.__scatterload_copy  mc_p.l(handlers.o)
    0x080076da   0x080076da   0x00000002   Code   RO         5615    i.__scatterload_null  mc_p.l(handlers.o)
    0x080076dc   0x080076dc   0x0000000e   Code   RO         5616    i.__scatterload_zeroinit  mc_p.l(handlers.o)
    0x080076ea   0x080076ea   0x00000006   Code   RO         5220    i.__set_PRIMASK     timeserver.o
    0x080076f0   0x080076f0   0x00000006   Code   RO         5438    i.__set_PRIMASK     trace.o
    0x080076f6   0x080076f6   0x00000002   PAD
    0x080076f8   0x080076f8   0x00000174   Code   RO         5520    i._fp_digits        mc_p.l(printfa.o)
    0x0800786c   0x0800786c   0x000006ec   Code   RO         5521    i._printf_core      mc_p.l(printfa.o)
    0x08007f58   0x08007f58   0x00000020   Code   RO         5522    i._printf_post_padding  mc_p.l(printfa.o)
    0x08007f78   0x08007f78   0x0000002c   Code   RO         5523    i._printf_pre_padding  mc_p.l(printfa.o)
    0x08007fa4   0x08007fa4   0x00000016   Code   RO         5524    i._snputc           mc_p.l(printfa.o)
    0x08007fba   0x08007fba   0x00000032   Code   RO         5378    i.add_elementSize_and_inc_writeIdx  queue.o
    0x08007fec   0x08007fec   0x000000c8   Code   RO         5486    i.ceil              m_ps.l(ceil.o)
    0x080080b4   0x080080b4   0x000000dc   Code   RO         5379    i.circular_queue_add  queue.o
    0x08008190   0x08008190   0x0000004c   Code   RO         5380    i.circular_queue_get  queue.o
    0x080081dc   0x080081dc   0x0000002a   Code   RO         5381    i.circular_queue_get_free_size  queue.o
    0x08008206   0x08008206   0x00000010   Code   RO         5382    i.circular_queue_init  queue.o
    0x08008216   0x08008216   0x00000060   Code   RO         5383    i.circular_queue_remove  queue.o
    0x08008276   0x08008276   0x00000010   Code   RO         5384    i.circular_queue_sense  queue.o
    0x08008286   0x08008286   0x00000008   Code   RO         4829    i.display_init      display.o
    0x0800828e   0x0800828e   0x00000002   PAD
    0x08008290   0x08008290   0x000000c8   Code   RO         5490    i.floor             m_ps.l(floor.o)
    0x08008358   0x08008358   0x000001dc   Code   RO         4727    i.main              main_master.o
    0x08008534   0x08008534   0x00000018   Code   RO         5313    i.memcpy1           utilities.o
    0x0800854c   0x0800854c   0x00000018   Code   RO         5385    i.queue_copy        queue.o
    0x08008564   0x08008564   0x000000ac   Code   RO         4658    i.rc5_init          rc5.o
    0x08008610   0x08008610   0x00000010   Code   RO         4659    i.rc5_ir_output_off  rc5.o
    0x08008620   0x08008620   0x00000010   Code   RO         4660    i.rc5_ir_output_on  rc5.o
    0x08008630   0x08008630   0x0000005a   Code   RO         4728    i.read_temp         main_master.o
    0x0800868a   0x0800868a   0x00000002   PAD
    0x0800868c   0x0800868c   0x0000009c   Code   RO         5493    i.round             m_ps.l(round.o)
    0x08008728   0x08008728   0x00000010   Code   RO         4298    i.vcom_DMA_TX_IRQHandler  vcom.o
    0x08008738   0x08008738   0x00000010   Code   RO         4300    i.vcom_IRQHandler   vcom.o
    0x08008748   0x08008748   0x00000040   Code   RO         4301    i.vcom_Init         vcom.o
    0x08008788   0x08008788   0x0000007c   Code   RO         4303    i.vcom_IoInit       vcom.o
    0x08008804   0x08008804   0x00000018   Code   RO         4304    i.vcom_Trace        vcom.o
    0x0800881c   0x0800881c   0x000000e0   Data   RO           42    .constdata          sx1276.o
    0x080088fc   0x080088fc   0x00000074   Data   RO          463    .constdata          mlm32l07x01.o
    0x08008970   0x08008970   0x0000000b   Data   RO          557    .constdata          b-l072z-lrwan1.o
    0x0800897b   0x0800897b   0x00000021   Data   RO          619    .constdata          system_stm32l0xx.o
    0x0800899c   0x0800899c   0x00000018   Data   RO         4099    .constdata          hw_rtc.o
    0x080089b4   0x080089b4   0x00000020   Data   RO         5612    Region$$Table       anon$$obj.o


    Execution Region RW_IRAM1 (Exec base: 0x20000000, Load base: 0x080089d4, Size: 0x00000a90, Max: 0x00005000, ABSOLUTE)

    Exec Addr    Load Addr    Size         Type   Attr      Idx    E Section Name        Object

    0x20000000   0x080089d4   0x00000020   Data   RW           43    .data               sx1276.o
    0x20000020   0x080089f4   0x00000018   Data   RW          464    .data               mlm32l07x01.o
    0x20000038   0x08008a0c   0x00000014   Data   RW          558    .data               b-l072z-lrwan1.o
    0x2000004c   0x08008a20   0x00000004   Data   RW          620    .data               system_stm32l0xx.o
    0x20000050   0x08008a24   0x00000004   Data   RW         1756    .data               stm32l0xx_hal.o
    0x20000054   0x08008a28   0x00000004   Data   RW         4100    .data               hw_rtc.o
    0x20000058   0x08008a2c   0x00000004   Data   RW         4306    .data               vcom.o
    0x2000005c   0x08008a30   0x00000002   Data   RW         4558    .data               mlm32l0xx_hw.o
    0x2000005e   0x08008a32   0x00000008   Data   RW         4663    .data               rc5.o
    0x20000066   0x08008a3a   0x0000000c   Data   RW         4730    .data               main_master.o
    0x20000072   0x08008a46   0x00000002   Data   RW         4881    .data               ds18b20.o
    0x20000074   0x08008a48   0x00000008   Data   RW         5139    .data               low_power_manager.o
    0x2000007c   0x08008a50   0x00000004   Data   RW         5221    .data               timeserver.o
    0x20000080   0x08008a54   0x00000001   Data   RW         5440    .data               trace.o
    0x20000081   0x08008a55   0x00000003   PAD
    0x20000084        -       0x000001b0   Zero   RW           41    .bss                sx1276.o
    0x20000234        -       0x00000040   Zero   RW         4031    .bss                hw_gpio.o
    0x20000274        -       0x00000068   Zero   RW         4098    .bss                hw_rtc.o
    0x200002dc        -       0x00000058   Zero   RW         4250    .bss                hw_spi.o
    0x20000334        -       0x000000c8   Zero   RW         4305    .bss                vcom.o
    0x200003fc        -       0x0000005c   Zero   RW         4557    .bss                mlm32l0xx_hw.o
    0x20000458        -       0x0000003c   Zero   RW         4662    .bss                rc5.o
    0x20000494        -       0x0000008c   Zero   RW         4729    .bss                main_master.o
    0x20000520        -       0x00000024   Zero   RW         4880    .bss                ds18b20.o
    0x20000544        -       0x0000003c   Zero   RW         5094    .bss                tim.o
    0x20000580        -       0x00000110   Zero   RW         5439    .bss                trace.o
    0x20000690        -       0x00000400   Zero   RW         3990    STACK               startup_stm32l072xx.o


==============================================================================

Image component sizes


      Code (inc. data)   RO Data    RW Data    ZI Data      Debug   Object Name

       264         28         11         20          0       3604   b-l072z-lrwan1.o
        32         18          0          0          0        516   debug.o
         8          0          0          0          0        531   display.o
       780         82          0          2         36       7219   ds18b20.o
       432         38          0          0         64       4325   hw_gpio.o
      1180        128         24          4        104      31867   hw_rtc.o
       320         30          0          0         88       2785   hw_spi.o
       184         18          0          8          0       3117   low_power_manager.o
      1256        396          0         12        140      11454   main_master.o
       850         58        116         24          0      14769   mlm32l07x01.o
       366         16          0          0          0       4832   mlm32l0xx_hal_msp.o
       608         60          0          2         92       6566   mlm32l0xx_hw.o
       168          0          0          0          0       5881   mlm32l0xx_it.o
       806         20          0          0          0      11780   onewire.o
       540          0          0          0          0       7603   queue.o
       496         50          0          8         60       4668   rc5.o
        28          8        192          0       1024        680   startup_stm32l072xx.o
        72         16          0          4          0       3088   stm32l0xx_hal.o
       574         10          0          0          0       2237   stm32l0xx_hal_adc.o
       166         16          0          0          0      11852   stm32l0xx_hal_cortex.o
       724         10          0          0          0       4774   stm32l0xx_hal_dma.o
       566         38          0          0          0       4086   stm32l0xx_hal_gpio.o
        20          6          0          0          0        605   stm32l0xx_hal_pwr.o
        40          8          0          0          0       1265   stm32l0xx_hal_pwr_ex.o
      2592        102          0          0          0       7028   stm32l0xx_hal_rcc.o
       620         14          0          0          0       1744   stm32l0xx_hal_rcc_ex.o
      2090         42          0          0          0      10426   stm32l0xx_hal_rtc.o
        88          0          0          0          0       1807   stm32l0xx_hal_rtc_ex.o
      1006          0          0          0          0       5523   stm32l0xx_hal_spi.o
      1084         20          0          0          0      10492   stm32l0xx_hal_tim.o
        92          0          0          0          0       1468   stm32l0xx_hal_tim_ex.o
      2602         78          0          0          0      13882   stm32l0xx_hal_uart.o
         2          0          0          0          0       1180   stm32l0xx_hal_uart_ex.o
      7120        428        224         32        432     469467   sx1276.o
       104         16         33          4          0       1779   system_stm32l0xx.o
       148         22          0          0         60       1936   tim.o
       782         32          0          4          0      10511   timeserver.o
       270         32          0          1        272       4807   trace.o
        24          0          0          0          0       1362   utilities.o
       476         54          0          4        200       5135   vcom.o

    ----------------------------------------------------------------------
     29634       1894        632        132       2572     698651   Object Totals
         0          0         32          0          0          0   (incl. Generated)
        54          0          0          3          0          0   (incl. Padding)

    ----------------------------------------------------------------------

      Code (inc. data)   RO Data    RW Data    ZI Data      Debug   Library Member Name

       200         20          0          0          0         76   ceil.o
       200         20          0          0          0         76   floor.o
       156         14          0          0          0         84   round.o
         0          0          0          0          0          0   entry.o
         0          0          0          0          0          0   entry10a.o
         0          0          0          0          0          0   entry11a.o
         8          4          0          0          0          0   entry2.o
         4          0          0          0          0          0   entry5.o
         0          0          0          0          0          0   entry7b.o
         0          0          0          0          0          0   entry8b.o
         8          4          0          0          0          0   entry9a.o
        30          0          0          0          0          0   handlers.o
        40          0          0          0          0         72   idiv.o
        36          8          0          0          0         68   init.o
         0          0          0          0          0          0   iusefp.o
        32          0          0          0          0         68   llshl.o
        38          0          0          0          0         68   llsshr.o
        34          0          0          0          0         68   llushr.o
        36          0          0          0          0         60   memcpya.o
        36          0          0          0          0        100   memseta.o
      2286         94          0          0          0        460   printfa.o
        44          0          0          0          0         72   uidiv.o
        96          0          0          0          0         84   uldiv.o
        40          2          0          0          0         68   cdcmple.o
        40          2          0          0          0         68   cdrcmple.o
        56          0          0          0          0         68   d2f.o
       356          4          0          0          0        140   dadd.o
       240          6          0          0          0         84   ddiv.o
       236          0          0          0          0        216   depilogue.o
        72         10          0          0          0         72   dfixi.o
        60         10          0          0          0         68   dfixui.o
        64         10          0          0          0         68   dfixul.o
        40          6          0          0          0         68   dflti.o
        28          4          0          0          0         68   dfltui.o
       208          6          0          0          0         88   dmul.o
       124         10          0          0          0         76   drnd.o
        40          0          0          0          0         60   f2d.o
       130          0          0          0          0        144   fepilogue.o

    ----------------------------------------------------------------------
      5018        234          0          0          0       2712   Library Totals
         0          0          0          0          0          0   (incl. Padding)

    ----------------------------------------------------------------------

      Code (inc. data)   RO Data    RW Data    ZI Data      Debug   Library Name

       556         54          0          0          0        236   m_ps.l
      2728        110          0          0          0       1120   mc_p.l
      1734         70          0          0          0       1356   mf_p.l

    ----------------------------------------------------------------------
      5018        234          0          0          0       2712   Library Totals

    ----------------------------------------------------------------------

==============================================================================


      Code (inc. data)   RO Data    RW Data    ZI Data      Debug   

     34652       2128        632        132       2572     688871   Grand Totals
     34652       2128        632        132       2572     688871   ELF Image Totals
     34652       2128        632        132          0          0   ROM Totals

==============================================================================

    Total RO  Size (Code + RO Data)                35284 (  34.46kB)
    Total RW  Size (RW Data + ZI Data)              2704 (   2.64kB)
    Total ROM Size (Code + RO Data + RW Data)      35416 (  34.59kB)

==============================================================================

