<html>
<body>
<pre>
<h1>µVision Build Log</h1>
<h2>Tool Versions:</h2>
IDE-Version: µVision V5.30.0.0
Copyright (C) 2020 ARM Ltd and ARM Germany GmbH. All rights reserved.
License Information: Franciszek Kowal, Politechnika Gdanska, LIC=FHYH9-4ADHW-5JZNE-IESAN-UGX93-RU7MU
 
Tool Versions:
Toolchain:       MDK-ARM Cortex-M0/M0+ for ST  Version: 5.30.0.0
Toolchain Path:  C:\Keil_v5\ARM\ARMCC\Bin
C Compiler:      Armcc.exe V5.06 update 6 (build 750)
Assembler:       Armasm.exe V5.06 update 6 (build 750)
Linker/Locator:  ArmLink.exe V5.06 update 6 (build 750)
Library Manager: ArmAr.exe V5.06 update 6 (build 750)
Hex Converter:   FromElf.exe V5.06 update 6 (build 750)
CPU DLL:         SARMCM3.DLL V5.30.0.0
Dialog DLL:      DARMCM1.DLL V1.19.3.0
Target DLL:      STLink\ST-LINKIII-KEIL_SWO.dll V3.0.7.0
Dialog DLL:      TARMCM1.DLL V1.14.2.0
 
<h2>Project:</h2>
C:\Users\FK\Documents\GitHub\tablica-basenowa\firmware\STM32CubeExpansion_LRWAN_V1.3.1\Projects\B-L072Z-LRWAN1\Applications\LoRa\PingPong\MDK-ARM\Lora.uvprojx
Project File Date:  01/14/2021

<h2>Output:</h2>
*** Using Compiler 'V5.06 update 6 (build 750)', folder: 'C:\Keil_v5\ARM\ARMCC\Bin'
Build target 'master'
compiling main_master.c...
..\LoRaWAN\App\inc\main_master.h(128): warning:  #1-D: last line of file ends without a newline
  void EncryptData(const uint8_t *input_data,int length, uint8_t *encrypted_data);
..\LoRaWAN\App\src\main_master.c(285): warning:  #177-D: variable "message"  was declared but never referenced
  	 char message[64];
..\LoRaWAN\App\src\main_master.c: 2 warnings, 0 errors
linking...
Program Size: Code=34652 RO-data=632 RW-data=132 ZI-data=2572  
FromELF: creating hex file...
After Build - User command #1: C:\Keil_v5\\ARM\ARMCC\bin\fromelf.exe --bin --output=NUCLEO_CUBE_LORA.bin .\mlm32l07x01\NUCLEO_CUBE_LORA.axf
".\mlm32l07x01\NUCLEO_CUBE_LORA.axf" - 0 Error(s), 2 Warning(s).

<h2>Software Packages used:</h2>

Package Vendor: Keil
                http://www.keil.com/pack/Keil.STM32L0xx_DFP.2.0.1.pack
                Keil.STM32L0xx_DFP.2.0.1
                STMicroelectronics STM32L0 Series Device Support, Drivers and Examples

<h2>Collection of Component include folders:</h2>
  .\RTE\_master
  C:\Users\FK\AppData\Local\Arm\Packs\Keil\STM32L0xx_DFP\2.0.1\Drivers\CMSIS\Device\ST\STM32L0xx\Include

<h2>Collection of Component Files used:</h2>
Build Time Elapsed:  00:00:02
</pre>
</body>
</html>
