Component: ARM Compiler 5.06 update 6 (build 750) Tool: armlink [4d35ed]

==============================================================================

Section Cross References

    sx1276.o(i.GetFskBandwidthRegValue) refers to sx1276.o(.constdata) for FskBandwidths
    sx1276.o(i.RxChainCalibration) refers to sx1276.o(i.SX1276Read) for SX1276Read
    sx1276.o(i.RxChainCalibration) refers to sx1276.o(i.SX1276Write) for SX1276Write
    sx1276.o(i.RxChainCalibration) refers to sx1276.o(i.SX1276SetChannel) for SX1276SetChannel
    sx1276.o(i.SX1276BoardInit) refers to sx1276.o(.data) for LoRaBoardCallbacks
    sx1276.o(i.SX1276GetStatus) refers to sx1276.o(.bss) for SX1276
    sx1276.o(i.SX1276GetTimeOnAir) refers to dfltui.o(.text) for __aeabi_ui2d
    sx1276.o(i.SX1276GetTimeOnAir) refers to sx1276.o(i.SX1276Read) for SX1276Read
    sx1276.o(i.SX1276GetTimeOnAir) refers to dflti.o(.text) for __aeabi_i2d
    sx1276.o(i.SX1276GetTimeOnAir) refers to dadd.o(.text) for __aeabi_dadd
    sx1276.o(i.SX1276GetTimeOnAir) refers to dmul.o(.text) for __aeabi_dmul
    sx1276.o(i.SX1276GetTimeOnAir) refers to ddiv.o(.text) for __aeabi_ddiv
    sx1276.o(i.SX1276GetTimeOnAir) refers to round.o(i.round) for round
    sx1276.o(i.SX1276GetTimeOnAir) refers to dfixui.o(.text) for __aeabi_d2uiz
    sx1276.o(i.SX1276GetTimeOnAir) refers to ceil.o(i.ceil) for ceil
    sx1276.o(i.SX1276GetTimeOnAir) refers to cdrcmple.o(.text) for __aeabi_cdrcmple
    sx1276.o(i.SX1276GetTimeOnAir) refers to floor.o(i.floor) for floor
    sx1276.o(i.SX1276GetTimeOnAir) refers to sx1276.o(.bss) for SX1276
    sx1276.o(i.SX1276GetWakeupTime) refers to sx1276.o(.data) for LoRaBoardCallbacks
    sx1276.o(i.SX1276Init) refers to timeserver.o(i.TimerInit) for TimerInit
    sx1276.o(i.SX1276Init) refers to sx1276.o(i.SX1276Reset) for SX1276Reset
    sx1276.o(i.SX1276Init) refers to sx1276.o(i.RxChainCalibration) for RxChainCalibration
    sx1276.o(i.SX1276Init) refers to sx1276.o(i.SX1276SetOpMode) for SX1276SetOpMode
    sx1276.o(i.SX1276Init) refers to sx1276.o(i.SX1276SetModem) for SX1276SetModem
    sx1276.o(i.SX1276Init) refers to sx1276.o(i.SX1276Write) for SX1276Write
    sx1276.o(i.SX1276Init) refers to sx1276.o(.data) for RadioEvents
    sx1276.o(i.SX1276Init) refers to sx1276.o(i.SX1276OnTimeoutIrq) for SX1276OnTimeoutIrq
    sx1276.o(i.SX1276Init) refers to sx1276.o(.bss) for TxTimeoutTimer
    sx1276.o(i.SX1276Init) refers to sx1276.o(.constdata) for RadioRegsInit
    sx1276.o(i.SX1276IsChannelFree) refers to sx1276.o(i.SX1276GetStatus) for SX1276GetStatus
    sx1276.o(i.SX1276IsChannelFree) refers to sx1276.o(i.SX1276SetModem) for SX1276SetModem
    sx1276.o(i.SX1276IsChannelFree) refers to sx1276.o(i.SX1276SetChannel) for SX1276SetChannel
    sx1276.o(i.SX1276IsChannelFree) refers to sx1276.o(i.SX1276SetOpMode) for SX1276SetOpMode
    sx1276.o(i.SX1276IsChannelFree) refers to mlm32l0xx_hal_msp.o(i.HAL_Delay) for HAL_Delay
    sx1276.o(i.SX1276IsChannelFree) refers to timeserver.o(i.TimerGetCurrentTime) for TimerGetCurrentTime
    sx1276.o(i.SX1276IsChannelFree) refers to sx1276.o(i.SX1276ReadRssi) for SX1276ReadRssi
    sx1276.o(i.SX1276IsChannelFree) refers to timeserver.o(i.TimerGetElapsedTime) for TimerGetElapsedTime
    sx1276.o(i.SX1276IsChannelFree) refers to sx1276.o(i.SX1276SetSleep) for SX1276SetSleep
    sx1276.o(i.SX1276OnDio0Irq) refers to sx1276.o(i.SX1276Read) for SX1276Read
    sx1276.o(i.SX1276OnDio0Irq) refers to sx1276.o(i.SX1276Write) for SX1276Write
    sx1276.o(i.SX1276OnDio0Irq) refers to timeserver.o(i.TimerStop) for TimerStop
    sx1276.o(i.SX1276OnDio0Irq) refers to timeserver.o(i.TimerStart) for TimerStart
    sx1276.o(i.SX1276OnDio0Irq) refers to sx1276.o(i.SX1276ReadFifo) for SX1276ReadFifo
    sx1276.o(i.SX1276OnDio0Irq) refers to sx1276.o(.bss) for SX1276
    sx1276.o(i.SX1276OnDio0Irq) refers to sx1276.o(.data) for RadioEvents
    sx1276.o(i.SX1276OnDio1Irq) refers to timeserver.o(i.TimerStop) for TimerStop
    sx1276.o(i.SX1276OnDio1Irq) refers to sx1276.o(i.SX1276ReadFifo) for SX1276ReadFifo
    sx1276.o(i.SX1276OnDio1Irq) refers to sx1276.o(i.SX1276Read) for SX1276Read
    sx1276.o(i.SX1276OnDio1Irq) refers to sx1276.o(i.SX1276Write) for SX1276Write
    sx1276.o(i.SX1276OnDio1Irq) refers to sx1276.o(i.SX1276WriteFifo) for SX1276WriteFifo
    sx1276.o(i.SX1276OnDio1Irq) refers to sx1276.o(.bss) for SX1276
    sx1276.o(i.SX1276OnDio1Irq) refers to sx1276.o(.data) for RadioEvents
    sx1276.o(i.SX1276OnDio2Irq) refers to timeserver.o(i.TimerStop) for TimerStop
    sx1276.o(i.SX1276OnDio2Irq) refers to sx1276.o(i.SX1276Read) for SX1276Read
    sx1276.o(i.SX1276OnDio2Irq) refers to sx1276.o(i.SX1276Write) for SX1276Write
    sx1276.o(i.SX1276OnDio2Irq) refers to sx1276.o(.bss) for SX1276
    sx1276.o(i.SX1276OnDio2Irq) refers to sx1276.o(.data) for RadioEvents
    sx1276.o(i.SX1276OnDio3Irq) refers to sx1276.o(i.SX1276Read) for SX1276Read
[...]
    i.SX1276OnDio0Irq                        0x08004648   Section        0  sx1276.o(i.SX1276OnDio0Irq)
    i.SX1276OnDio1Irq                        0x080049c4   Section        0  sx1276.o(i.SX1276OnDio1Irq)
    i.SX1276OnDio2Irq                        0x08004b54   Section        0  sx1276.o(i.SX1276OnDio2Irq)
    i.SX1276OnDio3Irq                        0x08004c98   Section        0  sx1276.o(i.SX1276OnDio3Irq)
    i.SX1276OnDio4Irq                        0x08004d14   Section        0  sx1276.o(i.SX1276OnDio4Irq)
    i.SX1276OnTimeoutIrq                     0x08004d44   Section        0  sx1276.o(i.SX1276OnTimeoutIrq)
    i.SX1276Random                           0x08004e54   Section        0  sx1276.o(i.SX1276Random)
    i.SX1276Read                             0x08004e94   Section        0  sx1276.o(i.SX1276Read)
    i.SX1276ReadBuffer                       0x08004ea8   Section        0  sx1276.o(i.SX1276ReadBuffer)
    i.SX1276ReadFifo                         0x08004ee8   Section        0  sx1276.o(i.SX1276ReadFifo)
    i.SX1276ReadRssi                         0x08004efc   Section        0  sx1276.o(i.SX1276ReadRssi)
    i.SX1276Reset                            0x08004f50   Section        0  sx1276.o(i.SX1276Reset)
    i.SX1276Send                             0x08004fa0   Section        0  sx1276.o(i.SX1276Send)
    i.SX1276SetAntSw                         0x080050d0   Section        0  mlm32l07x01.o(i.SX1276SetAntSw)
    i.SX1276SetAntSwLowPower                 0x0800513c   Section        0  mlm32l07x01.o(i.SX1276SetAntSwLowPower)
    i.SX1276SetChannel                       0x08005150   Section        0  sx1276.o(i.SX1276SetChannel)
    i.SX1276SetMaxPayloadLength              0x080051a8   Section        0  sx1276.o(i.SX1276SetMaxPayloadLength)
    i.SX1276SetModem                         0x080051e4   Section        0  sx1276.o(i.SX1276SetModem)
    i.SX1276SetOpMode                        0x08005280   Section        0  sx1276.o(i.SX1276SetOpMode)
    i.SX1276SetPublicNetwork                 0x080052f0   Section        0  sx1276.o(i.SX1276SetPublicNetwork)
    i.SX1276SetRfTxPower                     0x0800531c   Section        0  mlm32l07x01.o(i.SX1276SetRfTxPower)
    i.SX1276SetRx                            0x080053e8   Section        0  sx1276.o(i.SX1276SetRx)
    i.SX1276SetRxConfig                      0x08005680   Section        0  sx1276.o(i.SX1276SetRxConfig)
    i.SX1276SetSleep                         0x0800599c   Section        0  sx1276.o(i.SX1276SetSleep)
    i.SX1276SetStby                          0x080059dc   Section        0  sx1276.o(i.SX1276SetStby)
    i.SX1276SetTx                            0x08005a10   Section        0  sx1276.o(i.SX1276SetTx)
    i.SX1276SetTxConfig                      0x08005ae4   Section        0  sx1276.o(i.SX1276SetTxConfig)
    i.SX1276SetTxContinuousWave              0x08005d54   Section        0  sx1276.o(i.SX1276SetTxContinuousWave)
    i.SX1276SetXO                            0x08005ddc   Section        0  mlm32l07x01.o(i.SX1276SetXO)
    i.SX1276StartCad                         0x08005e08   Section        0  sx1276.o(i.SX1276StartCad)
    i.SX1276Write                            0x08005e50   Section        0  sx1276.o(i.SX1276Write)
    i.SX1276WriteBuffer                      0x08005e60   Section        0  sx1276.o(i.SX1276WriteBuffer)
    i.SX1276WriteFifo                        0x08005ea0   Section        0  sx1276.o(i.SX1276WriteFifo)
    i.SpiFrequency                           0x08005eb4   Section        0  hw_spi.o(i.SpiFrequency)
    SpiFrequency                             0x08005eb5   Thumb Code    72  hw_spi.o(i.SpiFrequency)
    i.SysTick_Handler                        0x08005f00   Section        0  mlm32l0xx_it.o(i.SysTick_Handler)
    i.SystemClock_Config                     0x08005f08   Section        0  mlm32l0xx_hw.o(i.SystemClock_Config)
    i.SystemInit                             0x08005fa8   Section        0  system_stm32l0xx.o(i.SystemInit)
    i.TIM2_IRQHandler                        0x08006010   Section        0  rc5.o(i.TIM2_IRQHandler)
    i.TIM_Base_SetConfig                     0x08006020   Section        0  stm32l0xx_hal_tim.o(i.TIM_Base_SetConfig)
    TIM_Base_SetConfig                       0x08006021   Thumb Code   110  stm32l0xx_hal_tim.o(i.TIM_Base_SetConfig)
    i.TimerExists                            0x0800609c   Section        0  timeserver.o(i.TimerExists)
    TimerExists                              0x0800609d   Thumb Code    26  timeserver.o(i.TimerExists)
    i.TimerGetCurrentTime                    0x080060bc   Section        0  timeserver.o(i.TimerGetCurrentTime)
    i.TimerGetElapsedTime                    0x080060cc   Section        0  timeserver.o(i.TimerGetElapsedTime)
    i.TimerInit                              0x080060ec   Section        0  timeserver.o(i.TimerInit)
    i.TimerInsertNewHeadTimer                0x08006100   Section        0  timeserver.o(i.TimerInsertNewHeadTimer)
    TimerInsertNewHeadTimer                  0x08006101   Thumb Code    30  timeserver.o(i.TimerInsertNewHeadTimer)
    i.TimerInsertTimer                       0x08006124   Section        0  timeserver.o(i.TimerInsertTimer)
    TimerInsertTimer                         0x08006125   Thumb Code    46  timeserver.o(i.TimerInsertTimer)
    i.TimerIrqHandler                        0x08006158   Section        0  timeserver.o(i.TimerIrqHandler)
    i.TimerSetTimeout                        0x0800621c   Section        0  timeserver.o(i.TimerSetTimeout)
    TimerSetTimeout                          0x0800621d   Thumb Code    42  timeserver.o(i.TimerSetTimeout)
    i.TimerSetValue                          0x08006246   Section        0  timeserver.o(i.TimerSetValue)
    i.TimerStart                             0x08006270   Section        0  timeserver.o(i.TimerStart)
    i.TimerStop                              0x080062ec   Section        0  timeserver.o(i.TimerStop)
    i.TraceInit                              0x080063a8   Section        0  trace.o(i.TraceInit)
    i.TraceSend                              0x080063cc   Section        0  trace.o(i.TraceSend)
    i.Trace_TxCpltCallback                   0x08006458   Section        0  trace.o(i.Trace_TxCpltCallback)
    Trace_TxCpltCallback                     0x08006459   Thumb Code    80  trace.o(i.Trace_TxCpltCallback)
    i.UART_AdvFeatureConfig                  0x080064b0   Section        0  stm32l0xx_hal_uart.o(i.UART_AdvFeatureConfig)
    i.UART_CheckIdleState                    0x080065a0   Section        0  stm32l0xx_hal_uart.o(i.UART_CheckIdleState)
    i.UART_DMAAbortOnError                   0x08006610   Section        0  stm32l0xx_hal_uart.o(i.UART_DMAAbortOnError)
    UART_DMAAbortOnError                     0x08006611   Thumb Code    24  stm32l0xx_hal_uart.o(i.UART_DMAAbortOnError)
    i.UART_DMAError                          0x08006628   Section        0  stm32l0xx_hal_uart.o(i.UART_DMAError)
    UART_DMAError                            0x08006629   Thumb Code    82  stm32l0xx_hal_uart.o(i.UART_DMAError)
    i.UART_DMATransmitCplt                   0x0800667a   Section        0  stm32l0xx_hal_uart.o(i.UART_DMATransmitCplt)
    UART_DMATransmitCplt                     0x0800667b   Thumb Code    58  stm32l0xx_hal_uart.o(i.UART_DMATransmitCplt)
    i.UART_DMATxHalfCplt                     0x080066b4   Section        0  stm32l0xx_hal_uart.o(i.UART_DMATxHalfCplt)
    UART_DMATxHalfCplt                       0x080066b5   Thumb Code    14  stm32l0xx_hal_uart.o(i.UART_DMATxHalfCplt)
    i.UART_EndRxTransfer                     0x080066c2   Section        0  stm32l0xx_hal_uart.o(i.UART_EndRxTransfer)
    UART_EndRxTransfer                       0x080066c3   Thumb Code    36  stm32l0xx_hal_uart.o(i.UART_EndRxTransfer)
    i.UART_EndTransmit_IT                    0x080066e6   Section        0  stm32l0xx_hal_uart.o(i.UART_EndTransmit_IT)
    UART_EndTransmit_IT                      0x080066e7   Thumb Code    32  stm32l0xx_hal_uart.o(i.UART_EndTransmit_IT)
    i.UART_EndTxTransfer                     0x08006706   Section        0  stm32l0xx_hal_uart.o(i.UART_EndTxTransfer)
    UART_EndTxTransfer                       0x08006707   Thumb Code    18  stm32l0xx_hal_uart.o(i.UART_EndTxTransfer)
    i.UART_SetConfig                         0x08006718   Section        0  stm32l0xx_hal_uart.o(i.UART_SetConfig)
    i.UART_WaitOnFlagUntilTimeout            0x08006b18   Section        0  stm32l0xx_hal_uart.o(i.UART_WaitOnFlagUntilTimeout)
    i.USART2_IRQHandler                      0x08006b84   Section        0  mlm32l0xx_it.o(i.USART2_IRQHandler)
    i.__0vsnprintf                           0x08006b8c   Section        0  printfa.o(i.__0vsnprintf)
    i.__ARM_clz                              0x08006bb8   Section        0  depilogue.o(i.__ARM_clz)
    i.__ARM_common_ll_muluu                  0x08006be6   Section        0  stm32l0xx_hal_uart.o(i.__ARM_common_ll_muluu)
    i.__ARM_common_switch8                   0x08006c16   Section        0  sx1276.o(i.__ARM_common_switch8)
    i.__NVIC_SetPriority                     0x08006c34   Section        0  stm32l0xx_hal_cortex.o(i.__NVIC_SetPriority)
    __NVIC_SetPriority                       0x08006c35   Thumb Code   110  stm32l0xx_hal_cortex.o(i.__NVIC_SetPriority)
    i.__scatterload_copy                     0x08006cac   Section       14  handlers.o(i.__scatterload_copy)
    i.__scatterload_null                     0x08006cba   Section        2  handlers.o(i.__scatterload_null)
    i.__scatterload_zeroinit                 0x08006cbc   Section       14  handlers.o(i.__scatterload_zeroinit)
    i.__set_PRIMASK                          0x08006cca   Section        0  timeserver.o(i.__set_PRIMASK)
    __set_PRIMASK                            0x08006ccb   Thumb Code     6  timeserver.o(i.__set_PRIMASK)
    i.__set_PRIMASK                          0x08006cd0   Section        0  trace.o(i.__set_PRIMASK)
    __set_PRIMASK                            0x08006cd1   Thumb Code     6  trace.o(i.__set_PRIMASK)
    i._fp_digits                             0x08006cd8   Section        0  printfa.o(i._fp_digits)
    _fp_digits                               0x08006cd9   Thumb Code   344  printfa.o(i._fp_digits)
    i._printf_core                           0x08006e4c   Section        0  printfa.o(i._printf_core)
    _printf_core                             0x08006e4d   Thumb Code  1754  printfa.o(i._printf_core)
    i._printf_post_padding                   0x08007538   Section        0  printfa.o(i._printf_post_padding)
    _printf_post_padding                     0x08007539   Thumb Code    32  printfa.o(i._printf_post_padding)
    i._printf_pre_padding                    0x08007558   Section        0  printfa.o(i._printf_pre_padding)
    _printf_pre_padding                      0x08007559   Thumb Code    44  printfa.o(i._printf_pre_padding)
    i._snputc                                0x08007584   Section        0  printfa.o(i._snputc)
    _snputc                                  0x08007585   Thumb Code    22  printfa.o(i._snputc)
    i.add_elementSize_and_inc_writeIdx       0x0800759a   Section        0  queue.o(i.add_elementSize_and_inc_writeIdx)
    add_elementSize_and_inc_writeIdx         0x0800759b   Thumb Code    50  queue.o(i.add_elementSize_and_inc_writeIdx)
    i.ceil                                   0x080075cc   Section        0  ceil.o(i.ceil)
    i.circular_queue_add                     0x08007694   Section        0  queue.o(i.circular_queue_add)
    i.circular_queue_get                     0x08007770   Section        0  queue.o(i.circular_queue_get)
    i.circular_queue_get_free_size           0x080077bc   Section        0  queue.o(i.circular_queue_get_free_size)
    circular_queue_get_free_size             0x080077bd   Thumb Code    42  queue.o(i.circular_queue_get_free_size)
    i.circular_queue_init                    0x080077e6   Section        0  queue.o(i.circular_queue_init)
    i.circular_queue_remove                  0x080077f6   Section        0  queue.o(i.circular_queue_remove)
    i.circular_queue_sense                   0x08007856   Section        0  queue.o(i.circular_queue_sense)
    i.display_init                           0x08007866   Section        0  display.o(i.display_init)
    i.display_set_temp                       0x0800786e   Section        0  display.o(i.display_set_temp)
    i.floor                                  0x08007930   Section        0  floor.o(i.floor)
    i.main                                   0x080079f8   Section        0  main_master.o(i.main)
    i.memcpy1                                0x08007b60   Section        0  utilities.o(i.memcpy1)
    i.queue_copy                             0x08007b78   Section        0  queue.o(i.queue_copy)
    queue_copy                               0x08007b79   Thumb Code    24  queue.o(i.queue_copy)
    i.rc5_init                               0x08007b90   Section        0  rc5.o(i.rc5_init)
    i.rc5_ir_output_off                      0x08007c3c   Section        0  rc5.o(i.rc5_ir_output_off)
    i.rc5_ir_output_on                       0x08007c4c   Section        0  rc5.o(i.rc5_ir_output_on)
    i.rc5_send_command                       0x08007c5c   Section        0  rc5.o(i.rc5_send_command)
    i.round                                  0x08007cb4   Section        0  round.o(i.round)
    i.vcom_DMA_TX_IRQHandler                 0x08007d50   Section        0  vcom.o(i.vcom_DMA_TX_IRQHandler)
    i.vcom_IRQHandler                        0x08007d60   Section        0  vcom.o(i.vcom_IRQHandler)
    i.vcom_Init                              0x08007d70   Section        0  vcom.o(i.vcom_Init)
    i.vcom_IoInit                            0x08007db0   Section        0  vcom.o(i.vcom_IoInit)
    i.vcom_Trace                             0x08007e2c   Section        0  vcom.o(i.vcom_Trace)
    .constdata                               0x08007e44   Section      224  sx1276.o(.constdata)
    .constdata                               0x08007f24   Section      116  mlm32l07x01.o(.constdata)
    .constdata                               0x08007f98   Section       11  b-l072z-lrwan1.o(.constdata)
    .constdata                               0x08007fa3   Section       33  system_stm32l0xx.o(.constdata)
    .constdata                               0x08007fc4   Section       24  hw_rtc.o(.constdata)
    DaysInMonth                              0x08007fc4   Data          12  hw_rtc.o(.constdata)
    DaysInMonthLeapYear                      0x08007fd0   Data          12  hw_rtc.o(.constdata)
    .data                                    0x20000000   Section       32  sx1276.o(.data)
    RadioEvents                              0x20000000   Data           4  sx1276.o(.data)
    LoRaBoardCallbacks                       0x20000004   Data           4  sx1276.o(.data)
    .data                                    0x20000020   Section       24  mlm32l07x01.o(.data)
    BoardCallbacks                           0x20000020   Data          24  mlm32l07x01.o(.data)
    .data                                    0x20000038   Section       20  b-l072z-lrwan1.o(.data)
    .data                                    0x2000004c   Section        4  system_stm32l0xx.o(.data)
    .data                                    0x20000050   Section        4  stm32l0xx_hal.o(.data)
    .data                                    0x20000054   Section        4  hw_rtc.o(.data)
    HW_RTC_Initalized                        0x20000054   Data           1  hw_rtc.o(.data)
    McuWakeUpTimeInitialized                 0x20000055   Data           1  hw_rtc.o(.data)
    McuWakeUpTimeCal                         0x20000056   Data           2  hw_rtc.o(.data)
    .data                                    0x20000058   Section        4  vcom.o(.data)
    TxCpltCallback                           0x20000058   Data           4  vcom.o(.data)
    .data                                    0x2000005c   Section        2  mlm32l0xx_hw.o(.data)
    AdcInitialized                           0x2000005c   Data           1  mlm32l0xx_hw.o(.data)
    McuInitialized                           0x2000005d   Data           1  mlm32l0xx_hw.o(.data)
    .data                                    0x2000005e   Section        8  rc5.o(.data)
    .data                                    0x20000066   Section        9  main_master.o(.data)
    app_request                              0x20000069   Data           1  main_master.o(.data)
    indoor_temp                              0x2000006a   Data           1  main_master.o(.data)
    outdoor_temp                             0x2000006b   Data           1  main_master.o(.data)
    water_temp                               0x2000006c   Data           1  main_master.o(.data)
    .data                                    0x20000070   Section        8  low_power_manager.o(.data)
    StopModeDisable                          0x20000070   Data           4  low_power_manager.o(.data)
    OffModeDisable                           0x20000074   Data           4  low_power_manager.o(.data)
    .data                                    0x20000078   Section        4  timeserver.o(.data)
    TimerListHead                            0x20000078   Data           4  timeserver.o(.data)
    .data                                    0x2000007c   Section        1  trace.o(.data)
    .bss                                     0x20000080   Section      432  sx1276.o(.bss)
    RxTxBuffer                               0x20000080   Data         256  sx1276.o(.bss)
    .bss                                     0x20000230   Section       64  hw_gpio.o(.bss)
    GpioIrq                                  0x20000230   Data          64  hw_gpio.o(.bss)
    .bss                                     0x20000270   Section      104  hw_rtc.o(.bss)
    RtcHandle                                0x20000270   Data          36  hw_rtc.o(.bss)
    RTC_AlarmStructure                       0x20000294   Data          40  hw_rtc.o(.bss)
    RtcTimerContext                          0x200002bc   Data          28  hw_rtc.o(.bss)
    .bss                                     0x200002d8   Section       88  hw_spi.o(.bss)
    hspi                                     0x200002d8   Data          88  hw_spi.o(.bss)
    .bss                                     0x20000330   Section      200  vcom.o(.bss)
    UartHandle                               0x20000330   Data         128  vcom.o(.bss)
    hdma_tx                                  0x200003b0   Data          72  vcom.o(.bss)
    .bss                                     0x200003f8   Section       92  mlm32l0xx_hw.o(.bss)
    hadc                                     0x200003f8   Data          92  mlm32l0xx_hw.o(.bss)
    .bss                                     0x20000454   Section       60  rc5.o(.bss)
    .bss                                     0x20000490   Section      140  main_master.o(.bss)
    timerLed                                 0x200004d0   Data          24  main_master.o(.bss)
    timerTemp                                0x200004e8   Data          24  main_master.o(.bss)
    RadioEvents                              0x20000500   Data          28  main_master.o(.bss)
    .bss                                     0x2000051c   Section      272  trace.o(.bss)
    MsgTraceQueue                            0x2000051c   Data          16  trace.o(.bss)
    MsgTraceQueueBuff                        0x2000052c   Data         256  trace.o(.bss)
    STACK                                    0x20000630   Section     1024  startup_stm32l072xx.o(STACK)

    Global Symbols

    Symbol Name                              Value     Ov Type        Size  Object(Section)

    BuildAttributes$$THM_ISAv3M$S$PE$A:L22$X:L11$S22$IEEE1$IW$USESV6$~STKCKD$USESV7$~SHL$OTIME$ROPI$IEEEJ$EBA8$MICROLIB$REQ8$PRES8$EABIv2 0x00000000   Number         0  anon$$obj.o ABSOLUTE
    __ARM_use_no_argv                        0x00000000   Number         0  main_master.o ABSOLUTE
    __cpp_initialize__aeabi_                  - Undefined Weak Reference
    __cxa_finalize                            - Undefined Weak Reference
    __decompress                              - Undefined Weak Reference
    _clock_init                               - Undefined Weak Reference
    _microlib_exit                            - Undefined Weak Reference
    __Vectors_Size                           0x000000c0   Number         0  startup_stm32l072xx.o ABSOLUTE
    __Vectors                                0x08000000   Data           4  startup_stm32l072xx.o(RESET)
    __Vectors_End                            0x080000c0   Data           0  startup_stm32l072xx.o(RESET)
    __main                                   0x080000c1   Thumb Code     0  entry.o(.ARM.Collect$$$$00000000)
    _main_stk                                0x080000c1   Thumb Code     0  entry2.o(.ARM.Collect$$$$00000001)
    _main_scatterload                        0x080000c5   Thumb Code     0  entry5.o(.ARM.Collect$$$$00000004)
    __main_after_scatterload                 0x080000c9   Thumb Code     0  entry5.o(.ARM.Collect$$$$00000004)
    _main_clock                              0x080000c9   Thumb Code     0  entry7b.o(.ARM.Collect$$$$00000008)
    _main_cpp_init                           0x080000c9   Thumb Code     0  entry8b.o(.ARM.Collect$$$$0000000A)
    _main_init                               0x080000c9   Thumb Code     0  entry9a.o(.ARM.Collect$$$$0000000B)
    __rt_final_cpp                           0x080000d1   Thumb Code     0  entry10a.o(.ARM.Collect$$$$0000000D)
    __rt_final_exit                          0x080000d1   Thumb Code     0  entry11a.o(.ARM.Collect$$$$0000000F)
    Reset_Handler                            0x080000d5   Thumb Code     8  startup_stm32l072xx.o(.text)
    ADC1_COMP_IRQHandler                     0x080000e7   Thumb Code     0  startup_stm32l072xx.o(.text)
    DMA1_Channel1_IRQHandler                 0x080000e7   Thumb Code     0  startup_stm32l072xx.o(.text)
    DMA1_Channel2_3_IRQHandler               0x080000e7   Thumb Code     0  startup_stm32l072xx.o(.text)
    FLASH_IRQHandler                         0x080000e7   Thumb Code     0  startup_stm32l072xx.o(.text)
    I2C1_IRQHandler                          0x080000e7   Thumb Code     0  startup_stm32l072xx.o(.text)
    I2C2_IRQHandler                          0x080000e7   Thumb Code     0  startup_stm32l072xx.o(.text)
    I2C3_IRQHandler                          0x080000e7   Thumb Code     0  startup_stm32l072xx.o(.text)
    LPTIM1_IRQHandler                        0x080000e7   Thumb Code     0  startup_stm32l072xx.o(.text)
    PVD_IRQHandler                           0x080000e7   Thumb Code     0  startup_stm32l072xx.o(.text)
    RCC_CRS_IRQHandler                       0x080000e7   Thumb Code     0  startup_stm32l072xx.o(.text)
    RNG_LPUART1_IRQHandler                   0x080000e7   Thumb Code     0  startup_stm32l072xx.o(.text)
    SPI1_IRQHandler                          0x080000e7   Thumb Code     0  startup_stm32l072xx.o(.text)
    SPI2_IRQHandler                          0x080000e7   Thumb Code     0  startup_stm32l072xx.o(.text)
    TIM21_IRQHandler                         0x080000e7   Thumb Code     0  startup_stm32l072xx.o(.text)
    TIM22_IRQHandler                         0x080000e7   Thumb Code     0  startup_stm32l072xx.o(.text)
    TIM3_IRQHandler                          0x080000e7   Thumb Code     0  startup_stm32l072xx.o(.text)
    TIM6_DAC_IRQHandler                      0x080000e7   Thumb Code     0  startup_stm32l072xx.o(.text)
    TIM7_IRQHandler                          0x080000e7   Thumb Code     0  startup_stm32l072xx.o(.text)
    TSC_IRQHandler                           0x080000e7   Thumb Code     0  startup_stm32l072xx.o(.text)
    USART1_IRQHandler                        0x080000e7   Thumb Code     0  startup_stm32l072xx.o(.text)
    USART4_5_IRQHandler                      0x080000e7   Thumb Code     0  startup_stm32l072xx.o(.text)
    USB_IRQHandler                           0x080000e7   Thumb Code     0  startup_stm32l072xx.o(.text)
    WWDG_IRQHandler                          0x080000e7   Thumb Code     0  startup_stm32l072xx.o(.text)
    __aeabi_uidiv                            0x080000f1   Thumb Code     0  uidiv.o(.text)
    __aeabi_uidivmod                         0x080000f1   Thumb Code    44  uidiv.o(.text)
    __aeabi_idiv                             0x0800011d   Thumb Code     0  idiv.o(.text)
    __aeabi_idivmod                          0x0800011d   Thumb Code    40  idiv.o(.text)
    __aeabi_uldivmod                         0x08000145   Thumb Code    96  uldiv.o(.text)
    __aeabi_memcpy                           0x080001a5   Thumb Code    36  memcpya.o(.text)
    __aeabi_memcpy4                          0x080001a5   Thumb Code     0  memcpya.o(.text)
    __aeabi_memcpy8                          0x080001a5   Thumb Code     0  memcpya.o(.text)
    __aeabi_memset                           0x080001c9   Thumb Code    14  memseta.o(.text)
    __aeabi_memset4                          0x080001c9   Thumb Code     0  memseta.o(.text)
    __aeabi_memset8                          0x080001c9   Thumb Code     0  memseta.o(.text)
    __aeabi_memclr                           0x080001d7   Thumb Code     4  memseta.o(.text)
    __aeabi_memclr4                          0x080001d7   Thumb Code     0  memseta.o(.text)
    __aeabi_memclr8                          0x080001d7   Thumb Code     0  memseta.o(.text)
    _memset$wrapper                          0x080001db   Thumb Code    18  memseta.o(.text)
    __aeabi_dadd                             0x080001ed   Thumb Code   328  dadd.o(.text)
    __aeabi_dsub                             0x08000335   Thumb Code    12  dadd.o(.text)
    __aeabi_drsub                            0x08000341   Thumb Code    12  dadd.o(.text)
    __aeabi_dmul                             0x08000351   Thumb Code   202  dmul.o(.text)
    __aeabi_ddiv                             0x08000421   Thumb Code   234  ddiv.o(.text)
    __aeabi_i2d                              0x08000511   Thumb Code    34  dflti.o(.text)
    __aeabi_ui2d                             0x08000539   Thumb Code    24  dfltui.o(.text)
    __aeabi_d2uiz                            0x08000555   Thumb Code    50  dfixui.o(.text)
    __aeabi_cdrcmple                         0x08000591   Thumb Code    38  cdrcmple.o(.text)
    __aeabi_llsl                             0x080005b9   Thumb Code    32  llshl.o(.text)
    _ll_shift_l                              0x080005b9   Thumb Code     0  llshl.o(.text)
    __aeabi_llsr                             0x080005d9   Thumb Code    34  llushr.o(.text)
    _ll_ushift_r                             0x080005d9   Thumb Code     0  llushr.o(.text)
    __aeabi_lasr                             0x080005fb   Thumb Code    38  llsshr.o(.text)
    _ll_sshift_r                             0x080005fb   Thumb Code     0  llsshr.o(.text)
    __I$use$fp                               0x08000621   Thumb Code     0  iusefp.o(.text)
    _double_round                            0x08000621   Thumb Code    26  depilogue.o(.text)
    _double_epilogue                         0x0800063b   Thumb Code   164  depilogue.o(.text)
    _drnd                                    0x080006e1   Thumb Code   114  drnd.o(.text)
    __aeabi_d2ulz                            0x0800075d   Thumb Code    54  dfixul.o(.text)
    __aeabi_cdcmpeq                          0x0800079d   Thumb Code     0  cdcmple.o(.text)
    __aeabi_cdcmple                          0x0800079d   Thumb Code    38  cdcmple.o(.text)
    __scatterload                            0x080007c5   Thumb Code    28  init.o(.text)
    __scatterload_rt2                        0x080007c5   Thumb Code     0  init.o(.text)
    BSP_LED_Init                             0x080007e9   Thumb Code   188  b-l072z-lrwan1.o(i.BSP_LED_Init)
    BSP_LED_Off                              0x080008b1   Thumb Code    24  b-l072z-lrwan1.o(i.BSP_LED_Off)
    BSP_LED_On                               0x080008d1   Thumb Code    24  b-l072z-lrwan1.o(i.BSP_LED_On)
    DMA1_Channel4_5_6_7_IRQHandler           0x08000929   Thumb Code     8  mlm32l0xx_it.o(i.DMA1_Channel4_5_6_7_IRQHandler)
    EXTI0_1_IRQHandler                       0x0800095f   Thumb Code    16  mlm32l0xx_it.o(i.EXTI0_1_IRQHandler)
    EXTI2_3_IRQHandler                       0x0800096f   Thumb Code    16  mlm32l0xx_it.o(i.EXTI2_3_IRQHandler)
    EXTI4_15_IRQHandler                      0x0800097f   Thumb Code    92  mlm32l0xx_it.o(i.EXTI4_15_IRQHandler)
    Error_Handler                            0x08000a05   Thumb Code    14  debug.o(i.Error_Handler)
    HAL_ADC_Init                             0x08000a59   Thumb Code   562  stm32l0xx_hal_adc.o(i.HAL_ADC_Init)
    HAL_ADC_MspInit                          0x08000c95   Thumb Code     2  stm32l0xx_hal_adc.o(i.HAL_ADC_MspInit)
    HAL_DMA_Abort_IT                         0x08000c97   Thumb Code    92  stm32l0xx_hal_dma.o(i.HAL_DMA_Abort_IT)
    HAL_DMA_IRQHandler                       0x08000cf3   Thumb Code   264  stm32l0xx_hal_dma.o(i.HAL_DMA_IRQHandler)
    HAL_DMA_Init                             0x08000dfd   Thumb Code   158  stm32l0xx_hal_dma.o(i.HAL_DMA_Init)
    HAL_DMA_Start_IT                         0x08000ea5   Thumb Code   154  stm32l0xx_hal_dma.o(i.HAL_DMA_Start_IT)
    HAL_Delay                                0x08000f3f   Thumb Code    10  mlm32l0xx_hal_msp.o(i.HAL_Delay)
    HAL_GPIO_EXTI_Callback                   0x08000f49   Thumb Code    12  mlm32l0xx_hal_msp.o(i.HAL_GPIO_EXTI_Callback)
    HAL_GPIO_EXTI_IRQHandler                 0x08000f55   Thumb Code    26  stm32l0xx_hal_gpio.o(i.HAL_GPIO_EXTI_IRQHandler)
    HAL_GPIO_Init                            0x08000f75   Thumb Code   472  stm32l0xx_hal_gpio.o(i.HAL_GPIO_Init)
    HAL_GPIO_WritePin                        0x0800116d   Thumb Code    12  stm32l0xx_hal_gpio.o(i.HAL_GPIO_WritePin)
    HAL_GetTick                              0x08001179   Thumb Code     6  stm32l0xx_hal.o(i.HAL_GetTick)
    HAL_IncTick                              0x08001185   Thumb Code    12  stm32l0xx_hal.o(i.HAL_IncTick)
    HAL_Init                                 0x08001195   Thumb Code    38  stm32l0xx_hal.o(i.HAL_Init)
    HAL_InitTick                             0x080011c1   Thumb Code     6  mlm32l0xx_hal_msp.o(i.HAL_InitTick)
    HAL_MspInit                              0x080011c9   Thumb Code    50  mlm32l0xx_hal_msp.o(i.HAL_MspInit)
    HAL_NVIC_EnableIRQ                       0x08001205   Thumb Code    22  stm32l0xx_hal_cortex.o(i.HAL_NVIC_EnableIRQ)
    HAL_NVIC_SetPriority                     0x08001221   Thumb Code    18  stm32l0xx_hal_cortex.o(i.HAL_NVIC_SetPriority)
    HAL_PWREx_EnableFastWakeUp               0x08001235   Thumb Code    16  stm32l0xx_hal_pwr_ex.o(i.HAL_PWREx_EnableFastWakeUp)
    HAL_PWREx_EnableUltraLowPower            0x08001249   Thumb Code    16  stm32l0xx_hal_pwr_ex.o(i.HAL_PWREx_EnableUltraLowPower)
    HAL_PWR_DisablePVD                       0x0800125d   Thumb Code    14  stm32l0xx_hal_pwr.o(i.HAL_PWR_DisablePVD)
    HAL_RCCEx_PeriphCLKConfig                0x08001271   Thumb Code   606  stm32l0xx_hal_rcc_ex.o(i.HAL_RCCEx_PeriphCLKConfig)
    HAL_RCC_ClockConfig                      0x080014dd   Thumb Code   498  stm32l0xx_hal_rcc.o(i.HAL_RCC_ClockConfig)
    HAL_RCC_GetHCLKFreq                      0x080016e5   Thumb Code     6  stm32l0xx_hal_rcc.o(i.HAL_RCC_GetHCLKFreq)
    HAL_RCC_GetPCLK1Freq                     0x080016f1   Thumb Code    26  stm32l0xx_hal_rcc.o(i.HAL_RCC_GetPCLK1Freq)
    HAL_RCC_GetPCLK2Freq                     0x08001715   Thumb Code    26  stm32l0xx_hal_rcc.o(i.HAL_RCC_GetPCLK2Freq)
    HAL_RCC_GetSysClockFreq                  0x08001739   Thumb Code   186  stm32l0xx_hal_rcc.o(i.HAL_RCC_GetSysClockFreq)
    HAL_RCC_OscConfig                        0x08001809   Thumb Code  1764  stm32l0xx_hal_rcc.o(i.HAL_RCC_OscConfig)
    HAL_RTCEx_EnableBypassShadow             0x08001efd   Thumb Code    88  stm32l0xx_hal_rtc_ex.o(i.HAL_RTCEx_EnableBypassShadow)
    HAL_RTC_AlarmAEventCallback              0x08001f55   Thumb Code    10  mlm32l0xx_hal_msp.o(i.HAL_RTC_AlarmAEventCallback)
    HAL_RTC_DeactivateAlarm                  0x08001f5f   Thumb Code   272  stm32l0xx_hal_rtc.o(i.HAL_RTC_DeactivateAlarm)
    HAL_RTC_GetDate                          0x08002071   Thumb Code    86  stm32l0xx_hal_rtc.o(i.HAL_RTC_GetDate)
    HAL_RTC_GetTime                          0x080020cd   Thumb Code   102  stm32l0xx_hal_rtc.o(i.HAL_RTC_GetTime)
    HAL_RTC_Init                             0x08002139   Thumb Code   248  stm32l0xx_hal_rtc.o(i.HAL_RTC_Init)
    HAL_RTC_MspInit                          0x08002235   Thumb Code   106  mlm32l0xx_hal_msp.o(i.HAL_RTC_MspInit)
    HAL_RTC_SetAlarm_IT                      0x080022a5   Thumb Code   558  stm32l0xx_hal_rtc.o(i.HAL_RTC_SetAlarm_IT)
    HAL_RTC_SetDate                          0x080024e1   Thumb Code   282  stm32l0xx_hal_rtc.o(i.HAL_RTC_SetDate)
    HAL_RTC_SetTime                          0x08002601   Thumb Code   326  stm32l0xx_hal_rtc.o(i.HAL_RTC_SetTime)
    HAL_RTC_WaitForSynchro                   0x0800274d   Thumb Code    58  stm32l0xx_hal_rtc.o(i.HAL_RTC_WaitForSynchro)
    HAL_SPI_Init                             0x08002787   Thumb Code   146  stm32l0xx_hal_spi.o(i.HAL_SPI_Init)
    HAL_SPI_MspInit                          0x08002819   Thumb Code     2  stm32l0xx_hal_spi.o(i.HAL_SPI_MspInit)
    HAL_SPI_TransmitReceive                  0x0800281b   Thumb Code   600  stm32l0xx_hal_spi.o(i.HAL_SPI_TransmitReceive)
    HAL_TIM_Base_Init                        0x08002a73   Thumb Code    56  stm32l0xx_hal_tim.o(i.HAL_TIM_Base_Init)
    HAL_TIM_Base_MspInit                     0x08002aab   Thumb Code     2  stm32l0xx_hal_tim.o(i.HAL_TIM_Base_MspInit)
    HAL_TIM_Base_Start_IT                    0x08002aad   Thumb Code    42  stm32l0xx_hal_tim.o(i.HAL_TIM_Base_Start_IT)
    HAL_TIM_Base_Stop_IT                     0x08002ad9   Thumb Code    46  stm32l0xx_hal_tim.o(i.HAL_TIM_Base_Stop_IT)
    HAL_TIM_IC_CaptureCallback               0x08002b0d   Thumb Code     2  stm32l0xx_hal_tim.o(i.HAL_TIM_IC_CaptureCallback)
    HAL_TIM_IRQHandler                       0x08002b0f   Thumb Code   380  stm32l0xx_hal_tim.o(i.HAL_TIM_IRQHandler)
    HAL_TIM_OC_DelayElapsedCallback          0x08002c8d   Thumb Code    28  rc5.o(i.HAL_TIM_OC_DelayElapsedCallback)
    HAL_TIM_PWM_PulseFinishedCallback        0x08002cad   Thumb Code     2  stm32l0xx_hal_tim.o(i.HAL_TIM_PWM_PulseFinishedCallback)
    HAL_TIM_PeriodElapsedCallback            0x08002cb1   Thumb Code   216  rc5.o(i.HAL_TIM_PeriodElapsedCallback)
    HAL_TIM_TriggerCallback                  0x08002da5   Thumb Code     2  stm32l0xx_hal_tim.o(i.HAL_TIM_TriggerCallback)
    HAL_UARTEx_WakeupCallback                0x08002da7   Thumb Code     2  stm32l0xx_hal_uart_ex.o(i.HAL_UARTEx_WakeupCallback)
    HAL_UART_ErrorCallback                   0x08002da9   Thumb Code     2  stm32l0xx_hal_uart.o(i.HAL_UART_ErrorCallback)
    HAL_UART_IRQHandler                      0x08002dad   Thumb Code   456  stm32l0xx_hal_uart.o(i.HAL_UART_IRQHandler)
    HAL_UART_Init                            0x08002f79   Thumb Code   126  stm32l0xx_hal_uart.o(i.HAL_UART_Init)
    HAL_UART_MspInit                         0x08002ff9   Thumb Code   200  vcom.o(i.HAL_UART_MspInit)
    HAL_UART_Transmit_DMA                    0x080030d1   Thumb Code   202  stm32l0xx_hal_uart.o(i.HAL_UART_Transmit_DMA)
    HAL_UART_TxCpltCallback                  0x080031a9   Thumb Code    12  vcom.o(i.HAL_UART_TxCpltCallback)
    HAL_UART_TxHalfCpltCallback              0x080031b9   Thumb Code     2  stm32l0xx_hal_uart.o(i.HAL_UART_TxHalfCpltCallback)
    HW_AdcInit                               0x080031bd   Thumb Code   106  mlm32l0xx_hw.o(i.HW_AdcInit)
    HW_GPIO_Init                             0x0800327d   Thumb Code   222  hw_gpio.o(i.HW_GPIO_Init)
    HW_GPIO_IrqHandler                       0x08003369   Thumb Code    34  hw_gpio.o(i.HW_GPIO_IrqHandler)
    HW_GPIO_SetIrq                           0x08003391   Thumb Code    62  hw_gpio.o(i.HW_GPIO_SetIrq)
    HW_GPIO_Write                            0x080033d5   Thumb Code    20  hw_gpio.o(i.HW_GPIO_Write)
    HW_GpioInit                              0x080033e9   Thumb Code   226  mlm32l0xx_hw.o(i.HW_GpioInit)
    HW_Init                                  0x080034e5   Thumb Code    64  mlm32l0xx_hw.o(i.HW_Init)
    HW_RTC_DelayMs                           0x0800352d   Thumb Code    38  hw_rtc.o(i.HW_RTC_DelayMs)
    HW_RTC_GetMinimumTimeout                 0x08003639   Thumb Code     4  hw_rtc.o(i.HW_RTC_GetMinimumTimeout)
    HW_RTC_GetTimerContext                   0x0800363d   Thumb Code     6  hw_rtc.o(i.HW_RTC_GetTimerContext)
    HW_RTC_GetTimerElapsedTime               0x08003649   Thumb Code    24  hw_rtc.o(i.HW_RTC_GetTimerElapsedTime)
    HW_RTC_GetTimerValue                     0x08003665   Thumb Code    20  hw_rtc.o(i.HW_RTC_GetTimerValue)
    HW_RTC_Init                              0x08003679   Thumb Code    30  hw_rtc.o(i.HW_RTC_Init)
    HW_RTC_IrqHandler                        0x0800369d   Thumb Code    72  hw_rtc.o(i.HW_RTC_IrqHandler)
    HW_RTC_SetAlarm                          0x080036f1   Thumb Code    64  hw_rtc.o(i.HW_RTC_SetAlarm)
    HW_RTC_SetTimerContext                   0x080037b9   Thumb Code    24  hw_rtc.o(i.HW_RTC_SetTimerContext)
    HW_RTC_StopAlarm                         0x08003961   Thumb Code    42  hw_rtc.o(i.HW_RTC_StopAlarm)
    HW_RTC_Tick2ms                           0x08003999   Thumb Code    26  hw_rtc.o(i.HW_RTC_Tick2ms)
    HW_RTC_ms2Tick                           0x080039b3   Thumb Code    24  hw_rtc.o(i.HW_RTC_ms2Tick)
    HW_SPI_InOut                             0x080039cd   Thumb Code    28  hw_spi.o(i.HW_SPI_InOut)
    HW_SPI_Init                              0x080039ed   Thumb Code    90  hw_spi.o(i.HW_SPI_Init)
    HW_SPI_IoInit                            0x08003a59   Thumb Code   100  hw_spi.o(i.HW_SPI_IoInit)
    HardFault_Handler                        0x08003ac1   Thumb Code     6  mlm32l0xx_it.o(i.HardFault_Handler)
    LPM_GetMode                              0x08003ac9   Thumb Code    46  low_power_manager.o(i.LPM_GetMode)
    LPM_SetOffMode                           0x08003b01   Thumb Code    60  low_power_manager.o(i.LPM_SetOffMode)
    LPM_SetStopMode                          0x08003b41   Thumb Code    60  low_power_manager.o(i.LPM_SetStopMode)
    MSP_GetIRQn                              0x08003b81   Thumb Code   156  mlm32l0xx_hal_msp.o(i.MSP_GetIRQn)
    NMI_Handler                              0x08003c1d   Thumb Code     2  mlm32l0xx_it.o(i.NMI_Handler)
    OnRxDone                                 0x08003c21   Thumb Code   228  main_master.o(i.OnRxDone)
    OnRxError                                0x08003d4d   Thumb Code    34  main_master.o(i.OnRxError)
    OnRxTimeout                              0x08003d89   Thumb Code    26  main_master.o(i.OnRxTimeout)
    OnTxDone                                 0x08003dd9   Thumb Code    26  main_master.o(i.OnTxDone)
    OnTxTimeout                              0x08003e09   Thumb Code    26  main_master.o(i.OnTxTimeout)
    PendSV_Handler                           0x08003e5b   Thumb Code     2  mlm32l0xx_it.o(i.PendSV_Handler)
    RTC_Bcd2ToByte                           0x08003e5d   Thumb Code    24  stm32l0xx_hal_rtc.o(i.RTC_Bcd2ToByte)
    RTC_ByteToBcd2                           0x08003e75   Thumb Code    28  stm32l0xx_hal_rtc.o(i.RTC_ByteToBcd2)
    RTC_EnterInitMode                        0x08003e91   Thumb Code    64  stm32l0xx_hal_rtc.o(i.RTC_EnterInitMode)
    RTC_IRQHandler                           0x08003ed1   Thumb Code     8  mlm32l0xx_it.o(i.RTC_IRQHandler)
    RxChainCalibration                       0x08003ed9   Thumb Code   168  sx1276.o(i.RxChainCalibration)
    SVC_Handler                              0x0800408b   Thumb Code     2  mlm32l0xx_it.o(i.SVC_Handler)
    SX1276BoardInit                          0x0800414d   Thumb Code     6  sx1276.o(i.SX1276BoardInit)
    SX1276CheckRfFrequency                   0x08004159   Thumb Code     6  mlm32l07x01.o(i.SX1276CheckRfFrequency)
    SX1276GetPaSelect                        0x0800415f   Thumb Code    14  mlm32l07x01.o(i.SX1276GetPaSelect)
    SX1276GetStatus                          0x0800416d   Thumb Code     6  sx1276.o(i.SX1276GetStatus)
    SX1276GetTimeOnAir                       0x08004179   Thumb Code   630  sx1276.o(i.SX1276GetTimeOnAir)
    SX1276GetWakeTime                        0x08004419   Thumb Code     4  mlm32l07x01.o(i.SX1276GetWakeTime)
    SX1276GetWakeupTime                      0x0800441d   Thumb Code    14  sx1276.o(i.SX1276GetWakeupTime)
    SX1276Init                               0x08004431   Thumb Code   136  sx1276.o(i.SX1276Init)
    SX1276IoDeInit                           0x080044dd   Thumb Code    66  mlm32l07x01.o(i.SX1276IoDeInit)
    SX1276IoInit                             0x0800452d   Thumb Code    98  mlm32l07x01.o(i.SX1276IoInit)
    SX1276IoIrqInit                          0x080045a1   Thumb Code    56  mlm32l07x01.o(i.SX1276IoIrqInit)
    SX1276IsChannelFree                      0x080045e1   Thumb Code   104  sx1276.o(i.SX1276IsChannelFree)
    SX1276OnDio0Irq                          0x08004649   Thumb Code   864  sx1276.o(i.SX1276OnDio0Irq)
    SX1276OnDio1Irq                          0x080049c5   Thumb Code   380  sx1276.o(i.SX1276OnDio1Irq)
    SX1276OnDio2Irq                          0x08004b55   Thumb Code   306  sx1276.o(i.SX1276OnDio2Irq)
    SX1276OnDio3Irq                          0x08004c99   Thumb Code   116  sx1276.o(i.SX1276OnDio3Irq)
    SX1276OnDio4Irq                          0x08004d15   Thumb Code    44  sx1276.o(i.SX1276OnDio4Irq)
    SX1276OnTimeoutIrq                       0x08004d45   Thumb Code   256  sx1276.o(i.SX1276OnTimeoutIrq)
    SX1276Random                             0x08004e55   Thumb Code    64  sx1276.o(i.SX1276Random)
    SX1276Read                               0x08004e95   Thumb Code    20  sx1276.o(i.SX1276Read)
    SX1276ReadBuffer                         0x08004ea9   Thumb Code    64  sx1276.o(i.SX1276ReadBuffer)
    SX1276ReadFifo                           0x08004ee9   Thumb Code    18  sx1276.o(i.SX1276ReadFifo)
    SX1276ReadRssi                           0x08004efd   Thumb Code    74  sx1276.o(i.SX1276ReadRssi)
    SX1276Reset                              0x08004f51   Thumb Code    74  sx1276.o(i.SX1276Reset)
    SX1276Send                               0x08004fa1   Thumb Code   296  sx1276.o(i.SX1276Send)
    SX1276SetAntSw                           0x080050d1   Thumb Code    98  mlm32l07x01.o(i.SX1276SetAntSw)
    SX1276SetAntSwLowPower                   0x0800513d   Thumb Code    20  mlm32l07x01.o(i.SX1276SetAntSwLowPower)
    SX1276SetChannel                         0x08005151   Thumb Code    74  sx1276.o(i.SX1276SetChannel)
    SX1276SetMaxPayloadLength                0x080051a9   Thumb Code    54  sx1276.o(i.SX1276SetMaxPayloadLength)
    SX1276SetModem                           0x080051e5   Thumb Code   152  sx1276.o(i.SX1276SetModem)
    SX1276SetOpMode                          0x08005281   Thumb Code   106  sx1276.o(i.SX1276SetOpMode)
    SX1276SetPublicNetwork                   0x080052f1   Thumb Code    38  sx1276.o(i.SX1276SetPublicNetwork)
    SX1276SetRfTxPower                       0x0800531d   Thumb Code   202  mlm32l07x01.o(i.SX1276SetRfTxPower)
    SX1276SetRx                              0x080053e9   Thumb Code   618  sx1276.o(i.SX1276SetRx)
    SX1276SetRxConfig                        0x08005681   Thumb Code   772  sx1276.o(i.SX1276SetRxConfig)
    SX1276SetSleep                           0x0800599d   Thumb Code    44  sx1276.o(i.SX1276SetSleep)
    SX1276SetStby                            0x080059dd   Thumb Code    34  sx1276.o(i.SX1276SetStby)
    SX1276SetTx                              0x08005a11   Thumb Code   200  sx1276.o(i.SX1276SetTx)
    SX1276SetTxConfig                        0x08005ae5   Thumb Code   608  sx1276.o(i.SX1276SetTxConfig)
    SX1276SetTxContinuousWave                0x08005d55   Thumb Code   126  sx1276.o(i.SX1276SetTxContinuousWave)
    SX1276SetXO                              0x08005ddd   Thumb Code    44  mlm32l07x01.o(i.SX1276SetXO)
    SX1276StartCad                           0x08005e09   Thumb Code    66  sx1276.o(i.SX1276StartCad)
    SX1276Write                              0x08005e51   Thumb Code    16  sx1276.o(i.SX1276Write)
    SX1276WriteBuffer                        0x08005e61   Thumb Code    64  sx1276.o(i.SX1276WriteBuffer)
    SX1276WriteFifo                          0x08005ea1   Thumb Code    18  sx1276.o(i.SX1276WriteFifo)
    SysTick_Handler                          0x08005f01   Thumb Code     8  mlm32l0xx_it.o(i.SysTick_Handler)
    SystemClock_Config                       0x08005f09   Thumb Code   152  mlm32l0xx_hw.o(i.SystemClock_Config)
    SystemInit                               0x08005fa9   Thumb Code    88  system_stm32l0xx.o(i.SystemInit)
    TIM2_IRQHandler                          0x08006011   Thumb Code    10  rc5.o(i.TIM2_IRQHandler)
    TimerGetCurrentTime                      0x080060bd   Thumb Code    16  timeserver.o(i.TimerGetCurrentTime)
    TimerGetElapsedTime                      0x080060cd   Thumb Code    32  timeserver.o(i.TimerGetElapsedTime)
    TimerInit                                0x080060ed   Thumb Code    18  timeserver.o(i.TimerInit)
    TimerIrqHandler                          0x08006159   Thumb Code   192  timeserver.o(i.TimerIrqHandler)
    TimerSetValue                            0x08006247   Thumb Code    40  timeserver.o(i.TimerSetValue)
    TimerStart                               0x08006271   Thumb Code   118  timeserver.o(i.TimerStart)
    TimerStop                                0x080062ed   Thumb Code   184  timeserver.o(i.TimerStop)
    TraceInit                                0x080063a9   Thumb Code    22  trace.o(i.TraceInit)
    TraceSend                                0x080063cd   Thumb Code   130  trace.o(i.TraceSend)
    UART_AdvFeatureConfig                    0x080064b1   Thumb Code   240  stm32l0xx_hal_uart.o(i.UART_AdvFeatureConfig)
    UART_CheckIdleState                      0x080065a1   Thumb Code   106  stm32l0xx_hal_uart.o(i.UART_CheckIdleState)
    UART_SetConfig                           0x08006719   Thumb Code   970  stm32l0xx_hal_uart.o(i.UART_SetConfig)
    UART_WaitOnFlagUntilTimeout              0x08006b19   Thumb Code   108  stm32l0xx_hal_uart.o(i.UART_WaitOnFlagUntilTimeout)
    USART2_IRQHandler                        0x08006b85   Thumb Code     8  mlm32l0xx_it.o(i.USART2_IRQHandler)
    __0vsnprintf                             0x08006b8d   Thumb Code    40  printfa.o(i.__0vsnprintf)
    __1vsnprintf                             0x08006b8d   Thumb Code     0  printfa.o(i.__0vsnprintf)
    __2vsnprintf                             0x08006b8d   Thumb Code     0  printfa.o(i.__0vsnprintf)
    __c89vsnprintf                           0x08006b8d   Thumb Code     0  printfa.o(i.__0vsnprintf)
    vsnprintf                                0x08006b8d   Thumb Code     0  printfa.o(i.__0vsnprintf)
    __ARM_clz                                0x08006bb9   Thumb Code    46  depilogue.o(i.__ARM_clz)
    __ARM_common_ll_muluu                    0x08006be7   Thumb Code    48  stm32l0xx_hal_uart.o(i.__ARM_common_ll_muluu)
    __ARM_common_switch8                     0x08006c17   Thumb Code    28  sx1276.o(i.__ARM_common_switch8)
    __scatterload_copy                       0x08006cad   Thumb Code    14  handlers.o(i.__scatterload_copy)
    __scatterload_null                       0x08006cbb   Thumb Code     2  handlers.o(i.__scatterload_null)
    __scatterload_zeroinit                   0x08006cbd   Thumb Code    14  handlers.o(i.__scatterload_zeroinit)
    ceil                                     0x080075cd   Thumb Code   180  ceil.o(i.ceil)
    circular_queue_add                       0x08007695   Thumb Code   220  queue.o(i.circular_queue_add)
    circular_queue_get                       0x08007771   Thumb Code    76  queue.o(i.circular_queue_get)
    circular_queue_init                      0x080077e7   Thumb Code    16  queue.o(i.circular_queue_init)
    circular_queue_remove                    0x080077f7   Thumb Code    96  queue.o(i.circular_queue_remove)
    circular_queue_sense                     0x08007857   Thumb Code    16  queue.o(i.circular_queue_sense)
    display_init                             0x08007867   Thumb Code     8  display.o(i.display_init)
    display_set_temp                         0x0800786f   Thumb Code   194  display.o(i.display_set_temp)
    floor                                    0x08007931   Thumb Code   180  floor.o(i.floor)
    main                                     0x080079f9   Thumb Code   242  main_master.o(i.main)
    memcpy1                                  0x08007b61   Thumb Code    24  utilities.o(i.memcpy1)
    rc5_init                                 0x08007b91   Thumb Code   160  rc5.o(i.rc5_init)
    rc5_ir_output_off                        0x08007c3d   Thumb Code    16  rc5.o(i.rc5_ir_output_off)
    rc5_ir_output_on                         0x08007c4d   Thumb Code    16  rc5.o(i.rc5_ir_output_on)
    rc5_send_command                         0x08007c5d   Thumb Code    76  rc5.o(i.rc5_send_command)
    round                                    0x08007cb5   Thumb Code   142  round.o(i.round)
    vcom_DMA_TX_IRQHandler                   0x08007d51   Thumb Code    12  vcom.o(i.vcom_DMA_TX_IRQHandler)
    vcom_IRQHandler                          0x08007d61   Thumb Code    10  vcom.o(i.vcom_IRQHandler)
    vcom_Init                                0x08007d71   Thumb Code    50  vcom.o(i.vcom_Init)
    vcom_IoInit                              0x08007db1   Thumb Code   120  vcom.o(i.vcom_IoInit)
    vcom_Trace                               0x08007e2d   Thumb Code    18  vcom.o(i.vcom_Trace)
    RadioRegsInit                            0x08007e44   Data          48  sx1276.o(.constdata)
    FskBandwidths                            0x08007e74   Data         176  sx1276.o(.constdata)
    Radio                                    0x08007f24   Data         116  mlm32l07x01.o(.constdata)
    LED_PIN                                  0x08007f98   Data           8  b-l072z-lrwan1.o(.constdata)
    BUTTON_PIN                               0x08007fa0   Data           2  b-l072z-lrwan1.o(.constdata)
    BUTTON_IRQn                              0x08007fa2   Data           1  b-l072z-lrwan1.o(.constdata)
    AHBPrescTable                            0x08007fa3   Data          16  system_stm32l0xx.o(.constdata)
    APBPrescTable                            0x08007fb3   Data           8  system_stm32l0xx.o(.constdata)
    PLLMulTable                              0x08007fbb   Data           9  system_stm32l0xx.o(.constdata)
    Region$$Table$$Base                      0x08007fdc   Number         0  anon$$obj.o(Region$$Table)
    Region$$Table$$Limit                     0x08007ffc   Number         0  anon$$obj.o(Region$$Table)
    DioIrq                                   0x20000008   Data          24  sx1276.o(.data)
    LED_PORT                                 0x20000038   Data          16  b-l072z-lrwan1.o(.data)
    BUTTON_PORT                              0x20000048   Data           4  b-l072z-lrwan1.o(.data)
    SystemCoreClock                          0x2000004c   Data           4  system_stm32l0xx.o(.data)
    uwTick                                   0x20000050   Data           4  stm32l0xx_hal.o(.data)
    rc5_toggle                               0x2000005e   Data           1  rc5.o(.data)
    rc5_pulse_cnt                            0x2000005f   Data           1  rc5.o(.data)
    rc5_bit_cnt                              0x20000060   Data           1  rc5.o(.data)
    rc5_bit_value                            0x20000061   Data           1  rc5.o(.data)
    rc5_output                               0x20000062   Data           1  rc5.o(.data)
    rc5_tx_ready                             0x20000063   Data           1  rc5.o(.data)
    rc5_command                              0x20000064   Data           2  rc5.o(.data)
    BufferSize                               0x20000066   Data           2  main_master.o(.data)
    State                                    0x20000068   Data           1  main_master.o(.data)
    RssiValue                                0x2000006d   Data           1  main_master.o(.data)
    SnrValue                                 0x2000006e   Data           1  main_master.o(.data)
    TracePeripheralReady                     0x2000007c   Data           1  trace.o(.data)
    SX1276                                   0x20000180   Data         104  sx1276.o(.bss)
    TxTimeoutTimer                           0x200001e8   Data          24  sx1276.o(.bss)
    RxTimeoutTimer                           0x20000200   Data          24  sx1276.o(.bss)
    RxTimeoutSyncWord                        0x20000218   Data          24  sx1276.o(.bss)
    tim2                                     0x20000454   Data          60  rc5.o(.bss)
    Buffer                                   0x20000490   Data          64  main_master.o(.bss)
    __initial_sp                             0x20000a30   Data           0  startup_stm32l072xx.o(STACK)



==============================================================================

Memory Map of the image

  Image Entry point : 0x080000c1

  Load Region LR_IROM1 (Base: 0x08000000, Size: 0x0000807c, Max: 0x00030000, ABSOLUTE)

    Execution Region ER_IROM1 (Exec base: 0x08000000, Load base: 0x08000000, Size: 0x00007ffc, Max: 0x00030000, ABSOLUTE)

    Exec Addr    Load Addr    Size         Type   Attr      Idx    E Section Name        Object

    0x08000000   0x08000000   0x000000c0   Data   RO         3992    RESET               startup_stm32l072xx.o
    0x080000c0   0x080000c0   0x00000000   Code   RO         5218  * .ARM.Collect$$$$00000000  mc_p.l(entry.o)
    0x080000c0   0x080000c0   0x00000004   Code   RO         5293    .ARM.Collect$$$$00000001  mc_p.l(entry2.o)
    0x080000c4   0x080000c4   0x00000004   Code   RO         5296    .ARM.Collect$$$$00000004  mc_p.l(entry5.o)
    0x080000c8   0x080000c8   0x00000000   Code   RO         5298    .ARM.Collect$$$$00000008  mc_p.l(entry7b.o)
    0x080000c8   0x080000c8   0x00000000   Code   RO         5300    .ARM.Collect$$$$0000000A  mc_p.l(entry8b.o)
    0x080000c8   0x080000c8   0x00000008   Code   RO         5301    .ARM.Collect$$$$0000000B  mc_p.l(entry9a.o)
    0x080000d0   0x080000d0   0x00000000   Code   RO         5303    .ARM.Collect$$$$0000000D  mc_p.l(entry10a.o)
    0x080000d0   0x080000d0   0x00000000   Code   RO         5305    .ARM.Collect$$$$0000000F  mc_p.l(entry11a.o)
    0x080000d0   0x080000d0   0x00000004   Code   RO         5294    .ARM.Collect$$$$00002712  mc_p.l(entry2.o)
    0x080000d4   0x080000d4   0x0000001c   Code   RO         3993    .text               startup_stm32l072xx.o
    0x080000f0   0x080000f0   0x0000002c   Code   RO         5221    .text               mc_p.l(uidiv.o)
    0x0800011c   0x0800011c   0x00000028   Code   RO         5223    .text               mc_p.l(idiv.o)
    0x08000144   0x08000144   0x00000060   Code   RO         5225    .text               mc_p.l(uldiv.o)
    0x080001a4   0x080001a4   0x00000024   Code   RO         5227    .text               mc_p.l(memcpya.o)
    0x080001c8   0x080001c8   0x00000024   Code   RO         5229    .text               mc_p.l(memseta.o)
    0x080001ec   0x080001ec   0x00000164   Code   RO         5269    .text               mf_p.l(dadd.o)
    0x08000350   0x08000350   0x000000d0   Code   RO         5271    .text               mf_p.l(dmul.o)
    0x08000420   0x08000420   0x000000f0   Code   RO         5273    .text               mf_p.l(ddiv.o)
    0x08000510   0x08000510   0x00000028   Code   RO         5277    .text               mf_p.l(dflti.o)
    0x08000538   0x08000538   0x0000001c   Code   RO         5279    .text               mf_p.l(dfltui.o)
    0x08000554   0x08000554   0x0000003c   Code   RO         5283    .text               mf_p.l(dfixui.o)
    0x08000590   0x08000590   0x00000028   Code   RO         5287    .text               mf_p.l(cdrcmple.o)
    0x080005b8   0x080005b8   0x00000020   Code   RO         5310    .text               mc_p.l(llshl.o)
    0x080005d8   0x080005d8   0x00000022   Code   RO         5312    .text               mc_p.l(llushr.o)
    0x080005fa   0x080005fa   0x00000026   Code   RO         5314    .text               mc_p.l(llsshr.o)
    0x08000620   0x08000620   0x00000000   Code   RO         5316    .text               mc_p.l(iusefp.o)
    0x08000620   0x08000620   0x000000be   Code   RO         5319    .text               mf_p.l(depilogue.o)
    0x080006de   0x080006de   0x00000002   PAD
    0x080006e0   0x080006e0   0x0000007c   Code   RO         5323    .text               mf_p.l(drnd.o)
    0x0800075c   0x0800075c   0x00000040   Code   RO         5325    .text               mf_p.l(dfixul.o)
    0x0800079c   0x0800079c   0x00000028   Code   RO         5327    .text               mf_p.l(cdcmple.o)
    0x080007c4   0x080007c4   0x00000024   Code   RO         5329    .text               mc_p.l(init.o)
    0x080007e8   0x080007e8   0x000000c8   Code   RO          550    i.BSP_LED_Init      b-l072z-lrwan1.o
    0x080008b0   0x080008b0   0x00000020   Code   RO          551    i.BSP_LED_Off       b-l072z-lrwan1.o
    0x080008d0   0x080008d0   0x00000020   Code   RO          552    i.BSP_LED_On        b-l072z-lrwan1.o
    0x080008f0   0x080008f0   0x00000038   Code   RO         4718    i.CalculateCRC8     main_master.o
    0x08000928   0x08000928   0x00000008   Code   RO         4435    i.DMA1_Channel4_5_6_7_IRQHandler  mlm32l0xx_it.o
    0x08000930   0x08000930   0x0000002e   Code   RO         2090    i.DMA_SetConfig     stm32l0xx_hal_dma.o
    0x0800095e   0x0800095e   0x00000010   Code   RO         4437    i.EXTI0_1_IRQHandler  mlm32l0xx_it.o
    0x0800096e   0x0800096e   0x00000010   Code   RO         4438    i.EXTI2_3_IRQHandler  mlm32l0xx_it.o
    0x0800097e   0x0800097e   0x0000005c   Code   RO         4439    i.EXTI4_15_IRQHandler  mlm32l0xx_it.o
    0x080009da   0x080009da   0x00000002   PAD
    0x080009dc   0x080009dc   0x00000028   Code   RO         4719    i.EncryptData       main_master.o
    0x08000a04   0x08000a04   0x00000020   Code   RO         4000    i.Error_Handler     debug.o
    0x08000a24   0x08000a24   0x00000034   Code   RO            3    i.GetFskBandwidthRegValue  sx1276.o
    0x08000a58   0x08000a58   0x0000023c   Code   RO         1344    i.HAL_ADC_Init      stm32l0xx_hal_adc.o
    0x08000c94   0x08000c94   0x00000002   Code   RO         1347    i.HAL_ADC_MspInit   stm32l0xx_hal_adc.o
    0x08000c96   0x08000c96   0x0000005c   Code   RO         2092    i.HAL_DMA_Abort_IT  stm32l0xx_hal_dma.o
    0x08000cf2   0x08000cf2   0x00000108   Code   RO         2096    i.HAL_DMA_IRQHandler  stm32l0xx_hal_dma.o
    0x08000dfa   0x08000dfa   0x00000002   PAD
    0x08000dfc   0x08000dfc   0x000000a8   Code   RO         2097    i.HAL_DMA_Init      stm32l0xx_hal_dma.o
    0x08000ea4   0x08000ea4   0x0000009a   Code   RO         2101    i.HAL_DMA_Start_IT  stm32l0xx_hal_dma.o
    0x08000f3e   0x08000f3e   0x0000000a   Code   RO         4372    i.HAL_Delay         mlm32l0xx_hal_msp.o
    0x08000f48   0x08000f48   0x0000000c   Code   RO         4373    i.HAL_GPIO_EXTI_Callback  mlm32l0xx_hal_msp.o
    0x08000f54   0x08000f54   0x00000020   Code   RO         2030    i.HAL_GPIO_EXTI_IRQHandler  stm32l0xx_hal_gpio.o
    0x08000f74   0x08000f74   0x000001f8   Code   RO         2031    i.HAL_GPIO_Init     stm32l0xx_hal_gpio.o
    0x0800116c   0x0800116c   0x0000000c   Code   RO         2035    i.HAL_GPIO_WritePin  stm32l0xx_hal_gpio.o
    0x08001178   0x08001178   0x0000000c   Code   RO         1741    i.HAL_GetTick       stm32l0xx_hal.o
    0x08001184   0x08001184   0x00000010   Code   RO         1745    i.HAL_IncTick       stm32l0xx_hal.o
    0x08001194   0x08001194   0x0000002c   Code   RO         1746    i.HAL_Init          stm32l0xx_hal.o
    0x080011c0   0x080011c0   0x00000006   Code   RO         4374    i.HAL_InitTick      mlm32l0xx_hal_msp.o
    0x080011c6   0x080011c6   0x00000002   PAD
    0x080011c8   0x080011c8   0x0000003c   Code   RO         4375    i.HAL_MspInit       mlm32l0xx_hal_msp.o
    0x08001204   0x08001204   0x0000001c   Code   RO         1921    i.HAL_NVIC_EnableIRQ  stm32l0xx_hal_cortex.o
    0x08001220   0x08001220   0x00000012   Code   RO         1925    i.HAL_NVIC_SetPriority  stm32l0xx_hal_cortex.o
    0x08001232   0x08001232   0x00000002   PAD
    0x08001234   0x08001234   0x00000014   Code   RO         2300    i.HAL_PWREx_EnableFastWakeUp  stm32l0xx_hal_pwr_ex.o
    0x08001248   0x08001248   0x00000014   Code   RO         2302    i.HAL_PWREx_EnableUltraLowPower  stm32l0xx_hal_pwr_ex.o
    0x0800125c   0x0800125c   0x00000014   Code   RO         2184    i.HAL_PWR_DisablePVD  stm32l0xx_hal_pwr.o
    0x08001270   0x08001270   0x0000026c   Code   RO         1618    i.HAL_RCCEx_PeriphCLKConfig  stm32l0xx_hal_rcc_ex.o
    0x080014dc   0x080014dc   0x00000208   Code   RO         1509    i.HAL_RCC_ClockConfig  stm32l0xx_hal_rcc.o
    0x080016e4   0x080016e4   0x0000000c   Code   RO         1513    i.HAL_RCC_GetHCLKFreq  stm32l0xx_hal_rcc.o
    0x080016f0   0x080016f0   0x00000024   Code   RO         1515    i.HAL_RCC_GetPCLK1Freq  stm32l0xx_hal_rcc.o
    0x08001714   0x08001714   0x00000024   Code   RO         1516    i.HAL_RCC_GetPCLK2Freq  stm32l0xx_hal_rcc.o
    0x08001738   0x08001738   0x000000d0   Code   RO         1517    i.HAL_RCC_GetSysClockFreq  stm32l0xx_hal_rcc.o
    0x08001808   0x08001808   0x000006f4   Code   RO         1520    i.HAL_RCC_OscConfig  stm32l0xx_hal_rcc.o
    0x08001efc   0x08001efc   0x00000058   Code   RO         2496    i.HAL_RTCEx_EnableBypassShadow  stm32l0xx_hal_rtc_ex.o
    0x08001f54   0x08001f54   0x0000000a   Code   RO         4376    i.HAL_RTC_AlarmAEventCallback  mlm32l0xx_hal_msp.o
    0x08001f5e   0x08001f5e   0x00000110   Code   RO         2356    i.HAL_RTC_DeactivateAlarm  stm32l0xx_hal_rtc.o
    0x0800206e   0x0800206e   0x00000002   PAD
    0x08002070   0x08002070   0x0000005c   Code   RO         2358    i.HAL_RTC_GetDate   stm32l0xx_hal_rtc.o
    0x080020cc   0x080020cc   0x0000006c   Code   RO         2360    i.HAL_RTC_GetTime   stm32l0xx_hal_rtc.o
    0x08002138   0x08002138   0x000000fc   Code   RO         2361    i.HAL_RTC_Init      stm32l0xx_hal_rtc.o
    0x08002234   0x08002234   0x00000070   Code   RO         4378    i.HAL_RTC_MspInit   mlm32l0xx_hal_msp.o
    0x080022a4   0x080022a4   0x0000023c   Code   RO         2366    i.HAL_RTC_SetAlarm_IT  stm32l0xx_hal_rtc.o
    0x080024e0   0x080024e0   0x00000120   Code   RO         2367    i.HAL_RTC_SetDate   stm32l0xx_hal_rtc.o
    0x08002600   0x08002600   0x0000014c   Code   RO         2368    i.HAL_RTC_SetTime   stm32l0xx_hal_rtc.o
    0x0800274c   0x0800274c   0x0000003a   Code   RO         2369    i.HAL_RTC_WaitForSynchro  stm32l0xx_hal_rtc.o
    0x08002786   0x08002786   0x00000092   Code   RO          661    i.HAL_SPI_Init      stm32l0xx_hal_spi.o
    0x08002818   0x08002818   0x00000002   Code   RO          663    i.HAL_SPI_MspInit   stm32l0xx_hal_spi.o
    0x0800281a   0x0800281a   0x00000258   Code   RO          670    i.HAL_SPI_TransmitReceive  stm32l0xx_hal_spi.o
    0x08002a72   0x08002a72   0x00000038   Code   RO         2713    i.HAL_TIM_Base_Init  stm32l0xx_hal_tim.o
    0x08002aaa   0x08002aaa   0x00000002   Code   RO         2715    i.HAL_TIM_Base_MspInit  stm32l0xx_hal_tim.o
    0x08002aac   0x08002aac   0x0000002a   Code   RO         2718    i.HAL_TIM_Base_Start_IT  stm32l0xx_hal_tim.o
    0x08002ad6   0x08002ad6   0x00000002   PAD
    0x08002ad8   0x08002ad8   0x00000034   Code   RO         2721    i.HAL_TIM_Base_Stop_IT  stm32l0xx_hal_tim.o
    0x08002b0c   0x08002b0c   0x00000002   Code   RO         2742    i.HAL_TIM_IC_CaptureCallback  stm32l0xx_hal_tim.o
    0x08002b0e   0x08002b0e   0x0000017c   Code   RO         2756    i.HAL_TIM_IRQHandler  stm32l0xx_hal_tim.o
    0x08002c8a   0x08002c8a   0x00000002   PAD
    0x08002c8c   0x08002c8c   0x00000020   Code   RO         4655    i.HAL_TIM_OC_DelayElapsedCallback  rc5.o
    0x08002cac   0x08002cac   0x00000002   Code   RO         2786    i.HAL_TIM_PWM_PulseFinishedCallback  stm32l0xx_hal_tim.o
    0x08002cae   0x08002cae   0x00000002   PAD
    0x08002cb0   0x08002cb0   0x000000f4   Code   RO         4656    i.HAL_TIM_PeriodElapsedCallback  rc5.o
    0x08002da4   0x08002da4   0x00000002   Code   RO         2799    i.HAL_TIM_TriggerCallback  stm32l0xx_hal_tim.o
    0x08002da6   0x08002da6   0x00000002   Code   RO         3479    i.HAL_UARTEx_WakeupCallback  stm32l0xx_hal_uart_ex.o
    0x08002da8   0x08002da8   0x00000002   Code   RO          990    i.HAL_UART_ErrorCallback  stm32l0xx_hal_uart.o
    0x08002daa   0x08002daa   0x00000002   PAD
    0x08002dac   0x08002dac   0x000001cc   Code   RO          993    i.HAL_UART_IRQHandler  stm32l0xx_hal_uart.o
    0x08002f78   0x08002f78   0x0000007e   Code   RO          994    i.HAL_UART_Init     stm32l0xx_hal_uart.o
    0x08002ff6   0x08002ff6   0x00000002   PAD
    0x08002ff8   0x08002ff8   0x000000d8   Code   RO         4296    i.HAL_UART_MspInit  vcom.o
    0x080030d0   0x080030d0   0x000000d8   Code   RO         1003    i.HAL_UART_Transmit_DMA  stm32l0xx_hal_uart.o
    0x080031a8   0x080031a8   0x00000010   Code   RO         4297    i.HAL_UART_TxCpltCallback  vcom.o
    0x080031b8   0x080031b8   0x00000002   Code   RO         1006    i.HAL_UART_TxHalfCpltCallback  stm32l0xx_hal_uart.o
    0x080031ba   0x080031ba   0x00000002   PAD
    0x080031bc   0x080031bc   0x0000007c   Code   RO         4542    i.HW_AdcInit        mlm32l0xx_hw.o
    0x08003238   0x08003238   0x00000044   Code   RO         4025    i.HW_GPIO_GetBitPos  hw_gpio.o
    0x0800327c   0x0800327c   0x000000ec   Code   RO         4026    i.HW_GPIO_Init      hw_gpio.o
    0x08003368   0x08003368   0x00000028   Code   RO         4027    i.HW_GPIO_IrqHandler  hw_gpio.o
    0x08003390   0x08003390   0x00000044   Code   RO         4029    i.HW_GPIO_SetIrq    hw_gpio.o
    0x080033d4   0x080033d4   0x00000014   Code   RO         4030    i.HW_GPIO_Write     hw_gpio.o
    0x080033e8   0x080033e8   0x000000fc   Code   RO         4549    i.HW_GpioInit       mlm32l0xx_hw.o
    0x080034e4   0x080034e4   0x00000048   Code   RO         4550    i.HW_Init           mlm32l0xx_hw.o
    0x0800352c   0x0800352c   0x00000026   Code   RO         4078    i.HW_RTC_DelayMs    hw_rtc.o
    0x08003552   0x08003552   0x00000002   PAD
    0x08003554   0x08003554   0x000000e4   Code   RO         4080    i.HW_RTC_GetCalendarValue  hw_rtc.o
    0x08003638   0x08003638   0x00000004   Code   RO         4081    i.HW_RTC_GetMinimumTimeout  hw_rtc.o
    0x0800363c   0x0800363c   0x0000000c   Code   RO         4082    i.HW_RTC_GetTimerContext  hw_rtc.o
    0x08003648   0x08003648   0x0000001c   Code   RO         4083    i.HW_RTC_GetTimerElapsedTime  hw_rtc.o
    0x08003664   0x08003664   0x00000014   Code   RO         4084    i.HW_RTC_GetTimerValue  hw_rtc.o
    0x08003678   0x08003678   0x00000024   Code   RO         4085    i.HW_RTC_Init       hw_rtc.o
    0x0800369c   0x0800369c   0x00000054   Code   RO         4086    i.HW_RTC_IrqHandler  hw_rtc.o
    0x080036f0   0x080036f0   0x00000044   Code   RO         4087    i.HW_RTC_SetAlarm   hw_rtc.o
    0x08003734   0x08003734   0x00000014   Code   RO         4088    i.HW_RTC_SetAlarmConfig  hw_rtc.o
    0x08003748   0x08003748   0x00000070   Code   RO         4089    i.HW_RTC_SetConfig  hw_rtc.o
    0x080037b8   0x080037b8   0x0000001c   Code   RO         4090    i.HW_RTC_SetTimerContext  hw_rtc.o
    0x080037d4   0x080037d4   0x0000018c   Code   RO         4091    i.HW_RTC_StartWakeUpAlarm  hw_rtc.o
    0x08003960   0x08003960   0x00000038   Code   RO         4092    i.HW_RTC_StopAlarm  hw_rtc.o
    0x08003998   0x08003998   0x0000001a   Code   RO         4093    i.HW_RTC_Tick2ms    hw_rtc.o
    0x080039b2   0x080039b2   0x00000018   Code   RO         4095    i.HW_RTC_ms2Tick    hw_rtc.o
    0x080039ca   0x080039ca   0x00000002   PAD
    0x080039cc   0x080039cc   0x00000020   Code   RO         4245    i.HW_SPI_InOut      hw_spi.o
    0x080039ec   0x080039ec   0x0000006c   Code   RO         4246    i.HW_SPI_Init       hw_spi.o
    0x08003a58   0x08003a58   0x00000068   Code   RO         4248    i.HW_SPI_IoInit     hw_spi.o
    0x08003ac0   0x08003ac0   0x00000006   Code   RO         4440    i.HardFault_Handler  mlm32l0xx_it.o
    0x08003ac6   0x08003ac6   0x00000002   PAD
    0x08003ac8   0x08003ac8   0x00000038   Code   RO         4859    i.LPM_GetMode       low_power_manager.o
    0x08003b00   0x08003b00   0x00000040   Code   RO         4860    i.LPM_SetOffMode    low_power_manager.o
    0x08003b40   0x08003b40   0x00000040   Code   RO         4861    i.LPM_SetStopMode   low_power_manager.o
    0x08003b80   0x08003b80   0x0000009c   Code   RO         4379    i.MSP_GetIRQn       mlm32l0xx_hal_msp.o
    0x08003c1c   0x08003c1c   0x00000002   Code   RO         4442    i.NMI_Handler       mlm32l0xx_it.o
    0x08003c1e   0x08003c1e   0x00000002   PAD
    0x08003c20   0x08003c20   0x0000012c   Code   RO         4720    i.OnRxDone          main_master.o
    0x08003d4c   0x08003d4c   0x0000003c   Code   RO         4721    i.OnRxError         main_master.o
    0x08003d88   0x08003d88   0x00000034   Code   RO         4722    i.OnRxTimeout       main_master.o
    0x08003dbc   0x08003dbc   0x0000001c   Code   RO         4723    i.OnTempEvent       main_master.o
    0x08003dd8   0x08003dd8   0x00000030   Code   RO         4724    i.OnTxDone          main_master.o
    0x08003e08   0x08003e08   0x00000034   Code   RO         4725    i.OnTxTimeout       main_master.o
    0x08003e3c   0x08003e3c   0x0000001e   Code   RO         4726    i.OnledEvent        main_master.o
    0x08003e5a   0x08003e5a   0x00000002   Code   RO         4443    i.PendSV_Handler    mlm32l0xx_it.o
    0x08003e5c   0x08003e5c   0x00000018   Code   RO         2370    i.RTC_Bcd2ToByte    stm32l0xx_hal_rtc.o
    0x08003e74   0x08003e74   0x0000001c   Code   RO         2371    i.RTC_ByteToBcd2    stm32l0xx_hal_rtc.o
    0x08003e90   0x08003e90   0x00000040   Code   RO         2372    i.RTC_EnterInitMode  stm32l0xx_hal_rtc.o
    0x08003ed0   0x08003ed0   0x00000008   Code   RO         4444    i.RTC_IRQHandler    mlm32l0xx_it.o
    0x08003ed8   0x08003ed8   0x000000b0   Code   RO            4    i.RxChainCalibration  sx1276.o
    0x08003f88   0x08003f88   0x0000005a   Code   RO          699    i.SPI_EndRxTxTransaction  stm32l0xx_hal_spi.o
    0x08003fe2   0x08003fe2   0x000000a8   Code   RO          704    i.SPI_WaitFlagStateUntilTimeout  stm32l0xx_hal_spi.o
    0x0800408a   0x0800408a   0x00000002   Code   RO         4445    i.SVC_Handler       mlm32l0xx_it.o
    0x0800408c   0x0800408c   0x00000060   Code   RO          451    i.SX1276AntSwDeInit  mlm32l07x01.o
    0x080040ec   0x080040ec   0x00000060   Code   RO          452    i.SX1276AntSwInit   mlm32l07x01.o
    0x0800414c   0x0800414c   0x0000000c   Code   RO            5    i.SX1276BoardInit   sx1276.o
    0x08004158   0x08004158   0x00000006   Code   RO          453    i.SX1276CheckRfFrequency  mlm32l07x01.o
    0x0800415e   0x0800415e   0x0000000e   Code   RO          454    i.SX1276GetPaSelect  mlm32l07x01.o
    0x0800416c   0x0800416c   0x0000000c   Code   RO            6    i.SX1276GetStatus   sx1276.o
    0x08004178   0x08004178   0x000002a0   Code   RO            7    i.SX1276GetTimeOnAir  sx1276.o
    0x08004418   0x08004418   0x00000004   Code   RO          455    i.SX1276GetWakeTime  mlm32l07x01.o
    0x0800441c   0x0800441c   0x00000014   Code   RO            8    i.SX1276GetWakeupTime  sx1276.o
    0x08004430   0x08004430   0x000000ac   Code   RO            9    i.SX1276Init        sx1276.o
    0x080044dc   0x080044dc   0x00000050   Code   RO          456    i.SX1276IoDeInit    mlm32l07x01.o
    0x0800452c   0x0800452c   0x00000074   Code   RO          457    i.SX1276IoInit      mlm32l07x01.o
    0x080045a0   0x080045a0   0x00000040   Code   RO          458    i.SX1276IoIrqInit   mlm32l07x01.o
    0x080045e0   0x080045e0   0x00000068   Code   RO           10    i.SX1276IsChannelFree  sx1276.o
    0x08004648   0x08004648   0x0000037c   Code   RO           11    i.SX1276OnDio0Irq   sx1276.o
    0x080049c4   0x080049c4   0x00000190   Code   RO           12    i.SX1276OnDio1Irq   sx1276.o
    0x08004b54   0x08004b54   0x00000144   Code   RO           13    i.SX1276OnDio2Irq   sx1276.o
    0x08004c98   0x08004c98   0x0000007c   Code   RO           14    i.SX1276OnDio3Irq   sx1276.o
    0x08004d14   0x08004d14   0x00000030   Code   RO           15    i.SX1276OnDio4Irq   sx1276.o
    0x08004d44   0x08004d44   0x00000110   Code   RO           17    i.SX1276OnTimeoutIrq  sx1276.o
    0x08004e54   0x08004e54   0x00000040   Code   RO           18    i.SX1276Random      sx1276.o
    0x08004e94   0x08004e94   0x00000014   Code   RO           19    i.SX1276Read        sx1276.o
    0x08004ea8   0x08004ea8   0x00000040   Code   RO           20    i.SX1276ReadBuffer  sx1276.o
    0x08004ee8   0x08004ee8   0x00000012   Code   RO           21    i.SX1276ReadFifo    sx1276.o
    0x08004efa   0x08004efa   0x00000002   PAD
    0x08004efc   0x08004efc   0x00000054   Code   RO           22    i.SX1276ReadRssi    sx1276.o
    0x08004f50   0x08004f50   0x00000050   Code   RO           23    i.SX1276Reset       sx1276.o
    0x08004fa0   0x08004fa0   0x00000130   Code   RO           24    i.SX1276Send        sx1276.o
    0x080050d0   0x080050d0   0x0000006c   Code   RO          459    i.SX1276SetAntSw    mlm32l07x01.o
    0x0800513c   0x0800513c   0x00000014   Code   RO          460    i.SX1276SetAntSwLowPower  mlm32l07x01.o
    0x08005150   0x08005150   0x00000058   Code   RO           25    i.SX1276SetChannel  sx1276.o
    0x080051a8   0x080051a8   0x0000003c   Code   RO           26    i.SX1276SetMaxPayloadLength  sx1276.o
    0x080051e4   0x080051e4   0x0000009c   Code   RO           27    i.SX1276SetModem    sx1276.o
    0x08005280   0x08005280   0x00000070   Code   RO           28    i.SX1276SetOpMode   sx1276.o
    0x080052f0   0x080052f0   0x0000002c   Code   RO           29    i.SX1276SetPublicNetwork  sx1276.o
    0x0800531c   0x0800531c   0x000000ca   Code   RO          461    i.SX1276SetRfTxPower  mlm32l07x01.o
    0x080053e6   0x080053e6   0x00000002   PAD
    0x080053e8   0x080053e8   0x00000298   Code   RO           30    i.SX1276SetRx       sx1276.o
    0x08005680   0x08005680   0x0000031c   Code   RO           31    i.SX1276SetRxConfig  sx1276.o
    0x0800599c   0x0800599c   0x00000040   Code   RO           32    i.SX1276SetSleep    sx1276.o
    0x080059dc   0x080059dc   0x00000034   Code   RO           33    i.SX1276SetStby     sx1276.o
    0x08005a10   0x08005a10   0x000000d4   Code   RO           34    i.SX1276SetTx       sx1276.o
    0x08005ae4   0x08005ae4   0x00000270   Code   RO           35    i.SX1276SetTxConfig  sx1276.o
    0x08005d54   0x08005d54   0x00000088   Code   RO           36    i.SX1276SetTxContinuousWave  sx1276.o
    0x08005ddc   0x08005ddc   0x0000002c   Code   RO          462    i.SX1276SetXO       mlm32l07x01.o
    0x08005e08   0x08005e08   0x00000048   Code   RO           37    i.SX1276StartCad    sx1276.o
    0x08005e50   0x08005e50   0x00000010   Code   RO           38    i.SX1276Write       sx1276.o
    0x08005e60   0x08005e60   0x00000040   Code   RO           39    i.SX1276WriteBuffer  sx1276.o
    0x08005ea0   0x08005ea0   0x00000012   Code   RO           40    i.SX1276WriteFifo   sx1276.o
    0x08005eb2   0x08005eb2   0x00000002   PAD
    0x08005eb4   0x08005eb4   0x0000004c   Code   RO         4249    i.SpiFrequency      hw_spi.o
    0x08005f00   0x08005f00   0x00000008   Code   RO         4446    i.SysTick_Handler   mlm32l0xx_it.o
    0x08005f08   0x08005f08   0x000000a0   Code   RO         4556    i.SystemClock_Config  mlm32l0xx_hw.o
    0x08005fa8   0x08005fa8   0x00000068   Code   RO          618    i.SystemInit        system_stm32l0xx.o
    0x08006010   0x08006010   0x00000010   Code   RO         4657    i.TIM2_IRQHandler   rc5.o
    0x08006020   0x08006020   0x0000007c   Code   RO         2801    i.TIM_Base_SetConfig  stm32l0xx_hal_tim.o
    0x0800609c   0x0800609c   0x00000020   Code   RO         4928    i.TimerExists       timeserver.o
    0x080060bc   0x080060bc   0x00000010   Code   RO         4929    i.TimerGetCurrentTime  timeserver.o
    0x080060cc   0x080060cc   0x00000020   Code   RO         4930    i.TimerGetElapsedTime  timeserver.o
    0x080060ec   0x080060ec   0x00000012   Code   RO         4931    i.TimerInit         timeserver.o
    0x080060fe   0x080060fe   0x00000002   PAD
    0x08006100   0x08006100   0x00000024   Code   RO         4932    i.TimerInsertNewHeadTimer  timeserver.o
    0x08006124   0x08006124   0x00000034   Code   RO         4933    i.TimerInsertTimer  timeserver.o
    0x08006158   0x08006158   0x000000c4   Code   RO         4934    i.TimerIrqHandler   timeserver.o
    0x0800621c   0x0800621c   0x0000002a   Code   RO         4938    i.TimerSetTimeout   timeserver.o
    0x08006246   0x08006246   0x00000028   Code   RO         4939    i.TimerSetValue     timeserver.o
    0x0800626e   0x0800626e   0x00000002   PAD
    0x08006270   0x08006270   0x0000007c   Code   RO         4940    i.TimerStart        timeserver.o
    0x080062ec   0x080062ec   0x000000bc   Code   RO         4941    i.TimerStop         timeserver.o
    0x080063a8   0x080063a8   0x00000024   Code   RO         5158    i.TraceInit         trace.o
    0x080063cc   0x080063cc   0x0000008c   Code   RO         5159    i.TraceSend         trace.o
    0x08006458   0x08006458   0x00000058   Code   RO         5160    i.Trace_TxCpltCallback  trace.o
    0x080064b0   0x080064b0   0x000000f0   Code   RO         1007    i.UART_AdvFeatureConfig  stm32l0xx_hal_uart.o
    0x080065a0   0x080065a0   0x00000070   Code   RO         1008    i.UART_CheckIdleState  stm32l0xx_hal_uart.o
    0x08006610   0x08006610   0x00000018   Code   RO         1009    i.UART_DMAAbortOnError  stm32l0xx_hal_uart.o
    0x08006628   0x08006628   0x00000052   Code   RO         1010    i.UART_DMAError     stm32l0xx_hal_uart.o
    0x0800667a   0x0800667a   0x0000003a   Code   RO         1015    i.UART_DMATransmitCplt  stm32l0xx_hal_uart.o
    0x080066b4   0x080066b4   0x0000000e   Code   RO         1017    i.UART_DMATxHalfCplt  stm32l0xx_hal_uart.o
    0x080066c2   0x080066c2   0x00000024   Code   RO         1019    i.UART_EndRxTransfer  stm32l0xx_hal_uart.o
    0x080066e6   0x080066e6   0x00000020   Code   RO         1020    i.UART_EndTransmit_IT  stm32l0xx_hal_uart.o
    0x08006706   0x08006706   0x00000012   Code   RO         1021    i.UART_EndTxTransfer  stm32l0xx_hal_uart.o
    0x08006718   0x08006718   0x00000400   Code   RO         1024    i.UART_SetConfig    stm32l0xx_hal_uart.o
    0x08006b18   0x08006b18   0x0000006c   Code   RO         1027    i.UART_WaitOnFlagUntilTimeout  stm32l0xx_hal_uart.o
    0x08006b84   0x08006b84   0x00000008   Code   RO         4447    i.USART2_IRQHandler  mlm32l0xx_it.o
    0x08006b8c   0x08006b8c   0x0000002c   Code   RO         5241    i.__0vsnprintf      mc_p.l(printfa.o)
    0x08006bb8   0x08006bb8   0x0000002e   Code   RO         5321    i.__ARM_clz         mf_p.l(depilogue.o)
    0x08006be6   0x08006be6   0x00000030   Code   RO         1320    i.__ARM_common_ll_muluu  stm32l0xx_hal_uart.o
    0x08006c16   0x08006c16   0x0000001c   Code   RO          245    i.__ARM_common_switch8  sx1276.o
    0x08006c32   0x08006c32   0x00000002   PAD
    0x08006c34   0x08006c34   0x00000078   Code   RO         1931    i.__NVIC_SetPriority  stm32l0xx_hal_cortex.o
    0x08006cac   0x08006cac   0x0000000e   Code   RO         5335    i.__scatterload_copy  mc_p.l(handlers.o)
    0x08006cba   0x08006cba   0x00000002   Code   RO         5336    i.__scatterload_null  mc_p.l(handlers.o)
    0x08006cbc   0x08006cbc   0x0000000e   Code   RO         5337    i.__scatterload_zeroinit  mc_p.l(handlers.o)
    0x08006cca   0x08006cca   0x00000006   Code   RO         4943    i.__set_PRIMASK     timeserver.o
    0x08006cd0   0x08006cd0   0x00000006   Code   RO         5161    i.__set_PRIMASK     trace.o
    0x08006cd6   0x08006cd6   0x00000002   PAD
    0x08006cd8   0x08006cd8   0x00000174   Code   RO         5243    i._fp_digits        mc_p.l(printfa.o)
    0x08006e4c   0x08006e4c   0x000006ec   Code   RO         5244    i._printf_core      mc_p.l(printfa.o)
    0x08007538   0x08007538   0x00000020   Code   RO         5245    i._printf_post_padding  mc_p.l(printfa.o)
    0x08007558   0x08007558   0x0000002c   Code   RO         5246    i._printf_pre_padding  mc_p.l(printfa.o)
    0x08007584   0x08007584   0x00000016   Code   RO         5247    i._snputc           mc_p.l(printfa.o)
    0x0800759a   0x0800759a   0x00000032   Code   RO         5101    i.add_elementSize_and_inc_writeIdx  queue.o
    0x080075cc   0x080075cc   0x000000c8   Code   RO         5209    i.ceil              m_ps.l(ceil.o)
    0x08007694   0x08007694   0x000000dc   Code   RO         5102    i.circular_queue_add  queue.o
    0x08007770   0x08007770   0x0000004c   Code   RO         5103    i.circular_queue_get  queue.o
    0x080077bc   0x080077bc   0x0000002a   Code   RO         5104    i.circular_queue_get_free_size  queue.o
    0x080077e6   0x080077e6   0x00000010   Code   RO         5105    i.circular_queue_init  queue.o
    0x080077f6   0x080077f6   0x00000060   Code   RO         5106    i.circular_queue_remove  queue.o
    0x08007856   0x08007856   0x00000010   Code   RO         5107    i.circular_queue_sense  queue.o
    0x08007866   0x08007866   0x00000008   Code   RO         4814    i.display_init      display.o
    0x0800786e   0x0800786e   0x000000c2   Code   RO         4815    i.display_set_temp  display.o
    0x08007930   0x08007930   0x000000c8   Code   RO         5213    i.floor             m_ps.l(floor.o)
    0x080079f8   0x080079f8   0x00000168   Code   RO         4727    i.main              main_master.o
    0x08007b60   0x08007b60   0x00000018   Code   RO         5036    i.memcpy1           utilities.o
    0x08007b78   0x08007b78   0x00000018   Code   RO         5108    i.queue_copy        queue.o
    0x08007b90   0x08007b90   0x000000ac   Code   RO         4658    i.rc5_init          rc5.o
    0x08007c3c   0x08007c3c   0x00000010   Code   RO         4659    i.rc5_ir_output_off  rc5.o
    0x08007c4c   0x08007c4c   0x00000010   Code   RO         4660    i.rc5_ir_output_on  rc5.o
    0x08007c5c   0x08007c5c   0x00000058   Code   RO         4661    i.rc5_send_command  rc5.o
    0x08007cb4   0x08007cb4   0x0000009c   Code   RO         5216    i.round             m_ps.l(round.o)
    0x08007d50   0x08007d50   0x00000010   Code   RO         4298    i.vcom_DMA_TX_IRQHandler  vcom.o
    0x08007d60   0x08007d60   0x00000010   Code   RO         4300    i.vcom_IRQHandler   vcom.o
    0x08007d70   0x08007d70   0x00000040   Code   RO         4301    i.vcom_Init         vcom.o
    0x08007db0   0x08007db0   0x0000007c   Code   RO         4303    i.vcom_IoInit       vcom.o
    0x08007e2c   0x08007e2c   0x00000018   Code   RO         4304    i.vcom_Trace        vcom.o
    0x08007e44   0x08007e44   0x000000e0   Data   RO           42    .constdata          sx1276.o
    0x08007f24   0x08007f24   0x00000074   Data   RO          463    .constdata          mlm32l07x01.o
    0x08007f98   0x08007f98   0x0000000b   Data   RO          557    .constdata          b-l072z-lrwan1.o
    0x08007fa3   0x08007fa3   0x00000021   Data   RO          619    .constdata          system_stm32l0xx.o
    0x08007fc4   0x08007fc4   0x00000018   Data   RO         4099    .constdata          hw_rtc.o
    0x08007fdc   0x08007fdc   0x00000020   Data   RO         5333    Region$$Table       anon$$obj.o


    Execution Region RW_IRAM1 (Exec base: 0x20000000, Load base: 0x08007ffc, Size: 0x00000a30, Max: 0x00005000, ABSOLUTE)

    Exec Addr    Load Addr    Size         Type   Attr      Idx    E Section Name        Object

    0x20000000   0x08007ffc   0x00000020   Data   RW           43    .data               sx1276.o
    0x20000020   0x0800801c   0x00000018   Data   RW          464    .data               mlm32l07x01.o
    0x20000038   0x08008034   0x00000014   Data   RW          558    .data               b-l072z-lrwan1.o
    0x2000004c   0x08008048   0x00000004   Data   RW          620    .data               system_stm32l0xx.o
    0x20000050   0x0800804c   0x00000004   Data   RW         1756    .data               stm32l0xx_hal.o
    0x20000054   0x08008050   0x00000004   Data   RW         4100    .data               hw_rtc.o
    0x20000058   0x08008054   0x00000004   Data   RW         4306    .data               vcom.o
    0x2000005c   0x08008058   0x00000002   Data   RW         4558    .data               mlm32l0xx_hw.o
    0x2000005e   0x0800805a   0x00000008   Data   RW         4663    .data               rc5.o
    0x20000066   0x08008062   0x00000009   Data   RW         4729    .data               main_master.o
    0x2000006f   0x0800806b   0x00000001   PAD
    0x20000070   0x0800806c   0x00000008   Data   RW         4862    .data               low_power_manager.o
    0x20000078   0x08008074   0x00000004   Data   RW         4944    .data               timeserver.o
    0x2000007c   0x08008078   0x00000001   Data   RW         5163    .data               trace.o
    0x2000007d   0x08008079   0x00000003   PAD
    0x20000080        -       0x000001b0   Zero   RW           41    .bss                sx1276.o
    0x20000230        -       0x00000040   Zero   RW         4031    .bss                hw_gpio.o
    0x20000270        -       0x00000068   Zero   RW         4098    .bss                hw_rtc.o
    0x200002d8        -       0x00000058   Zero   RW         4250    .bss                hw_spi.o
    0x20000330        -       0x000000c8   Zero   RW         4305    .bss                vcom.o
    0x200003f8        -       0x0000005c   Zero   RW         4557    .bss                mlm32l0xx_hw.o
    0x20000454        -       0x0000003c   Zero   RW         4662    .bss                rc5.o
    0x20000490        -       0x0000008c   Zero   RW         4728    .bss                main_master.o
    0x2000051c        -       0x00000110   Zero   RW         5162    .bss                trace.o
    0x2000062c   0x08008079   0x00000004   PAD
    0x20000630        -       0x00000400   Zero   RW         3990    STACK               startup_stm32l072xx.o


==============================================================================

Image component sizes


      Code (inc. data)   RO Data    RW Data    ZI Data      Debug   Object Name

       264         28         11         20          0       3604   b-l072z-lrwan1.o
        32         18          0          0          0        516   debug.o
       202          0          0          0          0       1306   display.o
       432         38          0          0         64       4325   hw_gpio.o
      1180        128         24          4        104      31867   hw_rtc.o
       320         30          0          0         88       2785   hw_spi.o
       184         18          0          8          0       3117   low_power_manager.o
      1026        306          0          9        140       8778   main_master.o
       850         58        116         24          0      14769   mlm32l07x01.o
       366         16          0          0          0       4832   mlm32l0xx_hal_msp.o
       608         60          0          2         92       6566   mlm32l0xx_hw.o
       168          0          0          0          0       5881   mlm32l0xx_it.o
       540          0          0          0          0       7603   queue.o
       584         62          0          8         60       5411   rc5.o
        28          8        192          0       1024        680   startup_stm32l072xx.o
        72         16          0          4          0       3088   stm32l0xx_hal.o
       574         10          0          0          0       2237   stm32l0xx_hal_adc.o
       166         16          0          0          0      11852   stm32l0xx_hal_cortex.o
       724         10          0          0          0       4774   stm32l0xx_hal_dma.o
       548         38          0          0          0       3335   stm32l0xx_hal_gpio.o
        20          6          0          0          0        605   stm32l0xx_hal_pwr.o
        40          8          0          0          0       1265   stm32l0xx_hal_pwr_ex.o
      2592        102          0          0          0       7028   stm32l0xx_hal_rcc.o
       620         14          0          0          0       1744   stm32l0xx_hal_rcc_ex.o
      2090         42          0          0          0      10426   stm32l0xx_hal_rtc.o
        88          0          0          0          0       1807   stm32l0xx_hal_rtc_ex.o
      1006          0          0          0          0       5523   stm32l0xx_hal_spi.o
       662         20          0          0          0       7038   stm32l0xx_hal_tim.o
      2602         78          0          0          0      13882   stm32l0xx_hal_uart.o
         2          0          0          0          0       1180   stm32l0xx_hal_uart_ex.o
      7120        428        224         32        432     469467   sx1276.o
       104         16         33          4          0       1779   system_stm32l0xx.o
       782         32          0          4          0      10511   timeserver.o
       270         32          0          1        272       4807   trace.o
        24          0          0          0          0       1362   utilities.o
       476         54          0          4        200       5135   vcom.o

    ----------------------------------------------------------------------
     27410       1692        632        128       2480     670885   Object Totals
         0          0         32          0          0          0   (incl. Generated)
        44          0          0          4          4          0   (incl. Padding)

    ----------------------------------------------------------------------

      Code (inc. data)   RO Data    RW Data    ZI Data      Debug   Library Member Name

       200         20          0          0          0         76   ceil.o
       200         20          0          0          0         76   floor.o
       156         14          0          0          0         84   round.o
         0          0          0          0          0          0   entry.o
         0          0          0          0          0          0   entry10a.o
         0          0          0          0          0          0   entry11a.o
         8          4          0          0          0          0   entry2.o
         4          0          0          0          0          0   entry5.o
         0          0          0          0          0          0   entry7b.o
         0          0          0          0          0          0   entry8b.o
         8          4          0          0          0          0   entry9a.o
        30          0          0          0          0          0   handlers.o
        40          0          0          0          0         72   idiv.o
        36          8          0          0          0         68   init.o
         0          0          0          0          0          0   iusefp.o
        32          0          0          0          0         68   llshl.o
        38          0          0          0          0         68   llsshr.o
        34          0          0          0          0         68   llushr.o
        36          0          0          0          0         60   memcpya.o
        36          0          0          0          0        100   memseta.o
      2286         94          0          0          0        460   printfa.o
        44          0          0          0          0         72   uidiv.o
        96          0          0          0          0         84   uldiv.o
        40          2          0          0          0         68   cdcmple.o
        40          2          0          0          0         68   cdrcmple.o
       356          4          0          0          0        140   dadd.o
       240          6          0          0          0         84   ddiv.o
       236          0          0          0          0        216   depilogue.o
        60         10          0          0          0         68   dfixui.o
        64         10          0          0          0         68   dfixul.o
        40          6          0          0          0         68   dflti.o
        28          4          0          0          0         68   dfltui.o
       208          6          0          0          0         88   dmul.o
       124         10          0          0          0         76   drnd.o

    ----------------------------------------------------------------------
      4722        224          0          0          0       2368   Library Totals
         2          0          0          0          0          0   (incl. Padding)

    ----------------------------------------------------------------------

      Code (inc. data)   RO Data    RW Data    ZI Data      Debug   Library Name

       556         54          0          0          0        236   m_ps.l
      2728        110          0          0          0       1120   mc_p.l
      1436         60          0          0          0       1012   mf_p.l

    ----------------------------------------------------------------------
      4722        224          0          0          0       2368   Library Totals

    ----------------------------------------------------------------------

==============================================================================


      Code (inc. data)   RO Data    RW Data    ZI Data      Debug   

     32132       1916        632        128       2480     662389   Grand Totals
     32132       1916        632        128       2480     662389   ELF Image Totals
     32132       1916        632        128          0          0   ROM Totals

==============================================================================

    Total RO  Size (Code + RO Data)                32764 (  32.00kB)
    Total RW  Size (RW Data + ZI Data)              2608 (   2.55kB)
    Total ROM Size (Code + RO Data + RW Data)      32892 (  32.12kB)

==============================================================================

